[ 11%] Built target motor_control__cpp
[ 11%] Built target motor_control__rosidl_generator_c
[ 11%] Built target ament_cmake_python_copy_motor_control
[ 20%] Built target motor_control__rosidl_typesupport_introspection_c
[ 30%] Built target motor_control__rosidl_typesupport_c
[ 39%] Built target motor_control__rosidl_typesupport_fastrtps_c
[ 49%] Built target motor_control__rosidl_typesupport_fastrtps_cpp
[ 58%] Built target motor_control__rosidl_typesupport_introspection_cpp
[ 68%] Built target motor_control__rosidl_typesupport_cpp
[35m[1mConsolidate compiler generated dependencies of target communication_node[0m
[ 71%] Built target control_node
[ 71%] Built target motor_control
[35m[1mConsolidate compiler generated dependencies of target observe_node[0m
[ 74%] Built target communication_node
[ 76%] [32mBuilding CXX object CMakeFiles/gpio_node.dir/src/gpio_node.cpp.o[0m
[ 80%] Built target motor_control__py
[ 80%] Built target observe_node
[ 88%] Built target motor_control__rosidl_generator_py
[ 92%] Built target motor_control__rosidl_typesupport_introspection_c__pyext
[ 95%] Built target motor_control__rosidl_typesupport_fastrtps_c__pyext
[ 98%] Built target motor_control__rosidl_typesupport_c__pyext
running egg_info
writing motor_control.egg-info/PKG-INFO
writing dependency_links to motor_control.egg-info/dependency_links.txt
writing top-level names to motor_control.egg-info/top_level.txt
reading manifest file 'motor_control.egg-info/SOURCES.txt'
writing manifest file 'motor_control.egg-info/SOURCES.txt'
[ 98%] Built target ament_cmake_python_build_motor_control_egg
In file included from [01m[K/opt/ros/humble/include/rclcpp/rclcpp/client.hpp:40[m[K,
                 from [01m[K/opt/ros/humble/include/rclcpp/rclcpp/callback_group.hpp:24[m[K,
                 from [01m[K/opt/ros/humble/include/rclcpp/rclcpp/any_executable.hpp:20[m[K,
                 from [01m[K/opt/ros/humble/include/rclcpp/rclcpp/memory_strategy.hpp:25[m[K,
                 from [01m[K/opt/ros/humble/include/rclcpp/rclcpp/memory_strategies.hpp:18[m[K,
                 from [01m[K/opt/ros/humble/include/rclcpp/rclcpp/executor_options.hpp:20[m[K,
                 from [01m[K/opt/ros/humble/include/rclcpp/rclcpp/executor.hpp:37[m[K,
                 from [01m[K/opt/ros/humble/include/rclcpp/rclcpp/executors/multi_threaded_executor.hpp:25[m[K,
                 from [01m[K/opt/ros/humble/include/rclcpp/rclcpp/executors.hpp:21[m[K,
                 from [01m[K/opt/ros/humble/include/rclcpp/rclcpp/rclcpp.hpp:155[m[K,
                 from [01m[K/home/mowmow/workspace/CatchRobo-r08/src/motor_control/src/gpio_node.cpp:2[m[K:
[01m[K/home/mowmow/workspace/CatchRobo-r08/src/motor_control/src/gpio_node.cpp:[m[K In member function ‘[01m[Kvoid GpioNode::full_toggle(std_msgs::msg::Bool_<std::allocator<void> >::SharedPtr)[m[K’:
[01m[K/home/mowmow/workspace/CatchRobo-r08/src/motor_control/src/gpio_node.cpp:105:7:[m[K [01;31m[Kerror: [m[Kinvalid use of non-static member function ‘[01m[Krclcpp::Logger rclcpp::Node::get_logger() const[m[K’
  105 |       [01;31m[KRCLCPP_INFO[m[K(get_logger, gpiod_line_set_value(line_outs[i], v));
      |       [01;31m[K^~~~~~~~~~~[m[K
In file included from [01m[K/opt/ros/humble/include/rclcpp/rclcpp/executors/single_threaded_executor.hpp:28[m[K,
                 from [01m[K/opt/ros/humble/include/rclcpp/rclcpp/executors.hpp:22[m[K,
                 from [01m[K/opt/ros/humble/include/rclcpp/rclcpp/rclcpp.hpp:155[m[K,
                 from [01m[K/home/mowmow/workspace/CatchRobo-r08/src/motor_control/src/gpio_node.cpp:2[m[K:
[01m[K/opt/ros/humble/include/rclcpp/rclcpp/node.hpp:142:3:[m[K [01;36m[Knote: [m[Kdeclared here
  142 |   [01;36m[Kget_logger[m[K() const;
      |   [01;36m[K^~~~~~~~~~[m[K
In file included from [01m[K/opt/ros/humble/include/rclcpp/rclcpp/client.hpp:40[m[K,
                 from [01m[K/opt/ros/humble/include/rclcpp/rclcpp/callback_group.hpp:24[m[K,
                 from [01m[K/opt/ros/humble/include/rclcpp/rclcpp/any_executable.hpp:20[m[K,
                 from [01m[K/opt/ros/humble/include/rclcpp/rclcpp/memory_strategy.hpp:25[m[K,
                 from [01m[K/opt/ros/humble/include/rclcpp/rclcpp/memory_strategies.hpp:18[m[K,
                 from [01m[K/opt/ros/humble/include/rclcpp/rclcpp/executor_options.hpp:20[m[K,
                 from [01m[K/opt/ros/humble/include/rclcpp/rclcpp/executor.hpp:37[m[K,
                 from [01m[K/opt/ros/humble/include/rclcpp/rclcpp/executors/multi_threaded_executor.hpp:25[m[K,
                 from [01m[K/opt/ros/humble/include/rclcpp/rclcpp/executors.hpp:21[m[K,
                 from [01m[K/opt/ros/humble/include/rclcpp/rclcpp/rclcpp.hpp:155[m[K,
                 from [01m[K/home/mowmow/workspace/CatchRobo-r08/src/motor_control/src/gpio_node.cpp:2[m[K:
[01m[K/home/mowmow/workspace/CatchRobo-r08/src/motor_control/src/gpio_node.cpp:105:7:[m[K [01;31m[Kerror: [m[Ktemplate argument 1 is invalid
  105 |       [01;31m[KRCLCPP_INFO[m[K(get_logger, gpiod_line_set_value(line_outs[i], v));
      |       [01;31m[K^~~~~~~~~~~[m[K
[01m[K/home/mowmow/workspace/CatchRobo-r08/src/motor_control/src/gpio_node.cpp:105:7:[m[K [01;31m[Kerror: [m[Ktemplate argument 1 is invalid
  105 |       [01;31m[KRCLCPP_INFO[m[K(get_logger, gpiod_line_set_value(line_outs[i], v));
      |       [01;31m[K^~~~~~~~~~~[m[K
[01m[K/home/mowmow/workspace/CatchRobo-r08/src/motor_control/src/gpio_node.cpp:105:7:[m[K [01;31m[Kerror: [m[Ktemplate argument 1 is invalid
  105 |       [01;31m[KRCLCPP_INFO[m[K(get_logger, gpiod_line_set_value(line_outs[i], v));
      |       [01;31m[K^~~~~~~~~~~[m[K
In file included from [01m[K/opt/ros/humble/include/rclcpp/rclcpp/logging.hpp:24[m[K,
                 from [01m[K/opt/ros/humble/include/rclcpp/rclcpp/client.hpp:40[m[K,
                 from [01m[K/opt/ros/humble/include/rclcpp/rclcpp/callback_group.hpp:24[m[K,
                 from [01m[K/opt/ros/humble/include/rclcpp/rclcpp/any_executable.hpp:20[m[K,
                 from [01m[K/opt/ros/humble/include/rclcpp/rclcpp/memory_strategy.hpp:25[m[K,
                 from [01m[K/opt/ros/humble/include/rclcpp/rclcpp/memory_strategies.hpp:18[m[K,
                 from [01m[K/opt/ros/humble/include/rclcpp/rclcpp/executor_options.hpp:20[m[K,
                 from [01m[K/opt/ros/humble/include/rclcpp/rclcpp/executor.hpp:37[m[K,
                 from [01m[K/opt/ros/humble/include/rclcpp/rclcpp/executors/multi_threaded_executor.hpp:25[m[K,
                 from [01m[K/opt/ros/humble/include/rclcpp/rclcpp/executors.hpp:21[m[K,
                 from [01m[K/opt/ros/humble/include/rclcpp/rclcpp/rclcpp.hpp:155[m[K,
                 from [01m[K/home/mowmow/workspace/CatchRobo-r08/src/motor_control/src/gpio_node.cpp:2[m[K:
[01m[K/home/mowmow/workspace/CatchRobo-r08/src/motor_control/src/gpio_node.cpp:105:19:[m[K [01;31m[Kerror: [m[Kinvalid use of member function ‘[01m[Krclcpp::Logger rclcpp::Node::get_logger() const[m[K’ (did you forget the ‘[01m[K()[m[K’ ?)
  105 |       RCLCPP_INFO([01;31m[Kg[m[Ket_logger, gpiod_line_set_value(line_outs[i], v));
      |                   [01;31m[K^[m[K
[01m[K/home/mowmow/workspace/CatchRobo-r08/src/motor_control/src/gpio_node.cpp:105:19:[m[K [01;31m[Kerror: [m[Kinvalid use of member function ‘[01m[Krclcpp::Logger rclcpp::Node::get_logger() const[m[K’ (did you forget the ‘[01m[K()[m[K’ ?)
  105 |       RCLCPP_INFO([01;31m[Kg[m[Ket_logger, gpiod_line_set_value(line_outs[i], v));
      |                   [01;31m[K^[m[K
gmake[2]: *** [CMakeFiles/gpio_node.dir/build.make:76: CMakeFiles/gpio_node.dir/src/gpio_node.cpp.o] Error 1
gmake[1]: *** [CMakeFiles/Makefile2:680: CMakeFiles/gpio_node.dir/all] Error 2
gmake: *** [Makefile:146: all] Error 2
