[35m[1mConsolidate compiler generated dependencies of target motor_control__rosidl_generator_c[0m
[  1%] Built target motor_control__cpp
[ 11%] Built target motor_control__rosidl_generator_c
[35m[1mConsolidate compiler generated dependencies of target motor_control__rosidl_typesupport_cpp[0m
[35m[1mConsolidate compiler generated dependencies of target motor_control__rosidl_typesupport_fastrtps_cpp[0m
[ 11%] Built target ament_cmake_python_copy_motor_control
[35m[1mConsolidate compiler generated dependencies of target motor_control__rosidl_typesupport_introspection_cpp[0m
[35m[1mConsolidate compiler generated dependencies of target motor_control__rosidl_typesupport_fastrtps_c[0m
[ 20%] Built target motor_control__rosidl_typesupport_cpp
[ 30%] Built target motor_control__rosidl_typesupport_introspection_cpp
[ 39%] Built target motor_control__rosidl_typesupport_fastrtps_cpp
[35m[1mConsolidate compiler generated dependencies of target motor_control__rosidl_typesupport_introspection_c[0m
[ 49%] Built target motor_control__rosidl_typesupport_fastrtps_c
[35m[1mConsolidate compiler generated dependencies of target motor_control__rosidl_typesupport_c[0m
[ 58%] Built target motor_control__rosidl_typesupport_introspection_c
[35m[1mConsolidate compiler generated dependencies of target communication_node[0m
[35m[1mConsolidate compiler generated dependencies of target control_node[0m
[ 68%] Built target motor_control__rosidl_typesupport_c
[ 71%] Built target communication_node
[35m[1mConsolidate compiler generated dependencies of target observe_node[0m
[35m[1mConsolidate compiler generated dependencies of target gpio_node[0m
[ 74%] Built target control_node
[ 76%] [32mBuilding CXX object CMakeFiles/gpio_node.dir/src/gpio_node.cpp.o[0m
[ 79%] Built target observe_node
[ 79%] Built target motor_control
[ 80%] [34m[1mGenerating Python code for ROS interfaces[0m
running egg_info
writing motor_control.egg-info/PKG-INFO
writing dependency_links to motor_control.egg-info/dependency_links.txt
writing top-level names to motor_control.egg-info/top_level.txt
reading manifest file 'motor_control.egg-info/SOURCES.txt'
writing manifest file 'motor_control.egg-info/SOURCES.txt'
[ 80%] Built target ament_cmake_python_build_motor_control_egg
[ 80%] Built target motor_control__py
[ 82%] [32mBuilding C object CMakeFiles/motor_control__rosidl_generator_py.dir/rosidl_generator_py/motor_control/msg/_return_at_s.c.o[0m
[ 84%] [32mBuilding C object CMakeFiles/motor_control__rosidl_generator_py.dir/rosidl_generator_py/motor_control/msg/_send_array_s.c.o[0m
[ 85%] [32mBuilding C object CMakeFiles/motor_control__rosidl_generator_py.dir/rosidl_generator_py/motor_control/msg/_send_at_s.c.o[0m
[ 87%] [32mBuilding C object CMakeFiles/motor_control__rosidl_generator_py.dir/rosidl_generator_py/motor_control/msg/_gpio_cmd_s.c.o[0m
[ 88%] [32m[1mLinking C shared library rosidl_generator_py/motor_control/libmotor_control__rosidl_generator_py.so[0m
[ 88%] Built target motor_control__rosidl_generator_py
[ 90%] [32mBuilding C object CMakeFiles/motor_control__rosidl_typesupport_fastrtps_c__pyext.dir/rosidl_generator_py/motor_control/_motor_control_s.ep.rosidl_typesupport_fastrtps_c.c.o[0m
[ 92%] [32mBuilding C object CMakeFiles/motor_control__rosidl_typesupport_c__pyext.dir/rosidl_generator_py/motor_control/_motor_control_s.ep.rosidl_typesupport_c.c.o[0m
[ 93%] [32mBuilding C object CMakeFiles/motor_control__rosidl_typesupport_introspection_c__pyext.dir/rosidl_generator_py/motor_control/_motor_control_s.ep.rosidl_typesupport_introspection_c.c.o[0m
[ 95%] [32m[1mLinking C shared library rosidl_generator_py/motor_control/motor_control_s__rosidl_typesupport_c.cpython-310-aarch64-linux-gnu.so[0m
[ 96%] [32m[1mLinking C shared library rosidl_generator_py/motor_control/motor_control_s__rosidl_typesupport_fastrtps_c.cpython-310-aarch64-linux-gnu.so[0m
[ 98%] [32m[1mLinking C shared library rosidl_generator_py/motor_control/motor_control_s__rosidl_typesupport_introspection_c.cpython-310-aarch64-linux-gnu.so[0m
[ 98%] Built target motor_control__rosidl_typesupport_c__pyext
[ 98%] Built target motor_control__rosidl_typesupport_fastrtps_c__pyext
[ 98%] Built target motor_control__rosidl_typesupport_introspection_c__pyext
