[0.441s] DEBUG:colcon:Command line arguments: ['/usr/bin/colcon', 'build', '--packages-select', 'motor_control']
[0.442s] DEBUG:colcon:Parsed command line arguments: Namespace(log_base=None, log_level=None, verb_name='build', build_base='build', install_base='install', merge_install=False, symlink_install=False, test_result_base=None, continue_on_error=False, executor='parallel', parallel_workers=4, event_handlers=None, ignore_user_meta=False, metas=['./colcon.meta'], base_paths=['.'], packages_ignore=None, packages_ignore_regex=None, paths=None, packages_up_to=None, packages_up_to_regex=None, packages_above=None, packages_above_and_dependencies=None, packages_above_depth=None, packages_select_by_dep=None, packages_skip_by_dep=None, packages_skip_up_to=None, packages_select_build_failed=False, packages_skip_build_finished=False, packages_select_test_failures=False, packages_skip_test_passed=False, packages_select=['motor_control'], packages_skip=None, packages_select_regex=None, packages_skip_regex=None, packages_start=None, packages_end=None, allow_overriding=[], cmake_args=None, cmake_target=None, cmake_target_skip_unavailable=False, cmake_clean_cache=False, cmake_clean_first=False, cmake_force_configure=False, ament_cmake_args=None, catkin_cmake_args=None, catkin_skip_building_tests=False, mixin_files=None, mixin=None, verb_parser=<colcon_mixin.mixin.mixin_argument.MixinArgumentDecorator object at 0xffff999ac9a0>, verb_extension=<colcon_core.verb.build.BuildVerb object at 0xffff99ab1ea0>, main=<bound method BuildVerb.main of <colcon_core.verb.build.BuildVerb object at 0xffff99ab1ea0>>, mixin_verb=('build',))
[1.182s] Level 1:colcon.colcon_core.package_discovery:discover_packages(colcon_meta) check parameters
[1.183s] Level 1:colcon.colcon_core.package_discovery:discover_packages(recursive) check parameters
[1.183s] Level 1:colcon.colcon_core.package_discovery:discover_packages(ignore) check parameters
[1.183s] Level 1:colcon.colcon_core.package_discovery:discover_packages(path) check parameters
[1.183s] Level 1:colcon.colcon_core.package_discovery:discover_packages(colcon_meta) discover
[1.184s] Level 1:colcon.colcon_core.package_discovery:discover_packages(recursive) discover
[1.184s] INFO:colcon.colcon_core.package_discovery:Crawling recursively for packages in '/home/mowmow/workspace/CatchRobo-r08'
[1.185s] Level 1:colcon.colcon_core.package_identification:_identify(.) by extensions ['ignore', 'ignore_ament_install']
[1.185s] Level 1:colcon.colcon_core.package_identification:_identify(.) by extension 'ignore'
[1.186s] Level 1:colcon.colcon_core.package_identification:_identify(.) by extension 'ignore_ament_install'
[1.186s] Level 1:colcon.colcon_core.package_identification:_identify(.) by extensions ['colcon_pkg']
[1.186s] Level 1:colcon.colcon_core.package_identification:_identify(.) by extension 'colcon_pkg'
[1.186s] Level 1:colcon.colcon_core.package_identification:_identify(.) by extensions ['colcon_meta']
[1.186s] Level 1:colcon.colcon_core.package_identification:_identify(.) by extension 'colcon_meta'
[1.187s] Level 1:colcon.colcon_core.package_identification:_identify(.) by extensions ['ros']
[1.187s] Level 1:colcon.colcon_core.package_identification:_identify(.) by extension 'ros'
[1.235s] Level 1:colcon.colcon_core.package_identification:_identify(.) by extensions ['cmake', 'python']
[1.236s] Level 1:colcon.colcon_core.package_identification:_identify(.) by extension 'cmake'
[1.236s] Level 1:colcon.colcon_core.package_identification:_identify(.) by extension 'python'
[1.236s] Level 1:colcon.colcon_core.package_identification:_identify(.) by extensions ['python_setup_py']
[1.236s] Level 1:colcon.colcon_core.package_identification:_identify(.) by extension 'python_setup_py'
[1.237s] Level 1:colcon.colcon_core.package_identification:_identify(build) by extensions ['ignore', 'ignore_ament_install']
[1.237s] Level 1:colcon.colcon_core.package_identification:_identify(build) by extension 'ignore'
[1.237s] Level 1:colcon.colcon_core.package_identification:_identify(build) ignored
[1.238s] Level 1:colcon.colcon_core.package_identification:_identify(install) by extensions ['ignore', 'ignore_ament_install']
[1.238s] Level 1:colcon.colcon_core.package_identification:_identify(install) by extension 'ignore'
[1.239s] Level 1:colcon.colcon_core.package_identification:_identify(install) ignored
[1.240s] Level 1:colcon.colcon_core.package_identification:_identify(log) by extensions ['ignore', 'ignore_ament_install']
[1.241s] Level 1:colcon.colcon_core.package_identification:_identify(log) by extension 'ignore'
[1.241s] Level 1:colcon.colcon_core.package_identification:_identify(log) ignored
[1.241s] Level 1:colcon.colcon_core.package_identification:_identify(src) by extensions ['ignore', 'ignore_ament_install']
[1.242s] Level 1:colcon.colcon_core.package_identification:_identify(src) by extension 'ignore'
[1.242s] Level 1:colcon.colcon_core.package_identification:_identify(src) by extension 'ignore_ament_install'
[1.242s] Level 1:colcon.colcon_core.package_identification:_identify(src) by extensions ['colcon_pkg']
[1.242s] Level 1:colcon.colcon_core.package_identification:_identify(src) by extension 'colcon_pkg'
[1.242s] Level 1:colcon.colcon_core.package_identification:_identify(src) by extensions ['colcon_meta']
[1.243s] Level 1:colcon.colcon_core.package_identification:_identify(src) by extension 'colcon_meta'
[1.243s] Level 1:colcon.colcon_core.package_identification:_identify(src) by extensions ['ros']
[1.243s] Level 1:colcon.colcon_core.package_identification:_identify(src) by extension 'ros'
[1.243s] Level 1:colcon.colcon_core.package_identification:_identify(src) by extensions ['cmake', 'python']
[1.243s] Level 1:colcon.colcon_core.package_identification:_identify(src) by extension 'cmake'
[1.244s] Level 1:colcon.colcon_core.package_identification:_identify(src) by extension 'python'
[1.244s] Level 1:colcon.colcon_core.package_identification:_identify(src) by extensions ['python_setup_py']
[1.244s] Level 1:colcon.colcon_core.package_identification:_identify(src) by extension 'python_setup_py'
[1.244s] Level 1:colcon.colcon_core.package_identification:_identify(src/motor_control) by extensions ['ignore', 'ignore_ament_install']
[1.245s] Level 1:colcon.colcon_core.package_identification:_identify(src/motor_control) by extension 'ignore'
[1.245s] Level 1:colcon.colcon_core.package_identification:_identify(src/motor_control) by extension 'ignore_ament_install'
[1.245s] Level 1:colcon.colcon_core.package_identification:_identify(src/motor_control) by extensions ['colcon_pkg']
[1.245s] Level 1:colcon.colcon_core.package_identification:_identify(src/motor_control) by extension 'colcon_pkg'
[1.246s] Level 1:colcon.colcon_core.package_identification:_identify(src/motor_control) by extensions ['colcon_meta']
[1.246s] Level 1:colcon.colcon_core.package_identification:_identify(src/motor_control) by extension 'colcon_meta'
[1.246s] Level 1:colcon.colcon_core.package_identification:_identify(src/motor_control) by extensions ['ros']
[1.246s] Level 1:colcon.colcon_core.package_identification:_identify(src/motor_control) by extension 'ros'
[1.256s] DEBUG:colcon.colcon_core.package_identification:Package 'src/motor_control' with type 'ros.ament_cmake' and name 'motor_control'
[1.256s] Level 1:colcon.colcon_core.package_discovery:discover_packages(recursive) using defaults
[1.256s] Level 1:colcon.colcon_core.package_discovery:discover_packages(ignore) discover
[1.256s] Level 1:colcon.colcon_core.package_discovery:discover_packages(ignore) using defaults
[1.256s] Level 1:colcon.colcon_core.package_discovery:discover_packages(path) discover
[1.256s] Level 1:colcon.colcon_core.package_discovery:discover_packages(path) using defaults
[1.332s] Level 1:colcon.colcon_core.package_discovery:discover_packages(prefix_path) check parameters
[1.332s] Level 1:colcon.colcon_core.package_discovery:discover_packages(prefix_path) discover
[1.340s] DEBUG:colcon.colcon_installed_package_information.package_discovery:Found 1 installed packages in /home/mowmow/workspace/CatchRobo-r08/install
[1.347s] DEBUG:colcon.colcon_installed_package_information.package_discovery:Found 206 installed packages in /opt/ros/humble
[1.352s] Level 1:colcon.colcon_core.package_discovery:discover_packages(prefix_path) using defaults
[1.510s] Level 5:colcon.colcon_core.verb:set package 'motor_control' build argument 'cmake_args' from command line to 'None'
[1.511s] Level 5:colcon.colcon_core.verb:set package 'motor_control' build argument 'cmake_target' from command line to 'None'
[1.511s] Level 5:colcon.colcon_core.verb:set package 'motor_control' build argument 'cmake_target_skip_unavailable' from command line to 'False'
[1.511s] Level 5:colcon.colcon_core.verb:set package 'motor_control' build argument 'cmake_clean_cache' from command line to 'False'
[1.511s] Level 5:colcon.colcon_core.verb:set package 'motor_control' build argument 'cmake_clean_first' from command line to 'False'
[1.511s] Level 5:colcon.colcon_core.verb:set package 'motor_control' build argument 'cmake_force_configure' from command line to 'False'
[1.511s] Level 5:colcon.colcon_core.verb:set package 'motor_control' build argument 'ament_cmake_args' from command line to 'None'
[1.511s] Level 5:colcon.colcon_core.verb:set package 'motor_control' build argument 'catkin_cmake_args' from command line to 'None'
[1.511s] Level 5:colcon.colcon_core.verb:set package 'motor_control' build argument 'catkin_skip_building_tests' from command line to 'False'
[1.512s] DEBUG:colcon.colcon_core.verb:Building package 'motor_control' with the following arguments: {'ament_cmake_args': None, 'build_base': '/home/mowmow/workspace/CatchRobo-r08/build/motor_control', 'catkin_cmake_args': None, 'catkin_skip_building_tests': False, 'cmake_args': None, 'cmake_clean_cache': False, 'cmake_clean_first': False, 'cmake_force_configure': False, 'cmake_target': None, 'cmake_target_skip_unavailable': False, 'install_base': '/home/mowmow/workspace/CatchRobo-r08/install/motor_control', 'merge_install': False, 'path': '/home/mowmow/workspace/CatchRobo-r08/src/motor_control', 'symlink_install': False, 'test_result_base': None}
[1.512s] INFO:colcon.colcon_core.executor:Executing jobs using 'parallel' executor
[1.515s] DEBUG:colcon.colcon_parallel_executor.executor.parallel:run_until_complete
[1.517s] INFO:colcon.colcon_ros.task.ament_cmake.build:Building ROS package in '/home/mowmow/workspace/CatchRobo-r08/src/motor_control' with build type 'ament_cmake'
[1.517s] INFO:colcon.colcon_cmake.task.cmake.build:Building CMake package in '/home/mowmow/workspace/CatchRobo-r08/src/motor_control'
[1.526s] INFO:colcon.colcon_core.plugin_system:Skipping extension 'colcon_core.shell.bat': Not used on non-Windows systems
[1.527s] INFO:colcon.colcon_core.shell:Skip shell extension 'powershell' for command environment: Not usable outside of PowerShell
[1.527s] DEBUG:colcon.colcon_core.shell:Skip shell extension 'dsv' for command environment
[1.569s] DEBUG:colcon.colcon_core.event_handler.log_command:Invoking command in '/home/mowmow/workspace/CatchRobo-r08/build/motor_control': CMAKE_PREFIX_PATH=${CMAKE_PREFIX_PATH}:/opt/ros/humble /usr/bin/cmake --build /home/mowmow/workspace/CatchRobo-r08/build/motor_control -- -j4 -l4
[3.784s] DEBUG:colcon.colcon_core.event_handler.log_command:Invoked command in '/home/mowmow/workspace/CatchRobo-r08/build/motor_control' returned '0': CMAKE_PREFIX_PATH=${CMAKE_PREFIX_PATH}:/opt/ros/humble /usr/bin/cmake --build /home/mowmow/workspace/CatchRobo-r08/build/motor_control -- -j4 -l4
[3.827s] DEBUG:colcon.colcon_core.event_handler.log_command:Invoking command in '/home/mowmow/workspace/CatchRobo-r08/build/motor_control': CMAKE_PREFIX_PATH=${CMAKE_PREFIX_PATH}:/opt/ros/humble /usr/bin/cmake --install /home/mowmow/workspace/CatchRobo-r08/build/motor_control
[4.227s] Level 1:colcon.colcon_core.environment:create_environment_scripts_only(motor_control)
[4.259s] Level 1:colcon.colcon_core.environment:checking '/home/mowmow/workspace/CatchRobo-r08/install/motor_control' for CMake module files
[4.267s] DEBUG:colcon.colcon_core.event_handler.log_command:Invoked command in '/home/mowmow/workspace/CatchRobo-r08/build/motor_control' returned '0': CMAKE_PREFIX_PATH=${CMAKE_PREFIX_PATH}:/opt/ros/humble /usr/bin/cmake --install /home/mowmow/workspace/CatchRobo-r08/build/motor_control
[4.270s] Level 1:colcon.colcon_core.environment:checking '/home/mowmow/workspace/CatchRobo-r08/install/motor_control' for CMake config files
[4.275s] Level 1:colcon.colcon_core.shell:create_environment_hook('motor_control', 'cmake_prefix_path')
[4.278s] INFO:colcon.colcon_core.shell:Creating environment hook '/home/mowmow/workspace/CatchRobo-r08/install/motor_control/share/motor_control/hook/cmake_prefix_path.ps1'
[4.285s] INFO:colcon.colcon_core.shell:Creating environment descriptor '/home/mowmow/workspace/CatchRobo-r08/install/motor_control/share/motor_control/hook/cmake_prefix_path.dsv'
[4.292s] INFO:colcon.colcon_core.shell:Creating environment hook '/home/mowmow/workspace/CatchRobo-r08/install/motor_control/share/motor_control/hook/cmake_prefix_path.sh'
[4.299s] Level 1:colcon.colcon_core.environment:checking '/home/mowmow/workspace/CatchRobo-r08/install/motor_control/lib'
[4.300s] Level 1:colcon.colcon_core.shell:create_environment_hook('motor_control', 'ld_library_path_lib')
[4.302s] INFO:colcon.colcon_core.shell:Creating environment hook '/home/mowmow/workspace/CatchRobo-r08/install/motor_control/share/motor_control/hook/ld_library_path_lib.ps1'
[4.305s] INFO:colcon.colcon_core.shell:Creating environment descriptor '/home/mowmow/workspace/CatchRobo-r08/install/motor_control/share/motor_control/hook/ld_library_path_lib.dsv'
[4.311s] INFO:colcon.colcon_core.shell:Creating environment hook '/home/mowmow/workspace/CatchRobo-r08/install/motor_control/share/motor_control/hook/ld_library_path_lib.sh'
[4.315s] Level 1:colcon.colcon_core.environment:checking '/home/mowmow/workspace/CatchRobo-r08/install/motor_control/bin'
[4.316s] Level 1:colcon.colcon_core.environment:checking '/home/mowmow/workspace/CatchRobo-r08/install/motor_control/lib/pkgconfig/motor_control.pc'
[4.318s] Level 1:colcon.colcon_core.environment:checking '/home/mowmow/workspace/CatchRobo-r08/install/motor_control/lib/python3.10/site-packages'
[4.319s] Level 1:colcon.colcon_core.environment:checking '/home/mowmow/workspace/CatchRobo-r08/install/motor_control/bin'
[4.321s] INFO:colcon.colcon_core.shell:Creating package script '/home/mowmow/workspace/CatchRobo-r08/install/motor_control/share/motor_control/package.ps1'
[4.326s] INFO:colcon.colcon_core.shell:Creating package descriptor '/home/mowmow/workspace/CatchRobo-r08/install/motor_control/share/motor_control/package.dsv'
[4.330s] INFO:colcon.colcon_core.shell:Creating package script '/home/mowmow/workspace/CatchRobo-r08/install/motor_control/share/motor_control/package.sh'
[4.334s] INFO:colcon.colcon_core.shell:Creating package script '/home/mowmow/workspace/CatchRobo-r08/install/motor_control/share/motor_control/package.bash'
[4.338s] INFO:colcon.colcon_core.shell:Creating package script '/home/mowmow/workspace/CatchRobo-r08/install/motor_control/share/motor_control/package.zsh'
[4.344s] Level 1:colcon.colcon_core.environment:create_file_with_runtime_dependencies(/home/mowmow/workspace/CatchRobo-r08/install/motor_control/share/colcon-core/packages/motor_control)
[4.348s] Level 1:colcon.colcon_core.environment:create_environment_scripts_only(motor_control)
[4.349s] Level 1:colcon.colcon_core.environment:checking '/home/mowmow/workspace/CatchRobo-r08/install/motor_control' for CMake module files
[4.354s] Level 1:colcon.colcon_core.environment:checking '/home/mowmow/workspace/CatchRobo-r08/install/motor_control' for CMake config files
[4.358s] Level 1:colcon.colcon_core.shell:create_environment_hook('motor_control', 'cmake_prefix_path')
[4.360s] INFO:colcon.colcon_core.shell:Creating environment hook '/home/mowmow/workspace/CatchRobo-r08/install/motor_control/share/motor_control/hook/cmake_prefix_path.ps1'
[4.363s] INFO:colcon.colcon_core.shell:Creating environment descriptor '/home/mowmow/workspace/CatchRobo-r08/install/motor_control/share/motor_control/hook/cmake_prefix_path.dsv'
[4.366s] INFO:colcon.colcon_core.shell:Creating environment hook '/home/mowmow/workspace/CatchRobo-r08/install/motor_control/share/motor_control/hook/cmake_prefix_path.sh'
[4.371s] Level 1:colcon.colcon_core.environment:checking '/home/mowmow/workspace/CatchRobo-r08/install/motor_control/lib'
[4.371s] Level 1:colcon.colcon_core.shell:create_environment_hook('motor_control', 'ld_library_path_lib')
[4.373s] INFO:colcon.colcon_core.shell:Creating environment hook '/home/mowmow/workspace/CatchRobo-r08/install/motor_control/share/motor_control/hook/ld_library_path_lib.ps1'
[4.376s] INFO:colcon.colcon_core.shell:Creating environment descriptor '/home/mowmow/workspace/CatchRobo-r08/install/motor_control/share/motor_control/hook/ld_library_path_lib.dsv'
[4.379s] INFO:colcon.colcon_core.shell:Creating environment hook '/home/mowmow/workspace/CatchRobo-r08/install/motor_control/share/motor_control/hook/ld_library_path_lib.sh'
[4.382s] Level 1:colcon.colcon_core.environment:checking '/home/mowmow/workspace/CatchRobo-r08/install/motor_control/bin'
[4.383s] Level 1:colcon.colcon_core.environment:checking '/home/mowmow/workspace/CatchRobo-r08/install/motor_control/lib/pkgconfig/motor_control.pc'
[4.385s] Level 1:colcon.colcon_core.environment:checking '/home/mowmow/workspace/CatchRobo-r08/install/motor_control/lib/python3.10/site-packages'
[4.386s] Level 1:colcon.colcon_core.environment:checking '/home/mowmow/workspace/CatchRobo-r08/install/motor_control/bin'
[4.388s] INFO:colcon.colcon_core.shell:Creating package script '/home/mowmow/workspace/CatchRobo-r08/install/motor_control/share/motor_control/package.ps1'
[4.392s] INFO:colcon.colcon_core.shell:Creating package descriptor '/home/mowmow/workspace/CatchRobo-r08/install/motor_control/share/motor_control/package.dsv'
[4.396s] INFO:colcon.colcon_core.shell:Creating package script '/home/mowmow/workspace/CatchRobo-r08/install/motor_control/share/motor_control/package.sh'
[4.399s] INFO:colcon.colcon_core.shell:Creating package script '/home/mowmow/workspace/CatchRobo-r08/install/motor_control/share/motor_control/package.bash'
[4.403s] INFO:colcon.colcon_core.shell:Creating package script '/home/mowmow/workspace/CatchRobo-r08/install/motor_control/share/motor_control/package.zsh'
[4.406s] Level 1:colcon.colcon_core.environment:create_file_with_runtime_dependencies(/home/mowmow/workspace/CatchRobo-r08/install/motor_control/share/colcon-core/packages/motor_control)
[4.411s] DEBUG:colcon.colcon_parallel_executor.executor.parallel:closing loop
[4.411s] DEBUG:colcon.colcon_parallel_executor.executor.parallel:loop closed
[4.412s] DEBUG:colcon.colcon_parallel_executor.executor.parallel:run_until_complete finished with '0'
[4.413s] DEBUG:colcon.colcon_core.event_reactor:joining thread
[4.441s] INFO:colcon.colcon_core.plugin_system:Skipping extension 'colcon_notification.desktop_notification.notify_send': Could not find 'notify-send'
[4.443s] INFO:colcon.colcon_core.plugin_system:Skipping extension 'colcon_notification.desktop_notification.terminal_notifier': Not used on non-Darwin systems
[4.444s] INFO:colcon.colcon_core.plugin_system:Skipping extension 'colcon_notification.desktop_notification.win32': Not used on non-Windows systems
[4.445s] INFO:colcon.colcon_notification.desktop_notification:Sending desktop notification using 'notify2'
[4.449s] DEBUG:colcon.colcon_notification.desktop_notification.notify2:Failed to initialize notify2: org.freedesktop.DBus.Error.ServiceUnknown: The name org.freedesktop.Notifications was not provided by any .service files
[4.450s] DEBUG:colcon.colcon_core.event_reactor:joined thread
[4.451s] INFO:colcon.colcon_core.shell:Creating prefix script '/home/mowmow/workspace/CatchRobo-r08/install/local_setup.ps1'
[4.456s] INFO:colcon.colcon_core.shell:Creating prefix util module '/home/mowmow/workspace/CatchRobo-r08/install/_local_setup_util_ps1.py'
[4.465s] INFO:colcon.colcon_core.shell:Creating prefix chain script '/home/mowmow/workspace/CatchRobo-r08/install/setup.ps1'
[4.470s] INFO:colcon.colcon_core.shell:Creating prefix script '/home/mowmow/workspace/CatchRobo-r08/install/local_setup.sh'
[4.473s] INFO:colcon.colcon_core.shell:Creating prefix util module '/home/mowmow/workspace/CatchRobo-r08/install/_local_setup_util_sh.py'
[4.477s] INFO:colcon.colcon_core.shell:Creating prefix chain script '/home/mowmow/workspace/CatchRobo-r08/install/setup.sh'
[4.482s] INFO:colcon.colcon_core.shell:Creating prefix script '/home/mowmow/workspace/CatchRobo-r08/install/local_setup.bash'
[4.485s] INFO:colcon.colcon_core.shell:Creating prefix chain script '/home/mowmow/workspace/CatchRobo-r08/install/setup.bash'
[4.490s] INFO:colcon.colcon_core.shell:Creating prefix script '/home/mowmow/workspace/CatchRobo-r08/install/local_setup.zsh'
[4.493s] INFO:colcon.colcon_core.shell:Creating prefix chain script '/home/mowmow/workspace/CatchRobo-r08/install/setup.zsh'
