In file included from [01m[K/home/mowmow/workspace/CatchRobo-r08/src/motor_control/src/communication_node.cpp:8[m[K:
[01m[K/home/mowmow/workspace/CatchRobo-r08/src/motor_control/include/motor_control/transform.hpp:[m[K In function ‘[01m[Kvoid at2cmd(const std::vector<unsigned char, std::allocator<unsigned char> >&, uint8_t&, uint16_t&, uint8_t&, float&)[m[K’:
[01m[K/home/mowmow/workspace/CatchRobo-r08/src/motor_control/include/motor_control/transform.hpp:66:13:[m[K [01;35m[Kwarning: [m[Kunused variable ‘[01m[Kpayload_size[m[K’ [[01;35m[K]8;;https://gcc.gnu.org/onlinedocs/gcc/Warning-Options.html#index-Wunused-variable-Wunused-variable]8;;[m[K]
   66 |     uint8_t [01;35m[Kpayload_size[m[K = split_frame(frame, addr, payload);
      |             [01;35m[K^~~~~~~~~~~~[m[K
[01m[K/home/mowmow/workspace/CatchRobo-r08/src/motor_control/src/communication_node.cpp:[m[K In member function ‘[01m[Kvoid CommunicationNode::init_motor()[m[K’:
[01m[K/home/mowmow/workspace/CatchRobo-r08/src/motor_control/src/communication_node.cpp:46:5:[m[K [01;31m[Kerror: [m[K‘[01m[Kfloat32_t[m[K’ was not declared in this scope; did you mean ‘[01m[Kfloat_t[m[K’?
   46 |     [01;31m[Kfloat32_t[m[K vel = 1.0f;
      |     [01;31m[K^~~~~~~~~[m[K
      |     [32m[Kfloat_t[m[K
[01m[K/home/mowmow/workspace/CatchRobo-r08/src/motor_control/src/communication_node.cpp:47:15:[m[K [01;31m[Kerror: [m[Kexpected ‘[01m[K;[m[K’ before ‘[01m[Kacc[m[K’
   47 |     float32_t [01;31m[Kacc[m[K = 2.0f;
      |               [01;31m[K^~~[m[K
[01m[K/home/mowmow/workspace/CatchRobo-r08/src/motor_control/src/communication_node.cpp:50:26:[m[K [01;31m[Kerror: [m[K‘[01m[Kvel[m[K’ was not declared in this scope
   50 |     std::memcpy(&vel_b, &[01;31m[Kvel[m[K, sizeof(float32_t));
      |                          [01;31m[K^~~[m[K
[01m[K/home/mowmow/workspace/CatchRobo-r08/src/motor_control/src/communication_node.cpp:51:26:[m[K [01;31m[Kerror: [m[K‘[01m[Kacc[m[K’ was not declared in this scope; did you mean ‘[01m[Kacct[m[K’?
   51 |     std::memcpy(&acc_b, &[01;31m[Kacc[m[K, sizeof(float32_t));
      |                          [01;31m[K^~~[m[K
      |                          [32m[Kacct[m[K
gmake[2]: *** [CMakeFiles/communication_node.dir/build.make:76: CMakeFiles/communication_node.dir/src/communication_node.cpp.o] Error 1
gmake[1]: *** [CMakeFiles/Makefile2:597: CMakeFiles/communication_node.dir/all] Error 2
gmake: *** [Makefile:146: all] Error 2
