[0.049s] Invoking command in '/home/mowmow/workspace/CatchRobo-r08/build/motor_control': CMAKE_PREFIX_PATH=/opt/ros/humble /usr/bin/cmake --build /home/mowmow/workspace/CatchRobo-r08/build/motor_control -- -j4 -l4
[0.152s] -- Found ament_cmake: 1.3.12 (/opt/ros/humble/share/ament_cmake/cmake)
[0.761s] -- Found rosidl_default_generators: 1.2.0 (/opt/ros/humble/share/rosidl_default_generators/cmake)
[0.767s] -- Using all available rosidl_typesupport_c: rosidl_typesupport_fastrtps_c;rosidl_typesupport_introspection_c
[0.779s] -- Found rosidl_adapter: 3.1.7 (/opt/ros/humble/share/rosidl_adapter/cmake)
[0.922s] -- Using all available rosidl_typesupport_cpp: rosidl_typesupport_fastrtps_cpp;rosidl_typesupport_introspection_cpp
[1.035s] -- Found builtin_interfaces: 1.2.2 (/opt/ros/humble/share/builtin_interfaces/cmake)
[1.085s] -- Found rclcpp: 16.0.14 (/opt/ros/humble/share/rclcpp/cmake)
[1.198s] -- Found rmw_implementation_cmake: 6.1.2 (/opt/ros/humble/share/rmw_implementation_cmake/cmake)
[1.205s] -- Found rmw_fastrtps_cpp: 6.2.8 (/opt/ros/humble/share/rmw_fastrtps_cpp/cmake)
[1.731s] -- Using RMW implementation 'rmw_fastrtps_cpp' as default
[2.723s] [31mCMake Error at /opt/ros/humble/share/rosidl_adapter/cmake/rosidl_adapt_interfaces.cmake:59 (message):
[2.724s]   execute_process(/usr/bin/python3 -m rosidl_adapter --package-name
[2.724s]   motor_control --arguments-file
[2.724s]   /home/mowmow/workspace/CatchRobo-r08/build/motor_control/rosidl_adapter__arguments__motor_control.json
[2.725s]   --output-dir
[2.725s]   /home/mowmow/workspace/CatchRobo-r08/build/motor_control/rosidl_adapter/motor_control
[2.725s]   --output-file
[2.726s]   /home/mowmow/workspace/CatchRobo-r08/build/motor_control/rosidl_adapter/motor_control.idls)
[2.726s]   returned error code 1:
[2.726s] 
[2.727s]   Error processing 'float position' of 'motor_control/SendAt': ''float' is an
[2.727s]   invalid message name.  It should have the pattern '^[A-Z][A-Za-z0-9]*$''
[2.727s] 
[2.728s]   Traceback (most recent call last):
[2.728s] 
[2.728s]     File "/usr/lib/python3.10/runpy.py", line 196, in _run_module_as_main
[2.729s]       return _run_code(code, main_globals, None,
[2.729s]     File "/usr/lib/python3.10/runpy.py", line 86, in _run_code
[2.729s]       exec(code, run_globals)
[2.730s]     File "/opt/ros/humble/local/lib/python3.10/dist-packages/rosidl_adapter/__main__.py", line 19, in <module>
[2.730s]       sys.exit(main())
[2.731s]     File "/opt/ros/humble/local/lib/python3.10/dist-packages/rosidl_adapter/main.py", line 53, in main
[2.731s]       abs_idl_file = convert_to_idl(
[2.732s]     File "/opt/ros/humble/local/lib/python3.10/dist-packages/rosidl_adapter/__init__.py", line 19, in convert_to_idl
[2.732s]       return convert_msg_to_idl(
[2.733s]     File "/opt/ros/humble/local/lib/python3.10/dist-packages/rosidl_adapter/msg/__init__.py", line 28, in convert_msg_to_idl
[2.733s]       msg = parse_message_string(package_name, input_file.stem, content)
[2.734s]     File "/opt/ros/humble/local/lib/python3.10/dist-packages/rosidl_adapter/parser.py", line 520, in parse_message_string
[2.735s]       Type(type_string, context_package_name=pkg_name),
[2.736s]     File "/opt/ros/humble/local/lib/python3.10/dist-packages/rosidl_adapter/parser.py", line 277, in __init__
[2.738s]       super(Type, self).__init__(
[2.739s]     File "/opt/ros/humble/local/lib/python3.10/dist-packages/rosidl_adapter/parser.py", line 205, in __init__
[2.740s]       raise InvalidResourceName(
[2.741s] 
[2.742s]   rosidl_adapter.parser.InvalidResourceName: 'float' is an invalid message
[2.744s]   name.  It should have the pattern '^[A-Z][A-Za-z0-9]*$'
[2.745s] 
[2.746s] Call Stack (most recent call first):
[2.747s]   /opt/ros/humble/share/rosidl_cmake/cmake/rosidl_generate_interfaces.cmake:130 (rosidl_adapt_interfaces)
[2.748s]   CMakeLists.txt:24 (rosidl_generate_interfaces)
[2.750s] 
[2.751s] [0m
[2.753s] -- Configuring incomplete, errors occurred!
[2.753s] See also "/home/mowmow/workspace/CatchRobo-r08/build/motor_control/CMakeFiles/CMakeOutput.log".
[2.759s] gmake: *** [Makefile:1302: cmake_check_build_system] Error 1
[2.766s] Invoked command in '/home/mowmow/workspace/CatchRobo-r08/build/motor_control' returned '2': CMAKE_PREFIX_PATH=/opt/ros/humble /usr/bin/cmake --build /home/mowmow/workspace/CatchRobo-r08/build/motor_control -- -j4 -l4
