[01m[K/home/mowmow/workspace/CatchRobo-r08/src/motor_control/src/observe_node.cpp:74:65:[m[K [01;35m[Kwarning: [m[Kconverting to ‘[01m[Kmotor_control::msg::ReturnAt_<std::allocator<void> >[m[K’ from initializer list would use explicit constructor ‘[01m[Kmotor_control::msg::ReturnAt_<ContainerAllocator>::ReturnAt_(rosidl_runtime_cpp::MessageInitialization) [with ContainerAllocator = std::allocator<void>][m[K’
   74 |   std::array<motor_control::msg::ReturnAt, kjoints> last_state_{[01;35m[K}[m[K;
      |                                                                 [01;35m[K^[m[K
[01m[K/home/mowmow/workspace/CatchRobo-r08/src/motor_control/src/observe_node.cpp:74:65:[m[K [01;36m[Knote: [m[Kin C++11 and above a default constructor can be explicit
[01m[K/home/mowmow/workspace/CatchRobo-r08/src/motor_control/src/observe_node.cpp:74:65:[m[K [01;35m[Kwarning: [m[Kconverting to ‘[01m[Kmotor_control::msg::ReturnAt_<std::allocator<void> >[m[K’ from initializer list would use explicit constructor ‘[01m[Kmotor_control::msg::ReturnAt_<ContainerAllocator>::ReturnAt_(rosidl_runtime_cpp::MessageInitialization) [with ContainerAllocator = std::allocator<void>][m[K’
[01m[K/home/mowmow/workspace/CatchRobo-r08/src/motor_control/src/observe_node.cpp:74:65:[m[K [01;36m[Knote: [m[Kin C++11 and above a default constructor can be explicit
[01m[K/home/mowmow/workspace/CatchRobo-r08/src/motor_control/src/observe_node.cpp:74:65:[m[K [01;35m[Kwarning: [m[Kconverting to ‘[01m[Kmotor_control::msg::ReturnAt_<std::allocator<void> >[m[K’ from initializer list would use explicit constructor ‘[01m[Kmotor_control::msg::ReturnAt_<ContainerAllocator>::ReturnAt_(rosidl_runtime_cpp::MessageInitialization) [with ContainerAllocator = std::allocator<void>][m[K’
[01m[K/home/mowmow/workspace/CatchRobo-r08/src/motor_control/src/observe_node.cpp:74:65:[m[K [01;36m[Knote: [m[Kin C++11 and above a default constructor can be explicit
[01m[K/home/mowmow/workspace/CatchRobo-r08/src/motor_control/src/observe_node.cpp:74:65:[m[K [01;35m[Kwarning: [m[Kconverting to ‘[01m[Kmotor_control::msg::ReturnAt_<std::allocator<void> >[m[K’ from initializer list would use explicit constructor ‘[01m[Kmotor_control::msg::ReturnAt_<ContainerAllocator>::ReturnAt_(rosidl_runtime_cpp::MessageInitialization) [with ContainerAllocator = std::allocator<void>][m[K’
[01m[K/home/mowmow/workspace/CatchRobo-r08/src/motor_control/src/observe_node.cpp:74:65:[m[K [01;36m[Knote: [m[Kin C++11 and above a default constructor can be explicit
[01m[K/home/mowmow/workspace/CatchRobo-r08/src/motor_control/src/observe_node.cpp:74:65:[m[K [01;35m[Kwarning: [m[Kconverting to ‘[01m[Kmotor_control::msg::ReturnAt_<std::allocator<void> >[m[K’ from initializer list would use explicit constructor ‘[01m[Kmotor_control::msg::ReturnAt_<ContainerAllocator>::ReturnAt_(rosidl_runtime_cpp::MessageInitialization) [with ContainerAllocator = std::allocator<void>][m[K’
[01m[K/home/mowmow/workspace/CatchRobo-r08/src/motor_control/src/observe_node.cpp:74:65:[m[K [01;36m[Knote: [m[Kin C++11 and above a default constructor can be explicit
[01m[K/home/mowmow/workspace/CatchRobo-r08/src/motor_control/src/observe_node.cpp:74:65:[m[K [01;35m[Kwarning: [m[Kconverting to ‘[01m[Kmotor_control::msg::ReturnAt_<std::allocator<void> >[m[K’ from initializer list would use explicit constructor ‘[01m[Kmotor_control::msg::ReturnAt_<ContainerAllocator>::ReturnAt_(rosidl_runtime_cpp::MessageInitialization) [with ContainerAllocator = std::allocator<void>][m[K’
[01m[K/home/mowmow/workspace/CatchRobo-r08/src/motor_control/src/observe_node.cpp:74:65:[m[K [01;36m[Knote: [m[Kin C++11 and above a default constructor can be explicit
/usr/bin/ld: /usr/lib/gcc/aarch64-linux-gnu/11/../../../aarch64-linux-gnu/Scrt1.o: in function `_start':
(.text+0x1c): undefined reference to `main'
/usr/bin/ld: (.text+0x20): undefined reference to `main'
collect2: error: ld returned 1 exit status
gmake[2]: *** [CMakeFiles/observe_node.dir/build.make:160: observe_node] Error 1
gmake[1]: *** [CMakeFiles/Makefile2:651: CMakeFiles/observe_node.dir/all] Error 2
gmake: *** [Makefile:146: all] Error 2
