[0.045s] Invoking command in '/home/mowmow/workspace/CatchRobo-r08/build/motor_control': CMAKE_PREFIX_PATH=${CMAKE_PREFIX_PATH}:/opt/ros/humble /usr/bin/cmake --build /home/mowmow/workspace/CatchRobo-r08/build/motor_control -- -j4 -l4
[0.279s] [  1%] Built target motor_control__cpp
[0.285s] [ 11%] Built target motor_control__rosidl_generator_c
[0.340s] [ 11%] Built target ament_cmake_python_copy_motor_control
[0.415s] [ 26%] Built target motor_control__rosidl_typesupport_introspection_cpp
[0.420s] [ 31%] Built target motor_control__rosidl_typesupport_fastrtps_cpp
[0.426s] [ 39%] Built target motor_control__rosidl_typesupport_cpp
[0.459s] [ 49%] Built target motor_control__rosidl_typesupport_fastrtps_c
[0.535s] [ 58%] Built target motor_control__rosidl_typesupport_c
[0.583s] [ 68%] Built target motor_control__rosidl_typesupport_introspection_c
[0.614s] [ 71%] Built target communication_node
[0.738s] [ 74%] Built target control_node
[0.853s] [ 77%] Built target gpio_node
[0.880s] [ 80%] Built target observe_node
[0.905s] [ 80%] Built target motor_control
[1.018s] [ 82%] Built target motor_control__py
[1.143s] [ 90%] Built target motor_control__rosidl_generator_py
[1.297s] [ 96%] Built target motor_control__rosidl_typesupport_fastrtps_c__pyext
[1.300s] [ 96%] Built target motor_control__rosidl_typesupport_introspection_c__pyext
[1.334s] [100%] Built target motor_control__rosidl_typesupport_c__pyext
[2.010s] running egg_info
[2.015s] writing motor_control.egg-info/PKG-INFO
[2.016s] writing dependency_links to motor_control.egg-info/dependency_links.txt
[2.018s] writing top-level names to motor_control.egg-info/top_level.txt
[2.029s] reading manifest file 'motor_control.egg-info/SOURCES.txt'
[2.035s] writing manifest file 'motor_control.egg-info/SOURCES.txt'
[2.175s] [100%] Built target ament_cmake_python_build_motor_control_egg
[2.225s] Invoked command in '/home/mowmow/workspace/CatchRobo-r08/build/motor_control' returned '0': CMAKE_PREFIX_PATH=${CMAKE_PREFIX_PATH}:/opt/ros/humble /usr/bin/cmake --build /home/mowmow/workspace/CatchRobo-r08/build/motor_control -- -j4 -l4
[2.266s] Invoking command in '/home/mowmow/workspace/CatchRobo-r08/build/motor_control': CMAKE_PREFIX_PATH=${CMAKE_PREFIX_PATH}:/opt/ros/humble /usr/bin/cmake --install /home/mowmow/workspace/CatchRobo-r08/build/motor_control
[2.296s] -- Install configuration: ""
[2.297s] -- Up-to-date: /home/mowmow/workspace/CatchRobo-r08/install/motor_control/share/ament_index/resource_index/rosidl_interfaces/motor_control
[2.298s] -- Up-to-date: /home/mowmow/workspace/CatchRobo-r08/install/motor_control/include/motor_control/motor_control
[2.299s] -- Up-to-date: /home/mowmow/workspace/CatchRobo-r08/install/motor_control/include/motor_control/motor_control/msg
[2.299s] -- Up-to-date: /home/mowmow/workspace/CatchRobo-r08/install/motor_control/include/motor_control/motor_control/msg/gpio_cmd.h
[2.301s] -- Up-to-date: /home/mowmow/workspace/CatchRobo-r08/install/motor_control/include/motor_control/motor_control/msg/return_at.h
[2.302s] -- Up-to-date: /home/mowmow/workspace/CatchRobo-r08/install/motor_control/include/motor_control/motor_control/msg/send_array.h
[2.303s] -- Up-to-date: /home/mowmow/workspace/CatchRobo-r08/install/motor_control/include/motor_control/motor_control/msg/send_at.h
[2.304s] -- Up-to-date: /home/mowmow/workspace/CatchRobo-r08/install/motor_control/include/motor_control/motor_control/msg/rosidl_generator_c__visibility_control.h
[2.304s] -- Up-to-date: /home/mowmow/workspace/CatchRobo-r08/install/motor_control/include/motor_control/motor_control/msg/detail
[2.305s] -- Up-to-date: /home/mowmow/workspace/CatchRobo-r08/install/motor_control/include/motor_control/motor_control/msg/detail/return_at__functions.c
[2.306s] -- Up-to-date: /home/mowmow/workspace/CatchRobo-r08/install/motor_control/include/motor_control/motor_control/msg/detail/gpio_cmd__functions.c
[2.307s] -- Up-to-date: /home/mowmow/workspace/CatchRobo-r08/install/motor_control/include/motor_control/motor_control/msg/detail/return_at__struct.h
[2.308s] -- Up-to-date: /home/mowmow/workspace/CatchRobo-r08/install/motor_control/include/motor_control/motor_control/msg/detail/send_at__type_support.h
[2.309s] -- Up-to-date: /home/mowmow/workspace/CatchRobo-r08/install/motor_control/include/motor_control/motor_control/msg/detail/send_at__functions.c
[2.310s] -- Up-to-date: /home/mowmow/workspace/CatchRobo-r08/install/motor_control/include/motor_control/motor_control/msg/detail/send_array__functions.h
[2.311s] -- Up-to-date: /home/mowmow/workspace/CatchRobo-r08/install/motor_control/include/motor_control/motor_control/msg/detail/gpio_cmd__struct.h
[2.312s] -- Up-to-date: /home/mowmow/workspace/CatchRobo-r08/install/motor_control/include/motor_control/motor_control/msg/detail/gpio_cmd__functions.h
[2.313s] -- Up-to-date: /home/mowmow/workspace/CatchRobo-r08/install/motor_control/include/motor_control/motor_control/msg/detail/send_array__type_support.h
[2.313s] -- Up-to-date: /home/mowmow/workspace/CatchRobo-r08/install/motor_control/include/motor_control/motor_control/msg/detail/send_array__functions.c
[2.314s] -- Up-to-date: /home/mowmow/workspace/CatchRobo-r08/install/motor_control/include/motor_control/motor_control/msg/detail/send_at__struct.h
[2.315s] -- Up-to-date: /home/mowmow/workspace/CatchRobo-r08/install/motor_control/include/motor_control/motor_control/msg/detail/send_array__struct.h
[2.316s] -- Up-to-date: /home/mowmow/workspace/CatchRobo-r08/install/motor_control/include/motor_control/motor_control/msg/detail/gpio_cmd__type_support.h
[2.317s] -- Up-to-date: /home/mowmow/workspace/CatchRobo-r08/install/motor_control/include/motor_control/motor_control/msg/detail/return_at__type_support.h
[2.318s] -- Up-to-date: /home/mowmow/workspace/CatchRobo-r08/install/motor_control/include/motor_control/motor_control/msg/detail/return_at__functions.h
[2.319s] -- Up-to-date: /home/mowmow/workspace/CatchRobo-r08/install/motor_control/include/motor_control/motor_control/msg/detail/send_at__functions.h
[2.320s] -- Up-to-date: /home/mowmow/workspace/CatchRobo-r08/install/motor_control/share/motor_control/environment/library_path.sh
[2.321s] -- Up-to-date: /home/mowmow/workspace/CatchRobo-r08/install/motor_control/share/motor_control/environment/library_path.dsv
[2.322s] -- Up-to-date: /home/mowmow/workspace/CatchRobo-r08/install/motor_control/lib/libmotor_control__rosidl_generator_c.so
[2.323s] -- Up-to-date: /home/mowmow/workspace/CatchRobo-r08/install/motor_control/include/motor_control/motor_control
[2.323s] -- Up-to-date: /home/mowmow/workspace/CatchRobo-r08/install/motor_control/include/motor_control/motor_control/msg
[2.324s] -- Up-to-date: /home/mowmow/workspace/CatchRobo-r08/install/motor_control/include/motor_control/motor_control/msg/rosidl_typesupport_fastrtps_c__visibility_control.h
[2.324s] -- Up-to-date: /home/mowmow/workspace/CatchRobo-r08/install/motor_control/include/motor_control/motor_control/msg/detail
[2.326s] -- Up-to-date: /home/mowmow/workspace/CatchRobo-r08/install/motor_control/include/motor_control/motor_control/msg/detail/send_array__rosidl_typesupport_fastrtps_c.h
[2.328s] -- Up-to-date: /home/mowmow/workspace/CatchRobo-r08/install/motor_control/include/motor_control/motor_control/msg/detail/gpio_cmd__rosidl_typesupport_fastrtps_c.h
[2.329s] -- Up-to-date: /home/mowmow/workspace/CatchRobo-r08/install/motor_control/include/motor_control/motor_control/msg/detail/send_at__rosidl_typesupport_fastrtps_c.h
[2.331s] -- Up-to-date: /home/mowmow/workspace/CatchRobo-r08/install/motor_control/include/motor_control/motor_control/msg/detail/return_at__rosidl_typesupport_fastrtps_c.h
[2.332s] -- Up-to-date: /home/mowmow/workspace/CatchRobo-r08/install/motor_control/lib/libmotor_control__rosidl_typesupport_fastrtps_c.so
[2.333s] -- Up-to-date: /home/mowmow/workspace/CatchRobo-r08/install/motor_control/include/motor_control/motor_control
[2.334s] -- Up-to-date: /home/mowmow/workspace/CatchRobo-r08/install/motor_control/include/motor_control/motor_control/msg
[2.336s] -- Up-to-date: /home/mowmow/workspace/CatchRobo-r08/install/motor_control/include/motor_control/motor_control/msg/detail
[2.337s] -- Up-to-date: /home/mowmow/workspace/CatchRobo-r08/install/motor_control/include/motor_control/motor_control/msg/detail/gpio_cmd__type_support.c
[2.338s] -- Up-to-date: /home/mowmow/workspace/CatchRobo-r08/install/motor_control/include/motor_control/motor_control/msg/detail/send_at__type_support.c
[2.340s] -- Up-to-date: /home/mowmow/workspace/CatchRobo-r08/install/motor_control/include/motor_control/motor_control/msg/detail/send_at__rosidl_typesupport_introspection_c.h
[2.340s] -- Up-to-date: /home/mowmow/workspace/CatchRobo-r08/install/motor_control/include/motor_control/motor_control/msg/detail/send_array__type_support.c
[2.341s] -- Up-to-date: /home/mowmow/workspace/CatchRobo-r08/install/motor_control/include/motor_control/motor_control/msg/detail/return_at__rosidl_typesupport_introspection_c.h
[2.341s] -- Up-to-date: /home/mowmow/workspace/CatchRobo-r08/install/motor_control/include/motor_control/motor_control/msg/detail/gpio_cmd__rosidl_typesupport_introspection_c.h
[2.342s] -- Up-to-date: /home/mowmow/workspace/CatchRobo-r08/install/motor_control/include/motor_control/motor_control/msg/detail/return_at__type_support.c
[2.342s] -- Up-to-date: /home/mowmow/workspace/CatchRobo-r08/install/motor_control/include/motor_control/motor_control/msg/detail/send_array__rosidl_typesupport_introspection_c.h
[2.344s] -- Up-to-date: /home/mowmow/workspace/CatchRobo-r08/install/motor_control/include/motor_control/motor_control/msg/rosidl_typesupport_introspection_c__visibility_control.h
[2.344s] -- Up-to-date: /home/mowmow/workspace/CatchRobo-r08/install/motor_control/lib/libmotor_control__rosidl_typesupport_introspection_c.so
[2.345s] -- Up-to-date: /home/mowmow/workspace/CatchRobo-r08/install/motor_control/lib/libmotor_control__rosidl_typesupport_c.so
[2.349s] -- Up-to-date: /home/mowmow/workspace/CatchRobo-r08/install/motor_control/include/motor_control/motor_control
[2.350s] -- Up-to-date: /home/mowmow/workspace/CatchRobo-r08/install/motor_control/include/motor_control/motor_control/msg
[2.350s] -- Up-to-date: /home/mowmow/workspace/CatchRobo-r08/install/motor_control/include/motor_control/motor_control/msg/return_at.hpp
[2.351s] -- Up-to-date: /home/mowmow/workspace/CatchRobo-r08/install/motor_control/include/motor_control/motor_control/msg/send_at.hpp
[2.352s] -- Up-to-date: /home/mowmow/workspace/CatchRobo-r08/install/motor_control/include/motor_control/motor_control/msg/send_array.hpp
[2.352s] -- Up-to-date: /home/mowmow/workspace/CatchRobo-r08/install/motor_control/include/motor_control/motor_control/msg/detail
[2.353s] -- Up-to-date: /home/mowmow/workspace/CatchRobo-r08/install/motor_control/include/motor_control/motor_control/msg/detail/gpio_cmd__builder.hpp
[2.354s] -- Up-to-date: /home/mowmow/workspace/CatchRobo-r08/install/motor_control/include/motor_control/motor_control/msg/detail/gpio_cmd__traits.hpp
[2.355s] -- Up-to-date: /home/mowmow/workspace/CatchRobo-r08/install/motor_control/include/motor_control/motor_control/msg/detail/return_at__type_support.hpp
[2.355s] -- Up-to-date: /home/mowmow/workspace/CatchRobo-r08/install/motor_control/include/motor_control/motor_control/msg/detail/send_array__type_support.hpp
[2.356s] -- Up-to-date: /home/mowmow/workspace/CatchRobo-r08/install/motor_control/include/motor_control/motor_control/msg/detail/return_at__struct.hpp
[2.356s] -- Up-to-date: /home/mowmow/workspace/CatchRobo-r08/install/motor_control/include/motor_control/motor_control/msg/detail/send_at__traits.hpp
[2.357s] -- Up-to-date: /home/mowmow/workspace/CatchRobo-r08/install/motor_control/include/motor_control/motor_control/msg/detail/return_at__builder.hpp
[2.358s] -- Up-to-date: /home/mowmow/workspace/CatchRobo-r08/install/motor_control/include/motor_control/motor_control/msg/detail/send_array__traits.hpp
[2.358s] -- Up-to-date: /home/mowmow/workspace/CatchRobo-r08/install/motor_control/include/motor_control/motor_control/msg/detail/send_at__builder.hpp
[2.359s] -- Up-to-date: /home/mowmow/workspace/CatchRobo-r08/install/motor_control/include/motor_control/motor_control/msg/detail/return_at__traits.hpp
[2.360s] -- Up-to-date: /home/mowmow/workspace/CatchRobo-r08/install/motor_control/include/motor_control/motor_control/msg/detail/send_at__struct.hpp
[2.360s] -- Up-to-date: /home/mowmow/workspace/CatchRobo-r08/install/motor_control/include/motor_control/motor_control/msg/detail/send_at__type_support.hpp
[2.361s] -- Up-to-date: /home/mowmow/workspace/CatchRobo-r08/install/motor_control/include/motor_control/motor_control/msg/detail/send_array__builder.hpp
[2.362s] -- Up-to-date: /home/mowmow/workspace/CatchRobo-r08/install/motor_control/include/motor_control/motor_control/msg/detail/gpio_cmd__struct.hpp
[2.363s] -- Up-to-date: /home/mowmow/workspace/CatchRobo-r08/install/motor_control/include/motor_control/motor_control/msg/detail/send_array__struct.hpp
[2.364s] -- Up-to-date: /home/mowmow/workspace/CatchRobo-r08/install/motor_control/include/motor_control/motor_control/msg/detail/gpio_cmd__type_support.hpp
[2.365s] -- Up-to-date: /home/mowmow/workspace/CatchRobo-r08/install/motor_control/include/motor_control/motor_control/msg/rosidl_generator_cpp__visibility_control.hpp
[2.366s] -- Up-to-date: /home/mowmow/workspace/CatchRobo-r08/install/motor_control/include/motor_control/motor_control/msg/gpio_cmd.hpp
[2.367s] -- Up-to-date: /home/mowmow/workspace/CatchRobo-r08/install/motor_control/include/motor_control/motor_control
[2.368s] -- Up-to-date: /home/mowmow/workspace/CatchRobo-r08/install/motor_control/include/motor_control/motor_control/msg
[2.369s] -- Up-to-date: /home/mowmow/workspace/CatchRobo-r08/install/motor_control/include/motor_control/motor_control/msg/rosidl_typesupport_fastrtps_cpp__visibility_control.h
[2.370s] -- Up-to-date: /home/mowmow/workspace/CatchRobo-r08/install/motor_control/include/motor_control/motor_control/msg/detail
[2.371s] -- Up-to-date: /home/mowmow/workspace/CatchRobo-r08/install/motor_control/include/motor_control/motor_control/msg/detail/gpio_cmd__rosidl_typesupport_fastrtps_cpp.hpp
[2.373s] -- Up-to-date: /home/mowmow/workspace/CatchRobo-r08/install/motor_control/include/motor_control/motor_control/msg/detail/dds_fastrtps
[2.374s] -- Up-to-date: /home/mowmow/workspace/CatchRobo-r08/install/motor_control/include/motor_control/motor_control/msg/detail/return_at__rosidl_typesupport_fastrtps_cpp.hpp
[2.374s] -- Up-to-date: /home/mowmow/workspace/CatchRobo-r08/install/motor_control/include/motor_control/motor_control/msg/detail/send_array__rosidl_typesupport_fastrtps_cpp.hpp
[2.375s] -- Up-to-date: /home/mowmow/workspace/CatchRobo-r08/install/motor_control/include/motor_control/motor_control/msg/detail/send_at__rosidl_typesupport_fastrtps_cpp.hpp
[2.376s] -- Up-to-date: /home/mowmow/workspace/CatchRobo-r08/install/motor_control/lib/libmotor_control__rosidl_typesupport_fastrtps_cpp.so
[2.377s] -- Up-to-date: /home/mowmow/workspace/CatchRobo-r08/install/motor_control/include/motor_control/motor_control
[2.377s] -- Up-to-date: /home/mowmow/workspace/CatchRobo-r08/install/motor_control/include/motor_control/motor_control/msg
[2.378s] -- Up-to-date: /home/mowmow/workspace/CatchRobo-r08/install/motor_control/include/motor_control/motor_control/msg/detail
[2.378s] -- Up-to-date: /home/mowmow/workspace/CatchRobo-r08/install/motor_control/include/motor_control/motor_control/msg/detail/gpio_cmd__type_support.cpp
[2.379s] -- Up-to-date: /home/mowmow/workspace/CatchRobo-r08/install/motor_control/include/motor_control/motor_control/msg/detail/return_at__rosidl_typesupport_introspection_cpp.hpp
[2.379s] -- Up-to-date: /home/mowmow/workspace/CatchRobo-r08/install/motor_control/include/motor_control/motor_control/msg/detail/send_at__rosidl_typesupport_introspection_cpp.hpp
[2.379s] -- Up-to-date: /home/mowmow/workspace/CatchRobo-r08/install/motor_control/include/motor_control/motor_control/msg/detail/send_array__rosidl_typesupport_introspection_cpp.hpp
[2.380s] -- Up-to-date: /home/mowmow/workspace/CatchRobo-r08/install/motor_control/include/motor_control/motor_control/msg/detail/return_at__type_support.cpp
[2.380s] -- Up-to-date: /home/mowmow/workspace/CatchRobo-r08/install/motor_control/include/motor_control/motor_control/msg/detail/send_at__type_support.cpp
[2.381s] -- Up-to-date: /home/mowmow/workspace/CatchRobo-r08/install/motor_control/include/motor_control/motor_control/msg/detail/gpio_cmd__rosidl_typesupport_introspection_cpp.hpp
[2.381s] -- Up-to-date: /home/mowmow/workspace/CatchRobo-r08/install/motor_control/include/motor_control/motor_control/msg/detail/send_array__type_support.cpp
[2.382s] -- Up-to-date: /home/mowmow/workspace/CatchRobo-r08/install/motor_control/lib/libmotor_control__rosidl_typesupport_introspection_cpp.so
[2.383s] -- Up-to-date: /home/mowmow/workspace/CatchRobo-r08/install/motor_control/lib/libmotor_control__rosidl_typesupport_cpp.so
[2.383s] -- Up-to-date: /home/mowmow/workspace/CatchRobo-r08/install/motor_control/share/motor_control/environment/pythonpath.sh
[2.384s] -- Up-to-date: /home/mowmow/workspace/CatchRobo-r08/install/motor_control/share/motor_control/environment/pythonpath.dsv
[2.384s] -- Up-to-date: /home/mowmow/workspace/CatchRobo-r08/install/motor_control/local/lib/python3.10/dist-packages/motor_control-0.0.1-py3.10.egg-info
[2.385s] -- Installing: /home/mowmow/workspace/CatchRobo-r08/install/motor_control/local/lib/python3.10/dist-packages/motor_control-0.0.1-py3.10.egg-info/PKG-INFO
[2.386s] -- Installing: /home/mowmow/workspace/CatchRobo-r08/install/motor_control/local/lib/python3.10/dist-packages/motor_control-0.0.1-py3.10.egg-info/top_level.txt
[2.386s] -- Installing: /home/mowmow/workspace/CatchRobo-r08/install/motor_control/local/lib/python3.10/dist-packages/motor_control-0.0.1-py3.10.egg-info/SOURCES.txt
[2.387s] -- Installing: /home/mowmow/workspace/CatchRobo-r08/install/motor_control/local/lib/python3.10/dist-packages/motor_control-0.0.1-py3.10.egg-info/dependency_links.txt
[2.387s] -- Up-to-date: /home/mowmow/workspace/CatchRobo-r08/install/motor_control/local/lib/python3.10/dist-packages/motor_control
[2.388s] -- Up-to-date: /home/mowmow/workspace/CatchRobo-r08/install/motor_control/local/lib/python3.10/dist-packages/motor_control/_motor_control_s.ep.rosidl_typesupport_c.c
[2.388s] -- Up-to-date: /home/mowmow/workspace/CatchRobo-r08/install/motor_control/local/lib/python3.10/dist-packages/motor_control/_motor_control_s.ep.rosidl_typesupport_introspection_c.c
[2.389s] -- Up-to-date: /home/mowmow/workspace/CatchRobo-r08/install/motor_control/local/lib/python3.10/dist-packages/motor_control/libmotor_control__rosidl_generator_py.so
[2.390s] -- Up-to-date: /home/mowmow/workspace/CatchRobo-r08/install/motor_control/local/lib/python3.10/dist-packages/motor_control/__init__.py
[2.390s] -- Up-to-date: /home/mowmow/workspace/CatchRobo-r08/install/motor_control/local/lib/python3.10/dist-packages/motor_control/motor_control_s__rosidl_typesupport_c.cpython-310-aarch64-linux-gnu.so
[2.390s] -- Up-to-date: /home/mowmow/workspace/CatchRobo-r08/install/motor_control/local/lib/python3.10/dist-packages/motor_control/motor_control_s__rosidl_typesupport_introspection_c.cpython-310-aarch64-linux-gnu.so
[2.391s] -- Up-to-date: /home/mowmow/workspace/CatchRobo-r08/install/motor_control/local/lib/python3.10/dist-packages/motor_control/msg
[2.391s] -- Up-to-date: /home/mowmow/workspace/CatchRobo-r08/install/motor_control/local/lib/python3.10/dist-packages/motor_control/msg/_return_at_s.c
[2.392s] -- Up-to-date: /home/mowmow/workspace/CatchRobo-r08/install/motor_control/local/lib/python3.10/dist-packages/motor_control/msg/_send_array_s.c
[2.392s] -- Up-to-date: /home/mowmow/workspace/CatchRobo-r08/install/motor_control/local/lib/python3.10/dist-packages/motor_control/msg/__init__.py
[2.393s] -- Up-to-date: /home/mowmow/workspace/CatchRobo-r08/install/motor_control/local/lib/python3.10/dist-packages/motor_control/msg/_send_array.py
[2.393s] -- Up-to-date: /home/mowmow/workspace/CatchRobo-r08/install/motor_control/local/lib/python3.10/dist-packages/motor_control/msg/_send_at_s.c
[2.393s] -- Up-to-date: /home/mowmow/workspace/CatchRobo-r08/install/motor_control/local/lib/python3.10/dist-packages/motor_control/msg/_gpio_cmd.py
[2.394s] -- Up-to-date: /home/mowmow/workspace/CatchRobo-r08/install/motor_control/local/lib/python3.10/dist-packages/motor_control/msg/_gpio_cmd_s.c
[2.394s] -- Up-to-date: /home/mowmow/workspace/CatchRobo-r08/install/motor_control/local/lib/python3.10/dist-packages/motor_control/msg/_return_at.py
[2.395s] -- Up-to-date: /home/mowmow/workspace/CatchRobo-r08/install/motor_control/local/lib/python3.10/dist-packages/motor_control/msg/_send_at.py
[2.395s] -- Up-to-date: /home/mowmow/workspace/CatchRobo-r08/install/motor_control/local/lib/python3.10/dist-packages/motor_control/motor_control_s__rosidl_typesupport_fastrtps_c.cpython-310-aarch64-linux-gnu.so
[2.396s] -- Up-to-date: /home/mowmow/workspace/CatchRobo-r08/install/motor_control/local/lib/python3.10/dist-packages/motor_control/_motor_control_s.ep.rosidl_typesupport_fastrtps_c.c
[2.567s] Listing '/home/mowmow/workspace/CatchRobo-r08/install/motor_control/local/lib/python3.10/dist-packages/motor_control'...
[2.569s] Listing '/home/mowmow/workspace/CatchRobo-r08/install/motor_control/local/lib/python3.10/dist-packages/motor_control/msg'...
[2.601s] -- Up-to-date: /home/mowmow/workspace/CatchRobo-r08/install/motor_control/local/lib/python3.10/dist-packages/motor_control/motor_control_s__rosidl_typesupport_fastrtps_c.cpython-310-aarch64-linux-gnu.so
[2.603s] -- Up-to-date: /home/mowmow/workspace/CatchRobo-r08/install/motor_control/local/lib/python3.10/dist-packages/motor_control/motor_control_s__rosidl_typesupport_introspection_c.cpython-310-aarch64-linux-gnu.so
[2.607s] -- Up-to-date: /home/mowmow/workspace/CatchRobo-r08/install/motor_control/local/lib/python3.10/dist-packages/motor_control/motor_control_s__rosidl_typesupport_c.cpython-310-aarch64-linux-gnu.so
[2.610s] -- Up-to-date: /home/mowmow/workspace/CatchRobo-r08/install/motor_control/lib/libmotor_control__rosidl_generator_py.so
[2.613s] -- Up-to-date: /home/mowmow/workspace/CatchRobo-r08/install/motor_control/share/motor_control/msg/ReturnAt.idl
[2.613s] -- Up-to-date: /home/mowmow/workspace/CatchRobo-r08/install/motor_control/share/motor_control/msg/SendAt.idl
[2.616s] -- Up-to-date: /home/mowmow/workspace/CatchRobo-r08/install/motor_control/share/motor_control/msg/SendArray.idl
[2.617s] -- Up-to-date: /home/mowmow/workspace/CatchRobo-r08/install/motor_control/share/motor_control/msg/GpioCmd.idl
[2.619s] -- Up-to-date: /home/mowmow/workspace/CatchRobo-r08/install/motor_control/share/motor_control/msg/ReturnAt.msg
[2.620s] -- Up-to-date: /home/mowmow/workspace/CatchRobo-r08/install/motor_control/share/motor_control/msg/SendAt.msg
[2.621s] -- Up-to-date: /home/mowmow/workspace/CatchRobo-r08/install/motor_control/share/motor_control/msg/SendArray.msg
[2.621s] -- Up-to-date: /home/mowmow/workspace/CatchRobo-r08/install/motor_control/share/motor_control/msg/GpioCmd.msg
[2.622s] -- Up-to-date: /home/mowmow/workspace/CatchRobo-r08/install/motor_control/lib/motor_control/communication_node
[2.625s] -- Up-to-date: /home/mowmow/workspace/CatchRobo-r08/install/motor_control/lib/motor_control/control_node
[2.628s] -- Up-to-date: /home/mowmow/workspace/CatchRobo-r08/install/motor_control/lib/motor_control/observe_node
[2.630s] -- Up-to-date: /home/mowmow/workspace/CatchRobo-r08/install/motor_control/lib/motor_control/gpio_node
[2.632s] -- Up-to-date: /home/mowmow/workspace/CatchRobo-r08/install/motor_control/include
[2.633s] -- Up-to-date: /home/mowmow/workspace/CatchRobo-r08/install/motor_control/include/motor_control
[2.634s] -- Up-to-date: /home/mowmow/workspace/CatchRobo-r08/install/motor_control/include/motor_control/transform.hpp
[2.634s] -- Up-to-date: /home/mowmow/workspace/CatchRobo-r08/install/motor_control/include/motor_control/serial_utils.hpp
[2.635s] -- Up-to-date: /home/mowmow/workspace/CatchRobo-r08/install/motor_control/share/motor_control/launch
[2.636s] -- Up-to-date: /home/mowmow/workspace/CatchRobo-r08/install/motor_control/share/motor_control/launch/bringup.launch.py
[2.636s] -- Up-to-date: /home/mowmow/workspace/CatchRobo-r08/install/motor_control/share/motor_control/config
[2.637s] -- Up-to-date: /home/mowmow/workspace/CatchRobo-r08/install/motor_control/share/motor_control/config/gpio.yaml
[2.637s] -- Installing: /home/mowmow/workspace/CatchRobo-r08/install/motor_control/share/motor_control/config/program.csv
[2.639s] -- Up-to-date: /home/mowmow/workspace/CatchRobo-r08/install/motor_control/share/ament_index/resource_index/package_run_dependencies/motor_control
[2.647s] -- Up-to-date: /home/mowmow/workspace/CatchRobo-r08/install/motor_control/share/ament_index/resource_index/parent_prefix_path/motor_control
[2.648s] -- Up-to-date: /home/mowmow/workspace/CatchRobo-r08/install/motor_control/share/motor_control/environment/ament_prefix_path.sh
[2.648s] -- Up-to-date: /home/mowmow/workspace/CatchRobo-r08/install/motor_control/share/motor_control/environment/ament_prefix_path.dsv
[2.649s] -- Up-to-date: /home/mowmow/workspace/CatchRobo-r08/install/motor_control/share/motor_control/environment/path.sh
[2.650s] -- Up-to-date: /home/mowmow/workspace/CatchRobo-r08/install/motor_control/share/motor_control/environment/path.dsv
[2.651s] -- Up-to-date: /home/mowmow/workspace/CatchRobo-r08/install/motor_control/share/motor_control/local_setup.bash
[2.651s] -- Up-to-date: /home/mowmow/workspace/CatchRobo-r08/install/motor_control/share/motor_control/local_setup.sh
[2.652s] -- Up-to-date: /home/mowmow/workspace/CatchRobo-r08/install/motor_control/share/motor_control/local_setup.zsh
[2.653s] -- Up-to-date: /home/mowmow/workspace/CatchRobo-r08/install/motor_control/share/motor_control/local_setup.dsv
[2.653s] -- Installing: /home/mowmow/workspace/CatchRobo-r08/install/motor_control/share/motor_control/package.dsv
[2.654s] -- Up-to-date: /home/mowmow/workspace/CatchRobo-r08/install/motor_control/share/ament_index/resource_index/packages/motor_control
[2.661s] -- Up-to-date: /home/mowmow/workspace/CatchRobo-r08/install/motor_control/share/motor_control/cmake/export_motor_control__rosidl_generator_cExport.cmake
[2.662s] -- Up-to-date: /home/mowmow/workspace/CatchRobo-r08/install/motor_control/share/motor_control/cmake/export_motor_control__rosidl_generator_cExport-noconfig.cmake
[2.662s] -- Up-to-date: /home/mowmow/workspace/CatchRobo-r08/install/motor_control/share/motor_control/cmake/export_motor_control__rosidl_typesupport_fastrtps_cExport.cmake
[2.664s] -- Up-to-date: /home/mowmow/workspace/CatchRobo-r08/install/motor_control/share/motor_control/cmake/export_motor_control__rosidl_typesupport_fastrtps_cExport-noconfig.cmake
[2.665s] -- Up-to-date: /home/mowmow/workspace/CatchRobo-r08/install/motor_control/share/motor_control/cmake/motor_control__rosidl_typesupport_introspection_cExport.cmake
[2.666s] -- Up-to-date: /home/mowmow/workspace/CatchRobo-r08/install/motor_control/share/motor_control/cmake/motor_control__rosidl_typesupport_introspection_cExport-noconfig.cmake
[2.675s] -- Up-to-date: /home/mowmow/workspace/CatchRobo-r08/install/motor_control/share/motor_control/cmake/motor_control__rosidl_typesupport_cExport.cmake
[2.676s] -- Up-to-date: /home/mowmow/workspace/CatchRobo-r08/install/motor_control/share/motor_control/cmake/motor_control__rosidl_typesupport_cExport-noconfig.cmake
[2.680s] -- Up-to-date: /home/mowmow/workspace/CatchRobo-r08/install/motor_control/share/motor_control/cmake/export_motor_control__rosidl_generator_cppExport.cmake
[2.681s] -- Up-to-date: /home/mowmow/workspace/CatchRobo-r08/install/motor_control/share/motor_control/cmake/export_motor_control__rosidl_typesupport_fastrtps_cppExport.cmake
[2.683s] -- Up-to-date: /home/mowmow/workspace/CatchRobo-r08/install/motor_control/share/motor_control/cmake/export_motor_control__rosidl_typesupport_fastrtps_cppExport-noconfig.cmake
[2.686s] -- Up-to-date: /home/mowmow/workspace/CatchRobo-r08/install/motor_control/share/motor_control/cmake/motor_control__rosidl_typesupport_introspection_cppExport.cmake
[2.688s] -- Up-to-date: /home/mowmow/workspace/CatchRobo-r08/install/motor_control/share/motor_control/cmake/motor_control__rosidl_typesupport_introspection_cppExport-noconfig.cmake
[2.690s] -- Up-to-date: /home/mowmow/workspace/CatchRobo-r08/install/motor_control/share/motor_control/cmake/motor_control__rosidl_typesupport_cppExport.cmake
[2.692s] -- Up-to-date: /home/mowmow/workspace/CatchRobo-r08/install/motor_control/share/motor_control/cmake/motor_control__rosidl_typesupport_cppExport-noconfig.cmake
[2.694s] -- Up-to-date: /home/mowmow/workspace/CatchRobo-r08/install/motor_control/share/motor_control/cmake/export_motor_control__rosidl_generator_pyExport.cmake
[2.696s] -- Up-to-date: /home/mowmow/workspace/CatchRobo-r08/install/motor_control/share/motor_control/cmake/export_motor_control__rosidl_generator_pyExport-noconfig.cmake
[2.699s] -- Up-to-date: /home/mowmow/workspace/CatchRobo-r08/install/motor_control/share/motor_control/cmake/rosidl_cmake-extras.cmake
[2.700s] -- Up-to-date: /home/mowmow/workspace/CatchRobo-r08/install/motor_control/share/motor_control/cmake/ament_cmake_export_dependencies-extras.cmake
[2.703s] -- Up-to-date: /home/mowmow/workspace/CatchRobo-r08/install/motor_control/share/motor_control/cmake/ament_cmake_export_include_directories-extras.cmake
[2.706s] -- Up-to-date: /home/mowmow/workspace/CatchRobo-r08/install/motor_control/share/motor_control/cmake/ament_cmake_export_libraries-extras.cmake
[2.708s] -- Up-to-date: /home/mowmow/workspace/CatchRobo-r08/install/motor_control/share/motor_control/cmake/ament_cmake_export_targets-extras.cmake
[2.711s] -- Up-to-date: /home/mowmow/workspace/CatchRobo-r08/install/motor_control/share/motor_control/cmake/rosidl_cmake_export_typesupport_targets-extras.cmake
[2.711s] -- Up-to-date: /home/mowmow/workspace/CatchRobo-r08/install/motor_control/share/motor_control/cmake/rosidl_cmake_export_typesupport_libraries-extras.cmake
[2.711s] -- Up-to-date: /home/mowmow/workspace/CatchRobo-r08/install/motor_control/share/motor_control/cmake/motor_controlConfig.cmake
[2.712s] -- Up-to-date: /home/mowmow/workspace/CatchRobo-r08/install/motor_control/share/motor_control/cmake/motor_controlConfig-version.cmake
[2.712s] -- Up-to-date: /home/mowmow/workspace/CatchRobo-r08/install/motor_control/share/motor_control/package.xml
[2.713s] Invoked command in '/home/mowmow/workspace/CatchRobo-r08/build/motor_control' returned '0': CMAKE_PREFIX_PATH=${CMAKE_PREFIX_PATH}:/opt/ros/humble /usr/bin/cmake --install /home/mowmow/workspace/CatchRobo-r08/build/motor_control
