[0.047s] Invoking command in '/home/mowmow/workspace/CatchRobo-r08/build/motor_control': CMAKE_PREFIX_PATH=${CMAKE_PREFIX_PATH}:/opt/ros/humble /usr/bin/cmake --build /home/mowmow/workspace/CatchRobo-r08/build/motor_control -- -j4 -l4
[0.298s] [  9%] Built target motor_control__rosidl_generator_c
[0.313s] [ 11%] Built target motor_control__cpp
[0.373s] [ 11%] Built target ament_cmake_python_copy_motor_control
[0.472s] [ 20%] Built target motor_control__rosidl_typesupport_fastrtps_c
[0.520s] [ 30%] Built target motor_control__rosidl_typesupport_introspection_c
[0.533s] [ 39%] Built target motor_control__rosidl_typesupport_c
[0.543s] [ 49%] Built target motor_control__rosidl_typesupport_fastrtps_cpp
[0.678s] [ 58%] Built target motor_control__rosidl_typesupport_introspection_cpp
[0.697s] [ 67%] Built target motor_control__rosidl_typesupport_cpp
[0.804s] [ 67%] Built target motor_control
[0.841s] [35m[1mConsolidate compiler generated dependencies of target control_node[0m
[0.951s] [35m[1mConsolidate compiler generated dependencies of target observe_node[0m
[1.030s] [ 71%] Built target communication_node
[1.134s] [ 73%] [32mBuilding CXX object CMakeFiles/control_node.dir/src/control_node.cpp.o[0m
[1.183s] [ 77%] Built target observe_node
[1.244s] [ 79%] Built target motor_control__py
[1.371s] [ 86%] Built target motor_control__rosidl_generator_py
[1.543s] [ 90%] Built target motor_control__rosidl_typesupport_introspection_c__pyext
[1.562s] [ 94%] Built target motor_control__rosidl_typesupport_fastrtps_c__pyext
[1.781s] [ 98%] Built target motor_control__rosidl_typesupport_c__pyext
[2.209s] running egg_info
[2.213s] writing motor_control.egg-info/PKG-INFO
[2.217s] writing dependency_links to motor_control.egg-info/dependency_links.txt
[2.221s] writing top-level names to motor_control.egg-info/top_level.txt
[2.231s] reading manifest file 'motor_control.egg-info/SOURCES.txt'
[2.233s] writing manifest file 'motor_control.egg-info/SOURCES.txt'
[2.404s] [ 98%] Built target ament_cmake_python_build_motor_control_egg
[35.369s] [100%] [32m[1mLinking CXX executable control_node[0m
[37.154s] [100%] Built target control_node
[37.224s] Invoked command in '/home/mowmow/workspace/CatchRobo-r08/build/motor_control' returned '0': CMAKE_PREFIX_PATH=${CMAKE_PREFIX_PATH}:/opt/ros/humble /usr/bin/cmake --build /home/mowmow/workspace/CatchRobo-r08/build/motor_control -- -j4 -l4
[37.265s] Invoking command in '/home/mowmow/workspace/CatchRobo-r08/build/motor_control': CMAKE_PREFIX_PATH=${CMAKE_PREFIX_PATH}:/opt/ros/humble /usr/bin/cmake --install /home/mowmow/workspace/CatchRobo-r08/build/motor_control
[37.295s] -- Install configuration: ""
[37.295s] -- Up-to-date: /home/mowmow/workspace/CatchRobo-r08/install/motor_control/share/ament_index/resource_index/rosidl_interfaces/motor_control
[37.296s] -- Up-to-date: /home/mowmow/workspace/CatchRobo-r08/install/motor_control/include/motor_control/motor_control
[37.297s] -- Up-to-date: /home/mowmow/workspace/CatchRobo-r08/install/motor_control/include/motor_control/motor_control/msg
[37.297s] -- Up-to-date: /home/mowmow/workspace/CatchRobo-r08/install/motor_control/include/motor_control/motor_control/msg/return_at.h
[37.298s] -- Up-to-date: /home/mowmow/workspace/CatchRobo-r08/install/motor_control/include/motor_control/motor_control/msg/send_array.h
[37.298s] -- Up-to-date: /home/mowmow/workspace/CatchRobo-r08/install/motor_control/include/motor_control/motor_control/msg/send_at.h
[37.299s] -- Up-to-date: /home/mowmow/workspace/CatchRobo-r08/install/motor_control/include/motor_control/motor_control/msg/rosidl_generator_c__visibility_control.h
[37.300s] -- Up-to-date: /home/mowmow/workspace/CatchRobo-r08/install/motor_control/include/motor_control/motor_control/msg/detail
[37.300s] -- Up-to-date: /home/mowmow/workspace/CatchRobo-r08/install/motor_control/include/motor_control/motor_control/msg/detail/return_at__functions.c
[37.301s] -- Up-to-date: /home/mowmow/workspace/CatchRobo-r08/install/motor_control/include/motor_control/motor_control/msg/detail/return_at__struct.h
[37.301s] -- Up-to-date: /home/mowmow/workspace/CatchRobo-r08/install/motor_control/include/motor_control/motor_control/msg/detail/send_at__type_support.h
[37.302s] -- Up-to-date: /home/mowmow/workspace/CatchRobo-r08/install/motor_control/include/motor_control/motor_control/msg/detail/send_at__functions.c
[37.303s] -- Up-to-date: /home/mowmow/workspace/CatchRobo-r08/install/motor_control/include/motor_control/motor_control/msg/detail/send_array__functions.h
[37.303s] -- Up-to-date: /home/mowmow/workspace/CatchRobo-r08/install/motor_control/include/motor_control/motor_control/msg/detail/send_array__type_support.h
[37.304s] -- Up-to-date: /home/mowmow/workspace/CatchRobo-r08/install/motor_control/include/motor_control/motor_control/msg/detail/send_array__functions.c
[37.304s] -- Up-to-date: /home/mowmow/workspace/CatchRobo-r08/install/motor_control/include/motor_control/motor_control/msg/detail/send_at__struct.h
[37.305s] -- Up-to-date: /home/mowmow/workspace/CatchRobo-r08/install/motor_control/include/motor_control/motor_control/msg/detail/send_array__struct.h
[37.305s] -- Up-to-date: /home/mowmow/workspace/CatchRobo-r08/install/motor_control/include/motor_control/motor_control/msg/detail/return_at__type_support.h
[37.306s] -- Up-to-date: /home/mowmow/workspace/CatchRobo-r08/install/motor_control/include/motor_control/motor_control/msg/detail/return_at__functions.h
[37.307s] -- Up-to-date: /home/mowmow/workspace/CatchRobo-r08/install/motor_control/include/motor_control/motor_control/msg/detail/send_at__functions.h
[37.307s] -- Up-to-date: /home/mowmow/workspace/CatchRobo-r08/install/motor_control/share/motor_control/environment/library_path.sh
[37.309s] -- Up-to-date: /home/mowmow/workspace/CatchRobo-r08/install/motor_control/share/motor_control/environment/library_path.dsv
[37.310s] -- Up-to-date: /home/mowmow/workspace/CatchRobo-r08/install/motor_control/lib/libmotor_control__rosidl_generator_c.so
[37.311s] -- Up-to-date: /home/mowmow/workspace/CatchRobo-r08/install/motor_control/include/motor_control/motor_control
[37.311s] -- Up-to-date: /home/mowmow/workspace/CatchRobo-r08/install/motor_control/include/motor_control/motor_control/msg
[37.312s] -- Up-to-date: /home/mowmow/workspace/CatchRobo-r08/install/motor_control/include/motor_control/motor_control/msg/rosidl_typesupport_fastrtps_c__visibility_control.h
[37.312s] -- Up-to-date: /home/mowmow/workspace/CatchRobo-r08/install/motor_control/include/motor_control/motor_control/msg/detail
[37.312s] -- Up-to-date: /home/mowmow/workspace/CatchRobo-r08/install/motor_control/include/motor_control/motor_control/msg/detail/send_array__rosidl_typesupport_fastrtps_c.h
[37.313s] -- Up-to-date: /home/mowmow/workspace/CatchRobo-r08/install/motor_control/include/motor_control/motor_control/msg/detail/send_at__rosidl_typesupport_fastrtps_c.h
[37.314s] -- Up-to-date: /home/mowmow/workspace/CatchRobo-r08/install/motor_control/include/motor_control/motor_control/msg/detail/return_at__rosidl_typesupport_fastrtps_c.h
[37.314s] -- Up-to-date: /home/mowmow/workspace/CatchRobo-r08/install/motor_control/lib/libmotor_control__rosidl_typesupport_fastrtps_c.so
[37.315s] -- Up-to-date: /home/mowmow/workspace/CatchRobo-r08/install/motor_control/include/motor_control/motor_control
[37.315s] -- Up-to-date: /home/mowmow/workspace/CatchRobo-r08/install/motor_control/include/motor_control/motor_control/msg
[37.316s] -- Up-to-date: /home/mowmow/workspace/CatchRobo-r08/install/motor_control/include/motor_control/motor_control/msg/detail
[37.317s] -- Up-to-date: /home/mowmow/workspace/CatchRobo-r08/install/motor_control/include/motor_control/motor_control/msg/detail/send_at__type_support.c
[37.318s] -- Up-to-date: /home/mowmow/workspace/CatchRobo-r08/install/motor_control/include/motor_control/motor_control/msg/detail/send_at__rosidl_typesupport_introspection_c.h
[37.318s] -- Up-to-date: /home/mowmow/workspace/CatchRobo-r08/install/motor_control/include/motor_control/motor_control/msg/detail/send_array__type_support.c
[37.319s] -- Up-to-date: /home/mowmow/workspace/CatchRobo-r08/install/motor_control/include/motor_control/motor_control/msg/detail/return_at__rosidl_typesupport_introspection_c.h
[37.319s] -- Up-to-date: /home/mowmow/workspace/CatchRobo-r08/install/motor_control/include/motor_control/motor_control/msg/detail/return_at__type_support.c
[37.319s] -- Up-to-date: /home/mowmow/workspace/CatchRobo-r08/install/motor_control/include/motor_control/motor_control/msg/detail/send_array__rosidl_typesupport_introspection_c.h
[37.320s] -- Up-to-date: /home/mowmow/workspace/CatchRobo-r08/install/motor_control/include/motor_control/motor_control/msg/rosidl_typesupport_introspection_c__visibility_control.h
[37.320s] -- Up-to-date: /home/mowmow/workspace/CatchRobo-r08/install/motor_control/lib/libmotor_control__rosidl_typesupport_introspection_c.so
[37.321s] -- Up-to-date: /home/mowmow/workspace/CatchRobo-r08/install/motor_control/lib/libmotor_control__rosidl_typesupport_c.so
[37.322s] -- Up-to-date: /home/mowmow/workspace/CatchRobo-r08/install/motor_control/include/motor_control/motor_control
[37.323s] -- Up-to-date: /home/mowmow/workspace/CatchRobo-r08/install/motor_control/include/motor_control/motor_control/msg
[37.324s] -- Up-to-date: /home/mowmow/workspace/CatchRobo-r08/install/motor_control/include/motor_control/motor_control/msg/return_at.hpp
[37.325s] -- Up-to-date: /home/mowmow/workspace/CatchRobo-r08/install/motor_control/include/motor_control/motor_control/msg/send_at.hpp
[37.325s] -- Up-to-date: /home/mowmow/workspace/CatchRobo-r08/install/motor_control/include/motor_control/motor_control/msg/send_array.hpp
[37.326s] -- Up-to-date: /home/mowmow/workspace/CatchRobo-r08/install/motor_control/include/motor_control/motor_control/msg/detail
[37.327s] -- Up-to-date: /home/mowmow/workspace/CatchRobo-r08/install/motor_control/include/motor_control/motor_control/msg/detail/return_at__type_support.hpp
[37.328s] -- Up-to-date: /home/mowmow/workspace/CatchRobo-r08/install/motor_control/include/motor_control/motor_control/msg/detail/send_array__type_support.hpp
[37.328s] -- Up-to-date: /home/mowmow/workspace/CatchRobo-r08/install/motor_control/include/motor_control/motor_control/msg/detail/return_at__struct.hpp
[37.329s] -- Up-to-date: /home/mowmow/workspace/CatchRobo-r08/install/motor_control/include/motor_control/motor_control/msg/detail/send_at__traits.hpp
[37.330s] -- Up-to-date: /home/mowmow/workspace/CatchRobo-r08/install/motor_control/include/motor_control/motor_control/msg/detail/return_at__builder.hpp
[37.330s] -- Up-to-date: /home/mowmow/workspace/CatchRobo-r08/install/motor_control/include/motor_control/motor_control/msg/detail/send_array__traits.hpp
[37.331s] -- Up-to-date: /home/mowmow/workspace/CatchRobo-r08/install/motor_control/include/motor_control/motor_control/msg/detail/send_at__builder.hpp
[37.331s] -- Up-to-date: /home/mowmow/workspace/CatchRobo-r08/install/motor_control/include/motor_control/motor_control/msg/detail/return_at__traits.hpp
[37.332s] -- Up-to-date: /home/mowmow/workspace/CatchRobo-r08/install/motor_control/include/motor_control/motor_control/msg/detail/send_at__struct.hpp
[37.332s] -- Up-to-date: /home/mowmow/workspace/CatchRobo-r08/install/motor_control/include/motor_control/motor_control/msg/detail/send_at__type_support.hpp
[37.333s] -- Up-to-date: /home/mowmow/workspace/CatchRobo-r08/install/motor_control/include/motor_control/motor_control/msg/detail/send_array__builder.hpp
[37.333s] -- Up-to-date: /home/mowmow/workspace/CatchRobo-r08/install/motor_control/include/motor_control/motor_control/msg/detail/send_array__struct.hpp
[37.334s] -- Up-to-date: /home/mowmow/workspace/CatchRobo-r08/install/motor_control/include/motor_control/motor_control/msg/rosidl_generator_cpp__visibility_control.hpp
[37.335s] -- Up-to-date: /home/mowmow/workspace/CatchRobo-r08/install/motor_control/include/motor_control/motor_control
[37.335s] -- Up-to-date: /home/mowmow/workspace/CatchRobo-r08/install/motor_control/include/motor_control/motor_control/msg
[37.336s] -- Up-to-date: /home/mowmow/workspace/CatchRobo-r08/install/motor_control/include/motor_control/motor_control/msg/rosidl_typesupport_fastrtps_cpp__visibility_control.h
[37.337s] -- Up-to-date: /home/mowmow/workspace/CatchRobo-r08/install/motor_control/include/motor_control/motor_control/msg/detail
[37.337s] -- Up-to-date: /home/mowmow/workspace/CatchRobo-r08/install/motor_control/include/motor_control/motor_control/msg/detail/dds_fastrtps
[37.337s] -- Up-to-date: /home/mowmow/workspace/CatchRobo-r08/install/motor_control/include/motor_control/motor_control/msg/detail/return_at__rosidl_typesupport_fastrtps_cpp.hpp
[37.338s] -- Up-to-date: /home/mowmow/workspace/CatchRobo-r08/install/motor_control/include/motor_control/motor_control/msg/detail/send_array__rosidl_typesupport_fastrtps_cpp.hpp
[37.338s] -- Up-to-date: /home/mowmow/workspace/CatchRobo-r08/install/motor_control/include/motor_control/motor_control/msg/detail/send_at__rosidl_typesupport_fastrtps_cpp.hpp
[37.339s] -- Up-to-date: /home/mowmow/workspace/CatchRobo-r08/install/motor_control/lib/libmotor_control__rosidl_typesupport_fastrtps_cpp.so
[37.340s] -- Up-to-date: /home/mowmow/workspace/CatchRobo-r08/install/motor_control/include/motor_control/motor_control
[37.340s] -- Up-to-date: /home/mowmow/workspace/CatchRobo-r08/install/motor_control/include/motor_control/motor_control/msg
[37.341s] -- Up-to-date: /home/mowmow/workspace/CatchRobo-r08/install/motor_control/include/motor_control/motor_control/msg/detail
[37.341s] -- Up-to-date: /home/mowmow/workspace/CatchRobo-r08/install/motor_control/include/motor_control/motor_control/msg/detail/return_at__rosidl_typesupport_introspection_cpp.hpp
[37.342s] -- Up-to-date: /home/mowmow/workspace/CatchRobo-r08/install/motor_control/include/motor_control/motor_control/msg/detail/send_at__rosidl_typesupport_introspection_cpp.hpp
[37.343s] -- Up-to-date: /home/mowmow/workspace/CatchRobo-r08/install/motor_control/include/motor_control/motor_control/msg/detail/send_array__rosidl_typesupport_introspection_cpp.hpp
[37.343s] -- Up-to-date: /home/mowmow/workspace/CatchRobo-r08/install/motor_control/include/motor_control/motor_control/msg/detail/return_at__type_support.cpp
[37.344s] -- Up-to-date: /home/mowmow/workspace/CatchRobo-r08/install/motor_control/include/motor_control/motor_control/msg/detail/send_at__type_support.cpp
[37.344s] -- Up-to-date: /home/mowmow/workspace/CatchRobo-r08/install/motor_control/include/motor_control/motor_control/msg/detail/send_array__type_support.cpp
[37.345s] -- Up-to-date: /home/mowmow/workspace/CatchRobo-r08/install/motor_control/lib/libmotor_control__rosidl_typesupport_introspection_cpp.so
[37.345s] -- Up-to-date: /home/mowmow/workspace/CatchRobo-r08/install/motor_control/lib/libmotor_control__rosidl_typesupport_cpp.so
[37.346s] -- Up-to-date: /home/mowmow/workspace/CatchRobo-r08/install/motor_control/share/motor_control/environment/pythonpath.sh
[37.346s] -- Up-to-date: /home/mowmow/workspace/CatchRobo-r08/install/motor_control/share/motor_control/environment/pythonpath.dsv
[37.347s] -- Up-to-date: /home/mowmow/workspace/CatchRobo-r08/install/motor_control/local/lib/python3.10/dist-packages/motor_control-0.0.1-py3.10.egg-info
[37.348s] -- Installing: /home/mowmow/workspace/CatchRobo-r08/install/motor_control/local/lib/python3.10/dist-packages/motor_control-0.0.1-py3.10.egg-info/PKG-INFO
[37.348s] -- Installing: /home/mowmow/workspace/CatchRobo-r08/install/motor_control/local/lib/python3.10/dist-packages/motor_control-0.0.1-py3.10.egg-info/top_level.txt
[37.349s] -- Installing: /home/mowmow/workspace/CatchRobo-r08/install/motor_control/local/lib/python3.10/dist-packages/motor_control-0.0.1-py3.10.egg-info/SOURCES.txt
[37.350s] -- Installing: /home/mowmow/workspace/CatchRobo-r08/install/motor_control/local/lib/python3.10/dist-packages/motor_control-0.0.1-py3.10.egg-info/dependency_links.txt
[37.351s] -- Up-to-date: /home/mowmow/workspace/CatchRobo-r08/install/motor_control/local/lib/python3.10/dist-packages/motor_control
[37.351s] -- Up-to-date: /home/mowmow/workspace/CatchRobo-r08/install/motor_control/local/lib/python3.10/dist-packages/motor_control/_motor_control_s.ep.rosidl_typesupport_c.c
[37.352s] -- Up-to-date: /home/mowmow/workspace/CatchRobo-r08/install/motor_control/local/lib/python3.10/dist-packages/motor_control/_motor_control_s.ep.rosidl_typesupport_introspection_c.c
[37.353s] -- Up-to-date: /home/mowmow/workspace/CatchRobo-r08/install/motor_control/local/lib/python3.10/dist-packages/motor_control/libmotor_control__rosidl_generator_py.so
[37.354s] -- Up-to-date: /home/mowmow/workspace/CatchRobo-r08/install/motor_control/local/lib/python3.10/dist-packages/motor_control/__init__.py
[37.354s] -- Up-to-date: /home/mowmow/workspace/CatchRobo-r08/install/motor_control/local/lib/python3.10/dist-packages/motor_control/motor_control_s__rosidl_typesupport_c.cpython-310-aarch64-linux-gnu.so
[37.355s] -- Up-to-date: /home/mowmow/workspace/CatchRobo-r08/install/motor_control/local/lib/python3.10/dist-packages/motor_control/motor_control_s__rosidl_typesupport_introspection_c.cpython-310-aarch64-linux-gnu.so
[37.355s] -- Up-to-date: /home/mowmow/workspace/CatchRobo-r08/install/motor_control/local/lib/python3.10/dist-packages/motor_control/msg
[37.356s] -- Up-to-date: /home/mowmow/workspace/CatchRobo-r08/install/motor_control/local/lib/python3.10/dist-packages/motor_control/msg/_return_at_s.c
[37.356s] -- Up-to-date: /home/mowmow/workspace/CatchRobo-r08/install/motor_control/local/lib/python3.10/dist-packages/motor_control/msg/_send_array_s.c
[37.356s] -- Up-to-date: /home/mowmow/workspace/CatchRobo-r08/install/motor_control/local/lib/python3.10/dist-packages/motor_control/msg/__init__.py
[37.357s] -- Up-to-date: /home/mowmow/workspace/CatchRobo-r08/install/motor_control/local/lib/python3.10/dist-packages/motor_control/msg/_send_array.py
[37.357s] -- Up-to-date: /home/mowmow/workspace/CatchRobo-r08/install/motor_control/local/lib/python3.10/dist-packages/motor_control/msg/_send_at_s.c
[37.357s] -- Up-to-date: /home/mowmow/workspace/CatchRobo-r08/install/motor_control/local/lib/python3.10/dist-packages/motor_control/msg/_return_at.py
[37.358s] -- Up-to-date: /home/mowmow/workspace/CatchRobo-r08/install/motor_control/local/lib/python3.10/dist-packages/motor_control/msg/_send_at.py
[37.358s] -- Up-to-date: /home/mowmow/workspace/CatchRobo-r08/install/motor_control/local/lib/python3.10/dist-packages/motor_control/motor_control_s__rosidl_typesupport_fastrtps_c.cpython-310-aarch64-linux-gnu.so
[37.359s] -- Up-to-date: /home/mowmow/workspace/CatchRobo-r08/install/motor_control/local/lib/python3.10/dist-packages/motor_control/_motor_control_s.ep.rosidl_typesupport_fastrtps_c.c
[37.511s] Listing '/home/mowmow/workspace/CatchRobo-r08/install/motor_control/local/lib/python3.10/dist-packages/motor_control'...
[37.513s] Listing '/home/mowmow/workspace/CatchRobo-r08/install/motor_control/local/lib/python3.10/dist-packages/motor_control/msg'...
[37.536s] -- Up-to-date: /home/mowmow/workspace/CatchRobo-r08/install/motor_control/local/lib/python3.10/dist-packages/motor_control/motor_control_s__rosidl_typesupport_fastrtps_c.cpython-310-aarch64-linux-gnu.so
[37.539s] -- Up-to-date: /home/mowmow/workspace/CatchRobo-r08/install/motor_control/local/lib/python3.10/dist-packages/motor_control/motor_control_s__rosidl_typesupport_introspection_c.cpython-310-aarch64-linux-gnu.so
[37.541s] -- Up-to-date: /home/mowmow/workspace/CatchRobo-r08/install/motor_control/local/lib/python3.10/dist-packages/motor_control/motor_control_s__rosidl_typesupport_c.cpython-310-aarch64-linux-gnu.so
[37.544s] -- Up-to-date: /home/mowmow/workspace/CatchRobo-r08/install/motor_control/lib/libmotor_control__rosidl_generator_py.so
[37.548s] -- Up-to-date: /home/mowmow/workspace/CatchRobo-r08/install/motor_control/share/motor_control/msg/ReturnAt.idl
[37.549s] -- Up-to-date: /home/mowmow/workspace/CatchRobo-r08/install/motor_control/share/motor_control/msg/SendAt.idl
[37.550s] -- Up-to-date: /home/mowmow/workspace/CatchRobo-r08/install/motor_control/share/motor_control/msg/SendArray.idl
[37.550s] -- Up-to-date: /home/mowmow/workspace/CatchRobo-r08/install/motor_control/share/motor_control/msg/ReturnAt.msg
[37.550s] -- Up-to-date: /home/mowmow/workspace/CatchRobo-r08/install/motor_control/share/motor_control/msg/SendAt.msg
[37.551s] -- Up-to-date: /home/mowmow/workspace/CatchRobo-r08/install/motor_control/share/motor_control/msg/SendArray.msg
[37.551s] -- Up-to-date: /home/mowmow/workspace/CatchRobo-r08/install/motor_control/lib/motor_control/communication_node
[37.553s] -- Installing: /home/mowmow/workspace/CatchRobo-r08/install/motor_control/lib/motor_control/control_node
[37.588s] -- Set runtime path of "/home/mowmow/workspace/CatchRobo-r08/install/motor_control/lib/motor_control/control_node" to ""
[37.589s] -- Installing: /home/mowmow/workspace/CatchRobo-r08/install/motor_control/lib/motor_control/observe_node
[37.648s] -- Set runtime path of "/home/mowmow/workspace/CatchRobo-r08/install/motor_control/lib/motor_control/observe_node" to ""
[37.650s] -- Up-to-date: /home/mowmow/workspace/CatchRobo-r08/install/motor_control/include
[37.651s] -- Up-to-date: /home/mowmow/workspace/CatchRobo-r08/install/motor_control/include/motor_control
[37.657s] -- Up-to-date: /home/mowmow/workspace/CatchRobo-r08/install/motor_control/include/motor_control/transform.hpp
[37.659s] -- Up-to-date: /home/mowmow/workspace/CatchRobo-r08/install/motor_control/include/motor_control/serial_utils.hpp
[37.660s] -- Up-to-date: /home/mowmow/workspace/CatchRobo-r08/install/motor_control/share/motor_control/launch
[37.661s] -- Up-to-date: /home/mowmow/workspace/CatchRobo-r08/install/motor_control/share/motor_control/launch/bringup.launch.py
[37.662s] -- Up-to-date: /home/mowmow/workspace/CatchRobo-r08/install/motor_control/share/motor_control/config
[37.663s] -- Up-to-date: /home/mowmow/workspace/CatchRobo-r08/install/motor_control/share/motor_control/config/program.csv
[37.664s] -- Up-to-date: /home/mowmow/workspace/CatchRobo-r08/install/motor_control/share/ament_index/resource_index/package_run_dependencies/motor_control
[37.666s] -- Up-to-date: /home/mowmow/workspace/CatchRobo-r08/install/motor_control/share/ament_index/resource_index/parent_prefix_path/motor_control
[37.669s] -- Up-to-date: /home/mowmow/workspace/CatchRobo-r08/install/motor_control/share/motor_control/environment/ament_prefix_path.sh
[37.671s] -- Up-to-date: /home/mowmow/workspace/CatchRobo-r08/install/motor_control/share/motor_control/environment/ament_prefix_path.dsv
[37.673s] -- Up-to-date: /home/mowmow/workspace/CatchRobo-r08/install/motor_control/share/motor_control/environment/path.sh
[37.676s] -- Up-to-date: /home/mowmow/workspace/CatchRobo-r08/install/motor_control/share/motor_control/environment/path.dsv
[37.677s] -- Up-to-date: /home/mowmow/workspace/CatchRobo-r08/install/motor_control/share/motor_control/local_setup.bash
[37.677s] -- Up-to-date: /home/mowmow/workspace/CatchRobo-r08/install/motor_control/share/motor_control/local_setup.sh
[37.678s] -- Up-to-date: /home/mowmow/workspace/CatchRobo-r08/install/motor_control/share/motor_control/local_setup.zsh
[37.678s] -- Up-to-date: /home/mowmow/workspace/CatchRobo-r08/install/motor_control/share/motor_control/local_setup.dsv
[37.678s] -- Installing: /home/mowmow/workspace/CatchRobo-r08/install/motor_control/share/motor_control/package.dsv
[37.678s] -- Up-to-date: /home/mowmow/workspace/CatchRobo-r08/install/motor_control/share/ament_index/resource_index/packages/motor_control
[37.679s] -- Up-to-date: /home/mowmow/workspace/CatchRobo-r08/install/motor_control/share/motor_control/cmake/export_motor_control__rosidl_generator_cExport.cmake
[37.679s] -- Up-to-date: /home/mowmow/workspace/CatchRobo-r08/install/motor_control/share/motor_control/cmake/export_motor_control__rosidl_generator_cExport-noconfig.cmake
[37.680s] -- Up-to-date: /home/mowmow/workspace/CatchRobo-r08/install/motor_control/share/motor_control/cmake/export_motor_control__rosidl_typesupport_fastrtps_cExport.cmake
[37.681s] -- Up-to-date: /home/mowmow/workspace/CatchRobo-r08/install/motor_control/share/motor_control/cmake/export_motor_control__rosidl_typesupport_fastrtps_cExport-noconfig.cmake
[37.681s] -- Up-to-date: /home/mowmow/workspace/CatchRobo-r08/install/motor_control/share/motor_control/cmake/motor_control__rosidl_typesupport_introspection_cExport.cmake
[37.681s] -- Up-to-date: /home/mowmow/workspace/CatchRobo-r08/install/motor_control/share/motor_control/cmake/motor_control__rosidl_typesupport_introspection_cExport-noconfig.cmake
[37.682s] -- Up-to-date: /home/mowmow/workspace/CatchRobo-r08/install/motor_control/share/motor_control/cmake/motor_control__rosidl_typesupport_cExport.cmake
[37.682s] -- Up-to-date: /home/mowmow/workspace/CatchRobo-r08/install/motor_control/share/motor_control/cmake/motor_control__rosidl_typesupport_cExport-noconfig.cmake
[37.682s] -- Up-to-date: /home/mowmow/workspace/CatchRobo-r08/install/motor_control/share/motor_control/cmake/export_motor_control__rosidl_generator_cppExport.cmake
[37.683s] -- Up-to-date: /home/mowmow/workspace/CatchRobo-r08/install/motor_control/share/motor_control/cmake/export_motor_control__rosidl_typesupport_fastrtps_cppExport.cmake
[37.683s] -- Up-to-date: /home/mowmow/workspace/CatchRobo-r08/install/motor_control/share/motor_control/cmake/export_motor_control__rosidl_typesupport_fastrtps_cppExport-noconfig.cmake
[37.683s] -- Up-to-date: /home/mowmow/workspace/CatchRobo-r08/install/motor_control/share/motor_control/cmake/motor_control__rosidl_typesupport_introspection_cppExport.cmake
[37.684s] -- Up-to-date: /home/mowmow/workspace/CatchRobo-r08/install/motor_control/share/motor_control/cmake/motor_control__rosidl_typesupport_introspection_cppExport-noconfig.cmake
[37.684s] -- Up-to-date: /home/mowmow/workspace/CatchRobo-r08/install/motor_control/share/motor_control/cmake/motor_control__rosidl_typesupport_cppExport.cmake
[37.684s] -- Up-to-date: /home/mowmow/workspace/CatchRobo-r08/install/motor_control/share/motor_control/cmake/motor_control__rosidl_typesupport_cppExport-noconfig.cmake
[37.684s] -- Up-to-date: /home/mowmow/workspace/CatchRobo-r08/install/motor_control/share/motor_control/cmake/export_motor_control__rosidl_generator_pyExport.cmake
[37.685s] -- Up-to-date: /home/mowmow/workspace/CatchRobo-r08/install/motor_control/share/motor_control/cmake/export_motor_control__rosidl_generator_pyExport-noconfig.cmake
[37.685s] -- Up-to-date: /home/mowmow/workspace/CatchRobo-r08/install/motor_control/share/motor_control/cmake/rosidl_cmake-extras.cmake
[37.685s] -- Up-to-date: /home/mowmow/workspace/CatchRobo-r08/install/motor_control/share/motor_control/cmake/ament_cmake_export_dependencies-extras.cmake
[37.686s] -- Up-to-date: /home/mowmow/workspace/CatchRobo-r08/install/motor_control/share/motor_control/cmake/ament_cmake_export_include_directories-extras.cmake
[37.686s] -- Up-to-date: /home/mowmow/workspace/CatchRobo-r08/install/motor_control/share/motor_control/cmake/ament_cmake_export_libraries-extras.cmake
[37.686s] -- Up-to-date: /home/mowmow/workspace/CatchRobo-r08/install/motor_control/share/motor_control/cmake/ament_cmake_export_targets-extras.cmake
[37.716s] -- Up-to-date: /home/mowmow/workspace/CatchRobo-r08/install/motor_control/share/motor_control/cmake/rosidl_cmake_export_typesupport_targets-extras.cmake
[37.717s] -- Up-to-date: /home/mowmow/workspace/CatchRobo-r08/install/motor_control/share/motor_control/cmake/rosidl_cmake_export_typesupport_libraries-extras.cmake
[37.719s] -- Up-to-date: /home/mowmow/workspace/CatchRobo-r08/install/motor_control/share/motor_control/cmake/motor_controlConfig.cmake
[37.720s] -- Up-to-date: /home/mowmow/workspace/CatchRobo-r08/install/motor_control/share/motor_control/cmake/motor_controlConfig-version.cmake
[37.720s] -- Up-to-date: /home/mowmow/workspace/CatchRobo-r08/install/motor_control/share/motor_control/package.xml
[37.728s] Invoked command in '/home/mowmow/workspace/CatchRobo-r08/build/motor_control' returned '0': CMAKE_PREFIX_PATH=${CMAKE_PREFIX_PATH}:/opt/ros/humble /usr/bin/cmake --install /home/mowmow/workspace/CatchRobo-r08/build/motor_control
