[  1%] Built target motor_control__cpp
[ 11%] Built target motor_control__rosidl_generator_c
[ 11%] Built target ament_cmake_python_copy_motor_control
[ 20%] Built target motor_control__rosidl_typesupport_cpp
[ 30%] Built target motor_control__rosidl_typesupport_introspection_cpp
[ 39%] Built target motor_control__rosidl_typesupport_fastrtps_cpp
[ 49%] Built target motor_control__rosidl_typesupport_fastrtps_c
[ 58%] Built target motor_control__rosidl_typesupport_introspection_c
[ 67%] Built target motor_control__rosidl_typesupport_c
[35m[1mConsolidate compiler generated dependencies of target communication_node[0m
[ 71%] Built target control_node
[ 73%] [32mBuilding CXX object CMakeFiles/observe_node.dir/src/observe_node.cpp.o[0m
[ 77%] Built target communication_node
[ 77%] Built target motor_control
[ 79%] Built target motor_control__py
[ 86%] Built target motor_control__rosidl_generator_py
[ 90%] Built target motor_control__rosidl_typesupport_introspection_c__pyext
[ 94%] Built target motor_control__rosidl_typesupport_fastrtps_c__pyext
[ 98%] Built target motor_control__rosidl_typesupport_c__pyext
running egg_info
writing motor_control.egg-info/PKG-INFO
writing dependency_links to motor_control.egg-info/dependency_links.txt
writing top-level names to motor_control.egg-info/top_level.txt
reading manifest file 'motor_control.egg-info/SOURCES.txt'
writing manifest file 'motor_control.egg-info/SOURCES.txt'
[ 98%] Built target ament_cmake_python_build_motor_control_egg
[01m[K/home/mowmow/workspace/CatchRobo-r08/src/motor_control/src/observe_node.cpp:94:65:[m[K [01;35m[Kwarning: [m[Kconverting to ‘[01m[Kmotor_control::msg::ReturnAt_<std::allocator<void> >[m[K’ from initializer list would use explicit constructor ‘[01m[Kmotor_control::msg::ReturnAt_<ContainerAllocator>::ReturnAt_(rosidl_runtime_cpp::MessageInitialization) [with ContainerAllocator = std::allocator<void>][m[K’
   94 |   std::array<motor_control::msg::ReturnAt, kjoints> last_state_{[01;35m[K}[m[K;
      |                                                                 [01;35m[K^[m[K
[01m[K/home/mowmow/workspace/CatchRobo-r08/src/motor_control/src/observe_node.cpp:94:65:[m[K [01;36m[Knote: [m[Kin C++11 and above a default constructor can be explicit
[01m[K/home/mowmow/workspace/CatchRobo-r08/src/motor_control/src/observe_node.cpp:94:65:[m[K [01;35m[Kwarning: [m[Kconverting to ‘[01m[Kmotor_control::msg::ReturnAt_<std::allocator<void> >[m[K’ from initializer list would use explicit constructor ‘[01m[Kmotor_control::msg::ReturnAt_<ContainerAllocator>::ReturnAt_(rosidl_runtime_cpp::MessageInitialization) [with ContainerAllocator = std::allocator<void>][m[K’
[01m[K/home/mowmow/workspace/CatchRobo-r08/src/motor_control/src/observe_node.cpp:94:65:[m[K [01;36m[Knote: [m[Kin C++11 and above a default constructor can be explicit
[01m[K/home/mowmow/workspace/CatchRobo-r08/src/motor_control/src/observe_node.cpp:94:65:[m[K [01;35m[Kwarning: [m[Kconverting to ‘[01m[Kmotor_control::msg::ReturnAt_<std::allocator<void> >[m[K’ from initializer list would use explicit constructor ‘[01m[Kmotor_control::msg::ReturnAt_<ContainerAllocator>::ReturnAt_(rosidl_runtime_cpp::MessageInitialization) [with ContainerAllocator = std::allocator<void>][m[K’
[01m[K/home/mowmow/workspace/CatchRobo-r08/src/motor_control/src/observe_node.cpp:94:65:[m[K [01;36m[Knote: [m[Kin C++11 and above a default constructor can be explicit
[01m[K/home/mowmow/workspace/CatchRobo-r08/src/motor_control/src/observe_node.cpp:94:65:[m[K [01;35m[Kwarning: [m[Kconverting to ‘[01m[Kmotor_control::msg::ReturnAt_<std::allocator<void> >[m[K’ from initializer list would use explicit constructor ‘[01m[Kmotor_control::msg::ReturnAt_<ContainerAllocator>::ReturnAt_(rosidl_runtime_cpp::MessageInitialization) [with ContainerAllocator = std::allocator<void>][m[K’
[01m[K/home/mowmow/workspace/CatchRobo-r08/src/motor_control/src/observe_node.cpp:94:65:[m[K [01;36m[Knote: [m[Kin C++11 and above a default constructor can be explicit
[01m[K/home/mowmow/workspace/CatchRobo-r08/src/motor_control/src/observe_node.cpp:94:65:[m[K [01;35m[Kwarning: [m[Kconverting to ‘[01m[Kmotor_control::msg::ReturnAt_<std::allocator<void> >[m[K’ from initializer list would use explicit constructor ‘[01m[Kmotor_control::msg::ReturnAt_<ContainerAllocator>::ReturnAt_(rosidl_runtime_cpp::MessageInitialization) [with ContainerAllocator = std::allocator<void>][m[K’
[01m[K/home/mowmow/workspace/CatchRobo-r08/src/motor_control/src/observe_node.cpp:94:65:[m[K [01;36m[Knote: [m[Kin C++11 and above a default constructor can be explicit
[01m[K/home/mowmow/workspace/CatchRobo-r08/src/motor_control/src/observe_node.cpp:94:65:[m[K [01;35m[Kwarning: [m[Kconverting to ‘[01m[Kmotor_control::msg::ReturnAt_<std::allocator<void> >[m[K’ from initializer list would use explicit constructor ‘[01m[Kmotor_control::msg::ReturnAt_<ContainerAllocator>::ReturnAt_(rosidl_runtime_cpp::MessageInitialization) [with ContainerAllocator = std::allocator<void>][m[K’
[01m[K/home/mowmow/workspace/CatchRobo-r08/src/motor_control/src/observe_node.cpp:94:65:[m[K [01;36m[Knote: [m[Kin C++11 and above a default constructor can be explicit
[100%] [32m[1mLinking CXX executable observe_node[0m
gmake[2]: *** Deleting file 'observe_node'
gmake[2]: *** [CMakeFiles/observe_node.dir/build.make:160: observe_node] Interrupt
gmake[1]: *** [CMakeFiles/Makefile2:651: CMakeFiles/observe_node.dir/all] Interrupt
gmake: *** [Makefile:146: all] Interrupt
