[0.056s] Invoking command in '/home/mowmow/workspace/CatchRobo-r08/build/motor_control': CMAKE_PREFIX_PATH=/opt/ros/humble /usr/bin/cmake --build /home/mowmow/workspace/CatchRobo-r08/build/motor_control -- -j4 -l4
[0.290s] [  1%] Built target motor_control__cpp
[0.342s] [  1%] Built target ament_cmake_python_copy_motor_control
[0.375s] [ 11%] Built target motor_control__rosidl_generator_c
[0.428s] [ 20%] Built target motor_control__rosidl_typesupport_cpp
[0.453s] [ 30%] Built target motor_control__rosidl_typesupport_fastrtps_cpp
[0.486s] [ 39%] Built target motor_control__rosidl_typesupport_introspection_cpp
[0.584s] [ 49%] Built target motor_control__rosidl_typesupport_introspection_c
[0.596s] [ 58%] Built target motor_control__rosidl_typesupport_fastrtps_c
[0.660s] [ 67%] Built target motor_control__rosidl_typesupport_c
[0.671s] [35m[1mConsolidate compiler generated dependencies of target communication_node[0m
[0.796s] [ 69%] [32mBuilding CXX object CMakeFiles/control_node.dir/src/control_node.cpp.o[0m
[0.845s] [ 73%] Built target communication_node
[0.926s] [ 77%] Built target observe_node
[1.014s] [ 77%] Built target motor_control
[1.149s] [ 79%] Built target motor_control__py
[1.265s] [ 86%] Built target motor_control__rosidl_generator_py
[1.398s] [ 90%] Built target motor_control__rosidl_typesupport_fastrtps_c__pyext
[1.437s] [ 94%] Built target motor_control__rosidl_typesupport_introspection_c__pyext
[1.505s] [ 98%] Built target motor_control__rosidl_typesupport_c__pyext
[1.941s] running egg_info
[1.945s] writing motor_control.egg-info/PKG-INFO
[1.946s] writing dependency_links to motor_control.egg-info/dependency_links.txt
[1.947s] writing top-level names to motor_control.egg-info/top_level.txt
[1.957s] reading manifest file 'motor_control.egg-info/SOURCES.txt'
[1.960s] writing manifest file 'motor_control.egg-info/SOURCES.txt'
[2.092s] [ 98%] Built target ament_cmake_python_build_motor_control_egg
[10.980s] [01m[K/home/mowmow/workspace/CatchRobo-r08/src/motor_control/src/control_node.cpp:[m[K In member function ‘[01m[Kbool ControlNode::make_batch(motor_control::msg::SendArray&)[m[K’:
[10.981s] [01m[K/home/mowmow/workspace/CatchRobo-r08/src/motor_control/src/control_node.cpp:67:10:[m[K [01;35m[Kwarning: [m[Kunused variable ‘[01m[Kpomp[m[K’ [[01;35m[K]8;;https://gcc.gnu.org/onlinedocs/gcc/Warning-Options.html#index-Wunused-variable-Wunused-variable]8;;[m[K]
[10.982s]    67 |     bool [01;35m[Kpomp[m[K = to_int(trim_copy(cell)).value_or(0) != 0;
[10.983s]       |          [01;35m[K^~~~[m[K
[10.992s] In file included from [01m[K/opt/ros/humble/include/rclcpp/rclcpp/logging.hpp:24[m[K,
[10.992s]                  from [01m[K/opt/ros/humble/include/rclcpp/rclcpp/client.hpp:40[m[K,
[10.993s]                  from [01m[K/opt/ros/humble/include/rclcpp/rclcpp/callback_group.hpp:24[m[K,
[10.993s]                  from [01m[K/opt/ros/humble/include/rclcpp/rclcpp/any_executable.hpp:20[m[K,
[10.994s]                  from [01m[K/opt/ros/humble/include/rclcpp/rclcpp/memory_strategy.hpp:25[m[K,
[10.994s]                  from [01m[K/opt/ros/humble/include/rclcpp/rclcpp/memory_strategies.hpp:18[m[K,
[10.994s]                  from [01m[K/opt/ros/humble/include/rclcpp/rclcpp/executor_options.hpp:20[m[K,
[10.995s]                  from [01m[K/opt/ros/humble/include/rclcpp/rclcpp/executor.hpp:37[m[K,
[10.995s]                  from [01m[K/opt/ros/humble/include/rclcpp/rclcpp/executors/multi_threaded_executor.hpp:25[m[K,
[10.996s]                  from [01m[K/opt/ros/humble/include/rclcpp/rclcpp/executors.hpp:21[m[K,
[10.996s]                  from [01m[K/opt/ros/humble/include/rclcpp/rclcpp/rclcpp.hpp:155[m[K,
[10.997s]                  from [01m[K/home/mowmow/workspace/CatchRobo-r08/src/motor_control/src/control_node.cpp:1[m[K:
[10.997s] [01m[K/home/mowmow/workspace/CatchRobo-r08/src/motor_control/src/control_node.cpp:[m[K In member function ‘[01m[Kvoid ControlNode::on_done(std_msgs::msg::Bool_<std::allocator<void> >::SharedPtr)[m[K’:
[10.998s] [01m[K/home/mowmow/workspace/CatchRobo-r08/src/motor_control/src/control_node.cpp:103:40:[m[K [01;31m[Kerror: [m[Kcannot convert ‘[01m[Kstd_msgs::msg::Bool_<std::allocator<void> >::_data_type[m[K’ {aka ‘[01m[Kbool[m[K’} to ‘[01m[Kconst char*[m[K’
[10.998s]   103 |         RCLCPP_INFO(get_logger(), [01;31m[Kmsg->data[m[K);
[10.998s]       |                                   [01;31m[K~~~~~^~~~[m[K
[10.999s]       |                                        [01;31m[K|[m[K
[10.999s]       |                                        [01;31m[Kstd_msgs::msg::Bool_<std::allocator<void> >::_data_type {aka bool}[m[K
[11.000s] In file included from [01m[K/opt/ros/humble/include/rmw/rmw/types.h:28[m[K,
[11.000s]                  from [01m[K/opt/ros/humble/include/rcl/rcl/types.h:20[m[K,
[11.001s]                  from [01m[K/opt/ros/humble/include/rcl/rcl/log_level.h:22[m[K,
[11.001s]                  from [01m[K/opt/ros/humble/include/rcl/rcl/arguments.h:21[m[K,
[11.002s]                  from [01m[K/opt/ros/humble/include/rcl/rcl/context.h:28[m[K,
[11.002s]                  from [01m[K/opt/ros/humble/include/rcl/rcl/guard_condition.h:26[m[K,
[11.002s]                  from [01m[K/opt/ros/humble/include/rclcpp/rclcpp/executor.hpp:30[m[K,
[11.003s]                  from [01m[K/opt/ros/humble/include/rclcpp/rclcpp/executors/multi_threaded_executor.hpp:25[m[K,
[11.004s]                  from [01m[K/opt/ros/humble/include/rclcpp/rclcpp/executors.hpp:21[m[K,
[11.004s]                  from [01m[K/opt/ros/humble/include/rclcpp/rclcpp/rclcpp.hpp:155[m[K,
[11.005s]                  from [01m[K/home/mowmow/workspace/CatchRobo-r08/src/motor_control/src/control_node.cpp:1[m[K:
[11.006s] [01m[K/opt/ros/humble/include/rcutils/rcutils/logging.h:479:16:[m[K [01;36m[Knote: [m[K  initializing argument 4 of ‘[01m[Kvoid rcutils_log(const rcutils_log_location_t*, int, const char*, const char*, ...)[m[K’
[11.006s]   479 |   [01;36m[Kconst char * format[m[K,
[11.008s]       |   [01;36m[K~~~~~~~~~~~~~^~~~~~[m[K
[19.804s] gmake[2]: *** [CMakeFiles/control_node.dir/build.make:76: CMakeFiles/control_node.dir/src/control_node.cpp.o] Error 1
[19.804s] gmake[1]: *** [CMakeFiles/Makefile2:624: CMakeFiles/control_node.dir/all] Error 2
[19.806s] gmake: *** [Makefile:146: all] Error 2
[19.814s] Invoked command in '/home/mowmow/workspace/CatchRobo-r08/build/motor_control' returned '2': CMAKE_PREFIX_PATH=/opt/ros/humble /usr/bin/cmake --build /home/mowmow/workspace/CatchRobo-r08/build/motor_control -- -j4 -l4
