[0.052s] Invoking command in '/home/mowmow/workspace/CatchRobo-r08/build/motor_control': CMAKE_PREFIX_PATH=/opt/ros/humble /usr/bin/cmake --build /home/mowmow/workspace/CatchRobo-r08/build/motor_control -- -j4 -l4
[0.152s] -- Found ament_cmake: 1.3.12 (/opt/ros/humble/share/ament_cmake/cmake)
[0.723s] -- Found rosidl_default_generators: 1.2.0 (/opt/ros/humble/share/rosidl_default_generators/cmake)
[0.729s] -- Using all available rosidl_typesupport_c: rosidl_typesupport_fastrtps_c;rosidl_typesupport_introspection_c
[0.742s] -- Found rosidl_adapter: 3.1.7 (/opt/ros/humble/share/rosidl_adapter/cmake)
[0.888s] -- Using all available rosidl_typesupport_cpp: rosidl_typesupport_fastrtps_cpp;rosidl_typesupport_introspection_cpp
[0.996s] -- Found builtin_interfaces: 1.2.2 (/opt/ros/humble/share/builtin_interfaces/cmake)
[1.043s] -- Found rclcpp: 16.0.14 (/opt/ros/humble/share/rclcpp/cmake)
[1.149s] -- Found rmw_implementation_cmake: 6.1.2 (/opt/ros/humble/share/rmw_implementation_cmake/cmake)
[1.154s] -- Found rmw_fastrtps_cpp: 6.2.8 (/opt/ros/humble/share/rmw_fastrtps_cpp/cmake)
[1.677s] -- Using RMW implementation 'rmw_fastrtps_cpp' as default
[3.125s] -- Found ament_cmake_ros: 0.10.0 (/opt/ros/humble/share/ament_cmake_ros/cmake)
[4.117s] -- Using all available rosidl_typesupport_c: rosidl_typesupport_fastrtps_c;rosidl_typesupport_introspection_c
[5.419s] -- Using all available rosidl_typesupport_cpp: rosidl_typesupport_fastrtps_cpp;rosidl_typesupport_introspection_cpp
[5.522s] -- Found python_cmake_module: 0.10.0 (/opt/ros/humble/share/python_cmake_module/cmake)
[5.629s] -- Using PYTHON_EXECUTABLE: /usr/bin/python3
[5.630s] -- Using PYTHON_INCLUDE_DIRS: /usr/include/python3.10
[5.631s] -- Using PYTHON_LIBRARIES: /usr/lib/aarch64-linux-gnu/libpython3.10.so
[5.772s] -- Configuring done
[6.041s] -- Generating done
[6.120s] -- Build files have been written to: /home/mowmow/workspace/CatchRobo-r08/build/motor_control
[6.251s] [35m[1mConsolidate compiler generated dependencies of target motor_control__rosidl_generator_c[0m
[6.327s] [  1%] Built target motor_control__cpp
[6.334s] [ 11%] Built target motor_control__rosidl_generator_c
[6.400s] [35m[1mConsolidate compiler generated dependencies of target motor_control__rosidl_typesupport_fastrtps_cpp[0m
[6.430s] [ 11%] Built target ament_cmake_python_copy_motor_control
[6.439s] [35m[1mConsolidate compiler generated dependencies of target motor_control__rosidl_typesupport_introspection_cpp[0m
[6.471s] [35m[1mConsolidate compiler generated dependencies of target motor_control__rosidl_typesupport_cpp[0m
[6.542s] [ 20%] Built target motor_control__rosidl_typesupport_fastrtps_cpp
[6.551s] [35m[1mConsolidate compiler generated dependencies of target motor_control__rosidl_typesupport_fastrtps_c[0m
[6.570s] [ 30%] Built target motor_control__rosidl_typesupport_introspection_cpp
[6.606s] [35m[1mConsolidate compiler generated dependencies of target motor_control__rosidl_typesupport_introspection_c[0m
[6.613s] [ 39%] Built target motor_control__rosidl_typesupport_cpp
[6.651s] [35m[1mConsolidate compiler generated dependencies of target motor_control__rosidl_typesupport_c[0m
[6.703s] [ 49%] Built target motor_control__rosidl_typesupport_introspection_c
[6.721s] [ 58%] Built target motor_control__rosidl_typesupport_fastrtps_c
[6.728s] [ 67%] Built target motor_control__rosidl_typesupport_c
[6.759s] [35m[1mConsolidate compiler generated dependencies of target communication_node[0m
[6.790s] [35m[1mConsolidate compiler generated dependencies of target control_node[0m
[6.850s] [35m[1mConsolidate compiler generated dependencies of target observe_node[0m
[6.977s] [ 71%] Built target control_node
[6.992s] [ 73%] [32mBuilding CXX object CMakeFiles/communication_node.dir/src/communication_node.cpp.o[0m
[7.030s] [ 77%] Built target observe_node
[7.147s] [ 77%] Built target motor_control
[7.246s] [ 79%] Built target motor_control__py
[7.298s] [35m[1mConsolidate compiler generated dependencies of target motor_control__rosidl_generator_py[0m
[7.382s] [ 86%] Built target motor_control__rosidl_generator_py
[7.479s] [35m[1mConsolidate compiler generated dependencies of target motor_control__rosidl_typesupport_introspection_c__pyext[0m
[7.538s] [35m[1mConsolidate compiler generated dependencies of target motor_control__rosidl_typesupport_fastrtps_c__pyext[0m
[7.644s] [ 90%] Built target motor_control__rosidl_typesupport_introspection_c__pyext
[7.702s] [ 94%] Built target motor_control__rosidl_typesupport_fastrtps_c__pyext
[7.740s] [35m[1mConsolidate compiler generated dependencies of target motor_control__rosidl_typesupport_c__pyext[0m
[7.816s] [ 98%] Built target motor_control__rosidl_typesupport_c__pyext
[8.490s] running egg_info
[8.494s] writing motor_control.egg-info/PKG-INFO
[8.497s] writing dependency_links to motor_control.egg-info/dependency_links.txt
[8.499s] writing top-level names to motor_control.egg-info/top_level.txt
[8.510s] reading manifest file 'motor_control.egg-info/SOURCES.txt'
[8.513s] writing manifest file 'motor_control.egg-info/SOURCES.txt'
[8.694s] [ 98%] Built target ament_cmake_python_build_motor_control_egg
[17.912s] In file included from [01m[K/home/mowmow/workspace/CatchRobo-r08/src/motor_control/src/communication_node.cpp:8[m[K:
[17.913s] [01m[K/home/mowmow/workspace/CatchRobo-r08/src/motor_control/include/motor_control/transform.hpp:[m[K In function ‘[01m[Kvoid at2cmd(const std::vector<unsigned char, std::allocator<unsigned char> >&, uint8_t&, uint16_t&, uint8_t&, float&)[m[K’:
[17.913s] [01m[K/home/mowmow/workspace/CatchRobo-r08/src/motor_control/include/motor_control/transform.hpp:66:13:[m[K [01;35m[Kwarning: [m[Kunused variable ‘[01m[Kpayload_size[m[K’ [[01;35m[K]8;;https://gcc.gnu.org/onlinedocs/gcc/Warning-Options.html#index-Wunused-variable-Wunused-variable]8;;[m[K]
[17.913s]    66 |     uint8_t [01;35m[Kpayload_size[m[K = split_frame(frame, addr, payload);
[17.914s]       |             [01;35m[K^~~~~~~~~~~~[m[K
[18.147s] [01m[K/home/mowmow/workspace/CatchRobo-r08/src/motor_control/src/communication_node.cpp:[m[K In member function ‘[01m[Kvoid CommunicationNode::on_cmd(motor_control::msg::SendAt_<std::allocator<void> >::SharedPtr)[m[K’:
[18.148s] [01m[K/home/mowmow/workspace/CatchRobo-r08/src/motor_control/src/communication_node.cpp:70:20:[m[K [01;31m[Kerror: [m[Kexpected primary-expression before ‘[01m[K;[m[K’ token
[18.148s]    70 |     uint32_t pos_b=[01;31m[K;[m[K
[18.149s]       |                    [01;31m[K^[m[K
[18.150s] In file included from [01m[K/opt/ros/humble/include/rclcpp/rclcpp/logging.hpp:24[m[K,
[18.150s]                  from [01m[K/opt/ros/humble/include/rclcpp/rclcpp/client.hpp:40[m[K,
[18.150s]                  from [01m[K/opt/ros/humble/include/rclcpp/rclcpp/callback_group.hpp:24[m[K,
[18.151s]                  from [01m[K/opt/ros/humble/include/rclcpp/rclcpp/any_executable.hpp:20[m[K,
[18.151s]                  from [01m[K/opt/ros/humble/include/rclcpp/rclcpp/memory_strategy.hpp:25[m[K,
[18.152s]                  from [01m[K/opt/ros/humble/include/rclcpp/rclcpp/memory_strategies.hpp:18[m[K,
[18.152s]                  from [01m[K/opt/ros/humble/include/rclcpp/rclcpp/executor_options.hpp:20[m[K,
[18.152s]                  from [01m[K/opt/ros/humble/include/rclcpp/rclcpp/executor.hpp:37[m[K,
[18.153s]                  from [01m[K/opt/ros/humble/include/rclcpp/rclcpp/executors/multi_threaded_executor.hpp:25[m[K,
[18.153s]                  from [01m[K/opt/ros/humble/include/rclcpp/rclcpp/executors.hpp:21[m[K,
[18.154s]                  from [01m[K/opt/ros/humble/include/rclcpp/rclcpp/rclcpp.hpp:155[m[K,
[18.154s]                  from [01m[K/home/mowmow/workspace/CatchRobo-r08/src/motor_control/src/communication_node.cpp:1[m[K:
[18.155s] [01m[K/home/mowmow/workspace/CatchRobo-r08/src/motor_control/src/communication_node.cpp:74:31:[m[K [01;35m[Kwarning: [m[Kformat ‘[01m[K%d[m[K’ expects argument of type ‘[01m[Kint[m[K’, but argument 5 has type ‘[01m[Kunsigned char*[m[K’ [[01;35m[K]8;;https://gcc.gnu.org/onlinedocs/gcc/Warning-Options.html#index-Wformat=-Wformat=]8;;[m[K]
[18.156s]    74 |     RCLCPP_INFO(get_logger(), [01;35m[K"send frame: %d bytes"[m[K, [32m[Kframe.data()[m[K);
[18.156s]       |                               [01;35m[K^~~~~~~~~~~~~~~~~~~~~~[m[K  [32m[K~~~~~~~~~~~~[m[K
[18.156s]       |                                                                 [32m[K|[m[K
[18.157s]       |                                                                 [32m[Kunsigned char*[m[K
[18.157s] [01m[K/home/mowmow/workspace/CatchRobo-r08/src/motor_control/src/communication_node.cpp:74:45:[m[K [01;36m[Knote: [m[Kformat string is defined here
[18.158s]    74 |     RCLCPP_INFO(get_logger(), "send frame: [01;36m[K%d[m[K bytes", frame.data());
[18.158s]       |                                            [01;36m[K~^[m[K
[18.159s]       |                                             [01;36m[K|[m[K
[18.159s]       |                                             [01;36m[Kint[m[K
[18.159s]       |                                            [32m[K%hhn[m[K
[27.332s] gmake[2]: *** [CMakeFiles/communication_node.dir/build.make:76: CMakeFiles/communication_node.dir/src/communication_node.cpp.o] Error 1
[27.334s] gmake[1]: *** [CMakeFiles/Makefile2:597: CMakeFiles/communication_node.dir/all] Error 2
[27.334s] gmake: *** [Makefile:146: all] Error 2
[27.341s] Invoked command in '/home/mowmow/workspace/CatchRobo-r08/build/motor_control' returned '2': CMAKE_PREFIX_PATH=/opt/ros/humble /usr/bin/cmake --build /home/mowmow/workspace/CatchRobo-r08/build/motor_control -- -j4 -l4
