[01m[K/home/mowmow/workspace/CatchRobo-r08/src/motor_control/src/control_node.cpp:113:8:[m[K [01;31m[Kerror: [m[K‘[01m[Kvoid ControlNode::on_done(std_msgs::msg::Bool_<std::allocator<void> >::SharedPtr)[m[K’ cannot be overloaded with ‘[01m[Kvoid ControlNode::on_done(std_msgs::msg::Bool_<std::allocator<void> >::SharedPtr)[m[K’
  113 |   void [01;31m[Kon_done[m[K(const std_msgs::msg::Bool::SharedPtr msg) {
      |        [01;31m[K^~~~~~~[m[K
[01m[K/home/mowmow/workspace/CatchRobo-r08/src/motor_control/src/control_node.cpp:94:6:[m[K [01;36m[Knote: [m[Kprevious declaration ‘[01m[Kvoid ControlNode::on_done(std_msgs::msg::Bool_<std::allocator<void> >::SharedPtr)[m[K’
   94 | void [01;36m[Kon_done[m[K(const std_msgs::msg::Bool::SharedPtr msg) {
      |      [01;36m[K^~~~~~~[m[K
[01m[K/home/mowmow/workspace/CatchRobo-r08/src/motor_control/src/observe_node.cpp:69:65:[m[K [01;35m[Kwarning: [m[Kconverting to ‘[01m[Kmotor_control::msg::ReturnAt_<std::allocator<void> >[m[K’ from initializer list would use explicit constructor ‘[01m[Kmotor_control::msg::ReturnAt_<ContainerAllocator>::ReturnAt_(rosidl_runtime_cpp::MessageInitialization) [with ContainerAllocator = std::allocator<void>][m[K’
   69 |   std::array<motor_control::msg::ReturnAt, kjoints> last_state_{[01;35m[K}[m[K;
      |                                                                 [01;35m[K^[m[K
[01m[K/home/mowmow/workspace/CatchRobo-r08/src/motor_control/src/observe_node.cpp:69:65:[m[K [01;36m[Knote: [m[Kin C++11 and above a default constructor can be explicit
[01m[K/home/mowmow/workspace/CatchRobo-r08/src/motor_control/src/observe_node.cpp:69:65:[m[K [01;35m[Kwarning: [m[Kconverting to ‘[01m[Kmotor_control::msg::ReturnAt_<std::allocator<void> >[m[K’ from initializer list would use explicit constructor ‘[01m[Kmotor_control::msg::ReturnAt_<ContainerAllocator>::ReturnAt_(rosidl_runtime_cpp::MessageInitialization) [with ContainerAllocator = std::allocator<void>][m[K’
[01m[K/home/mowmow/workspace/CatchRobo-r08/src/motor_control/src/observe_node.cpp:69:65:[m[K [01;36m[Knote: [m[Kin C++11 and above a default constructor can be explicit
[01m[K/home/mowmow/workspace/CatchRobo-r08/src/motor_control/src/observe_node.cpp:69:65:[m[K [01;35m[Kwarning: [m[Kconverting to ‘[01m[Kmotor_control::msg::ReturnAt_<std::allocator<void> >[m[K’ from initializer list would use explicit constructor ‘[01m[Kmotor_control::msg::ReturnAt_<ContainerAllocator>::ReturnAt_(rosidl_runtime_cpp::MessageInitialization) [with ContainerAllocator = std::allocator<void>][m[K’
[01m[K/home/mowmow/workspace/CatchRobo-r08/src/motor_control/src/observe_node.cpp:69:65:[m[K [01;36m[Knote: [m[Kin C++11 and above a default constructor can be explicit
[01m[K/home/mowmow/workspace/CatchRobo-r08/src/motor_control/src/observe_node.cpp:69:65:[m[K [01;35m[Kwarning: [m[Kconverting to ‘[01m[Kmotor_control::msg::ReturnAt_<std::allocator<void> >[m[K’ from initializer list would use explicit constructor ‘[01m[Kmotor_control::msg::ReturnAt_<ContainerAllocator>::ReturnAt_(rosidl_runtime_cpp::MessageInitialization) [with ContainerAllocator = std::allocator<void>][m[K’
[01m[K/home/mowmow/workspace/CatchRobo-r08/src/motor_control/src/observe_node.cpp:69:65:[m[K [01;36m[Knote: [m[Kin C++11 and above a default constructor can be explicit
[01m[K/home/mowmow/workspace/CatchRobo-r08/src/motor_control/src/observe_node.cpp:69:65:[m[K [01;35m[Kwarning: [m[Kconverting to ‘[01m[Kmotor_control::msg::ReturnAt_<std::allocator<void> >[m[K’ from initializer list would use explicit constructor ‘[01m[Kmotor_control::msg::ReturnAt_<ContainerAllocator>::ReturnAt_(rosidl_runtime_cpp::MessageInitialization) [with ContainerAllocator = std::allocator<void>][m[K’
[01m[K/home/mowmow/workspace/CatchRobo-r08/src/motor_control/src/observe_node.cpp:69:65:[m[K [01;36m[Knote: [m[Kin C++11 and above a default constructor can be explicit
[01m[K/home/mowmow/workspace/CatchRobo-r08/src/motor_control/src/observe_node.cpp:69:65:[m[K [01;35m[Kwarning: [m[Kconverting to ‘[01m[Kmotor_control::msg::ReturnAt_<std::allocator<void> >[m[K’ from initializer list would use explicit constructor ‘[01m[Kmotor_control::msg::ReturnAt_<ContainerAllocator>::ReturnAt_(rosidl_runtime_cpp::MessageInitialization) [with ContainerAllocator = std::allocator<void>][m[K’
[01m[K/home/mowmow/workspace/CatchRobo-r08/src/motor_control/src/observe_node.cpp:69:65:[m[K [01;36m[Knote: [m[Kin C++11 and above a default constructor can be explicit
gmake[2]: *** [CMakeFiles/control_node.dir/build.make:76: CMakeFiles/control_node.dir/src/control_node.cpp.o] Error 1
gmake[1]: *** [CMakeFiles/Makefile2:624: CMakeFiles/control_node.dir/all] Error 2
gmake[1]: *** Waiting for unfinished jobs....
gmake: *** [Makefile:146: all] Error 2
