[0.055s] Invoking command in '/home/mowmow/workspace/CatchRobo-r08/build/motor_control': CMAKE_PREFIX_PATH=${CMAKE_PREFIX_PATH}:/opt/ros/humble /usr/bin/cmake --build /home/mowmow/workspace/CatchRobo-r08/build/motor_control -- -j4 -l4
[0.285s] [  1%] Built target motor_control__cpp
[0.315s] [ 11%] Built target motor_control__rosidl_generator_c
[0.346s] [ 11%] Built target ament_cmake_python_copy_motor_control
[0.438s] [ 20%] Built target motor_control__rosidl_typesupport_cpp
[0.467s] [ 30%] Built target motor_control__rosidl_typesupport_fastrtps_cpp
[0.472s] [ 39%] Built target motor_control__rosidl_typesupport_introspection_cpp
[0.486s] [ 49%] Built target motor_control__rosidl_typesupport_fastrtps_c
[0.610s] [ 58%] Built target motor_control__rosidl_typesupport_introspection_c
[0.614s] [ 67%] Built target motor_control__rosidl_typesupport_c
[0.671s] [35m[1mConsolidate compiler generated dependencies of target control_node[0m
[0.727s] [ 71%] Built target communication_node
[0.828s] [ 73%] [32mBuilding CXX object CMakeFiles/control_node.dir/src/control_node.cpp.o[0m
[0.914s] [ 73%] Built target motor_control
[0.933s] [ 77%] Built target observe_node
[1.037s] [ 79%] Built target motor_control__py
[1.169s] [ 86%] Built target motor_control__rosidl_generator_py
[1.308s] [ 90%] Built target motor_control__rosidl_typesupport_fastrtps_c__pyext
[1.329s] [ 94%] Built target motor_control__rosidl_typesupport_introspection_c__pyext
[1.455s] [ 98%] Built target motor_control__rosidl_typesupport_c__pyext
[1.944s] running egg_info
[1.947s] writing motor_control.egg-info/PKG-INFO
[1.949s] writing dependency_links to motor_control.egg-info/dependency_links.txt
[1.951s] writing top-level names to motor_control.egg-info/top_level.txt
[1.964s] reading manifest file 'motor_control.egg-info/SOURCES.txt'
[1.968s] writing manifest file 'motor_control.egg-info/SOURCES.txt'
[2.099s] [ 98%] Built target ament_cmake_python_build_motor_control_egg
[11.316s] [01m[K/home/mowmow/workspace/CatchRobo-r08/src/motor_control/src/control_node.cpp:[m[K In member function ‘[01m[Kbool ControlNode::make_batch(motor_control::msg::SendArray&)[m[K’:
[11.317s] [01m[K/home/mowmow/workspace/CatchRobo-r08/src/motor_control/src/control_node.cpp:63:10:[m[K [01;35m[Kwarning: [m[Kunused variable ‘[01m[Kpomp[m[K’ [[01;35m[K]8;;https://gcc.gnu.org/onlinedocs/gcc/Warning-Options.html#index-Wunused-variable-Wunused-variable]8;;[m[K]
[11.317s]    63 |     bool [01;35m[Kpomp[m[K = to_int(trim_copy(cell)).value_or(0) != 0;
[11.318s]       |          [01;35m[K^~~~[m[K
[11.350s] [01m[K/home/mowmow/workspace/CatchRobo-r08/src/motor_control/src/control_node.cpp:[m[K In member function ‘[01m[Kvoid ControlNode::on_done(std_msgs::msg::Bool_<std::allocator<void> >::SharedPtr)[m[K’:
[11.350s] [01m[K/home/mowmow/workspace/CatchRobo-r08/src/motor_control/src/control_node.cpp:109:31:[m[K [01;31m[Kerror: [m[K‘[01m[Kcmd_batch_[m[K’ was not declared in this scope; did you mean ‘[01m[Kpub_cmd_batch_[m[K’?
[11.351s]   109 |       pub_cmd_batch_->publish([01;31m[Kcmd_batch_[m[K);
[11.351s]       |                               [01;31m[K^~~~~~~~~~[m[K
[11.351s]       |                               [32m[Kpub_cmd_batch_[m[K
[20.300s] gmake[2]: *** [CMakeFiles/control_node.dir/build.make:76: CMakeFiles/control_node.dir/src/control_node.cpp.o] Error 1
[20.301s] gmake[1]: *** [CMakeFiles/Makefile2:624: CMakeFiles/control_node.dir/all] Error 2
[20.302s] gmake: *** [Makefile:146: all] Error 2
[20.310s] Invoked command in '/home/mowmow/workspace/CatchRobo-r08/build/motor_control' returned '2': CMAKE_PREFIX_PATH=${CMAKE_PREFIX_PATH}:/opt/ros/humble /usr/bin/cmake --build /home/mowmow/workspace/CatchRobo-r08/build/motor_control -- -j4 -l4
