[0.047s] Invoking command in '/home/mowmow/workspace/CatchRobo-r08/build/motor_control': CMAKE_PREFIX_PATH=${CMAKE_PREFIX_PATH}:/opt/ros/humble /usr/bin/cmake --build /home/mowmow/workspace/CatchRobo-r08/build/motor_control -- -j4 -l4
[0.286s] [  1%] Built target motor_control__cpp
[0.324s] [ 11%] Built target motor_control__rosidl_generator_c
[0.386s] [ 11%] Built target ament_cmake_python_copy_motor_control
[0.433s] [ 20%] Built target motor_control__rosidl_typesupport_cpp
[0.481s] [ 30%] Built target motor_control__rosidl_typesupport_fastrtps_cpp
[0.536s] [ 39%] Built target motor_control__rosidl_typesupport_introspection_cpp
[0.623s] [ 50%] Built target motor_control__rosidl_typesupport_fastrtps_c
[0.628s] [ 58%] Built target motor_control__rosidl_typesupport_introspection_c
[0.669s] [ 67%] Built target motor_control__rosidl_typesupport_c
[0.712s] [35m[1mConsolidate compiler generated dependencies of target communication_node[0m
[0.839s] [ 71%] Built target control_node
[0.907s] [ 75%] Built target observe_node
[0.986s] [ 77%] [32mBuilding CXX object CMakeFiles/communication_node.dir/src/communication_node.cpp.o[0m
[1.041s] [ 77%] Built target motor_control
[1.209s] [ 79%] Built target motor_control__py
[1.322s] [ 86%] Built target motor_control__rosidl_generator_py
[1.568s] [ 90%] Built target motor_control__rosidl_typesupport_fastrtps_c__pyext
[1.583s] [ 94%] Built target motor_control__rosidl_typesupport_introspection_c__pyext
[1.721s] [ 98%] Built target motor_control__rosidl_typesupport_c__pyext
[2.462s] running egg_info
[2.467s] writing motor_control.egg-info/PKG-INFO
[2.472s] writing dependency_links to motor_control.egg-info/dependency_links.txt
[2.475s] writing top-level names to motor_control.egg-info/top_level.txt
[2.493s] reading manifest file 'motor_control.egg-info/SOURCES.txt'
[2.498s] writing manifest file 'motor_control.egg-info/SOURCES.txt'
[2.648s] [ 98%] Built target ament_cmake_python_build_motor_control_egg
[12.514s] In file included from [01m[K/home/mowmow/workspace/CatchRobo-r08/src/motor_control/src/communication_node.cpp:8[m[K:
[12.514s] [01m[K/home/mowmow/workspace/CatchRobo-r08/src/motor_control/include/motor_control/transform.hpp:[m[K In function ‘[01m[Kvoid at2cmd(const std::vector<unsigned char, std::allocator<unsigned char> >&, uint8_t&, uint16_t&, uint8_t&, float&)[m[K’:
[12.515s] [01m[K/home/mowmow/workspace/CatchRobo-r08/src/motor_control/include/motor_control/transform.hpp:69:5:[m[K [01;31m[Kerror: [m[K‘[01m[Kprint[m[K’ was not declared in this scope; did you mean ‘[01m[Krint[m[K’?
[12.515s]    69 |     [01;31m[Kprint[m[K(payload_size, addr, payload);
[12.516s]       |     [01;31m[K^~~~~[m[K
[12.516s]       |     [32m[Krint[m[K
[21.730s] gmake[2]: *** [CMakeFiles/communication_node.dir/build.make:76: CMakeFiles/communication_node.dir/src/communication_node.cpp.o] Error 1
[21.731s] gmake[1]: *** [CMakeFiles/Makefile2:597: CMakeFiles/communication_node.dir/all] Error 2
[21.732s] gmake: *** [Makefile:146: all] Error 2
[21.739s] Invoked command in '/home/mowmow/workspace/CatchRobo-r08/build/motor_control' returned '2': CMAKE_PREFIX_PATH=${CMAKE_PREFIX_PATH}:/opt/ros/humble /usr/bin/cmake --build /home/mowmow/workspace/CatchRobo-r08/build/motor_control -- -j4 -l4
