[0.053s] Invoking command in '/home/mowmow/workspace/CatchRobo-r08/build/motor_control': CMAKE_PREFIX_PATH=/opt/ros/humble /usr/bin/cmake --build /home/mowmow/workspace/CatchRobo-r08/build/motor_control -- -j4 -l4
[0.273s] [  1%] Built target motor_control__cpp
[0.278s] [ 11%] Built target motor_control__rosidl_generator_c
[0.345s] [ 11%] Built target ament_cmake_python_copy_motor_control
[0.383s] [ 20%] Built target motor_control__rosidl_typesupport_cpp
[0.417s] [ 30%] Built target motor_control__rosidl_typesupport_fastrtps_cpp
[0.424s] [ 39%] Built target motor_control__rosidl_typesupport_introspection_cpp
[0.502s] [ 49%] Built target motor_control__rosidl_typesupport_fastrtps_c
[0.552s] [ 58%] Built target motor_control__rosidl_typesupport_introspection_c
[0.581s] [ 67%] Built target motor_control__rosidl_typesupport_c
[0.633s] [35m[1mConsolidate compiler generated dependencies of target communication_node[0m
[0.660s] [35m[1mConsolidate compiler generated dependencies of target observe_node[0m
[0.781s] [ 69%] [32mBuilding CXX object CMakeFiles/observe_node.dir/src/observe_node.cpp.o[0m
[0.816s] [ 73%] Built target control_node
[0.872s] [ 75%] [32mBuilding CXX object CMakeFiles/communication_node.dir/src/communication_node.cpp.o[0m
[1.019s] [ 75%] Built target motor_control
[1.160s] [ 77%] Built target motor_control__py
[1.261s] [ 84%] Built target motor_control__rosidl_generator_py
[1.361s] [ 88%] Built target motor_control__rosidl_typesupport_fastrtps_c__pyext
[1.458s] [ 92%] Built target motor_control__rosidl_typesupport_introspection_c__pyext
[1.555s] [ 96%] Built target motor_control__rosidl_typesupport_c__pyext
[2.053s] running egg_info
[2.056s] writing motor_control.egg-info/PKG-INFO
[2.058s] writing dependency_links to motor_control.egg-info/dependency_links.txt
[2.059s] writing top-level names to motor_control.egg-info/top_level.txt
[2.069s] reading manifest file 'motor_control.egg-info/SOURCES.txt'
[2.073s] writing manifest file 'motor_control.egg-info/SOURCES.txt'
[2.208s] [ 96%] Built target ament_cmake_python_build_motor_control_egg
[12.361s] In file included from [01m[K/home/mowmow/workspace/CatchRobo-r08/src/motor_control/src/communication_node.cpp:8[m[K:
[12.362s] [01m[K/home/mowmow/workspace/CatchRobo-r08/src/motor_control/include/motor_control/transform.hpp:[m[K In function ‘[01m[Kvoid at2cmd(const std::vector<unsigned char, std::allocator<unsigned char> >&, uint8_t&, uint16_t&, uint8_t&, float&)[m[K’:
[12.362s] [01m[K/home/mowmow/workspace/CatchRobo-r08/src/motor_control/include/motor_control/transform.hpp:66:13:[m[K [01;35m[Kwarning: [m[Kunused variable ‘[01m[Kpayload_size[m[K’ [[01;35m[K]8;;https://gcc.gnu.org/onlinedocs/gcc/Warning-Options.html#index-Wunused-variable-Wunused-variable]8;;[m[K]
[12.363s]    66 |     uint8_t [01;35m[Kpayload_size[m[K = split_frame(frame, addr, payload);
[12.364s]       |             [01;35m[K^~~~~~~~~~~~[m[K
[12.644s] [01m[K/home/mowmow/workspace/CatchRobo-r08/src/motor_control/src/communication_node.cpp:[m[K In member function ‘[01m[Kvoid CommunicationNode::init_motor()[m[K’:
[12.645s] [01m[K/home/mowmow/workspace/CatchRobo-r08/src/motor_control/src/communication_node.cpp:46:5:[m[K [01;31m[Kerror: [m[K‘[01m[Kfloat32_t[m[K’ was not declared in this scope; did you mean ‘[01m[Kfloat_t[m[K’?
[12.645s]    46 |     [01;31m[Kfloat32_t[m[K vel = 1.0f;
[12.646s]       |     [01;31m[K^~~~~~~~~[m[K
[12.647s]       |     [32m[Kfloat_t[m[K
[12.648s] [01m[K/home/mowmow/workspace/CatchRobo-r08/src/motor_control/src/communication_node.cpp:47:15:[m[K [01;31m[Kerror: [m[Kexpected ‘[01m[K;[m[K’ before ‘[01m[Kacc[m[K’
[12.649s]    47 |     float32_t [01;31m[Kacc[m[K = 2.0f;
[12.650s]       |               [01;31m[K^~~[m[K
[12.671s] [01m[K/home/mowmow/workspace/CatchRobo-r08/src/motor_control/src/communication_node.cpp:48:18:[m[K [01;31m[Kerror: [m[K‘[01m[Kvel_b[m[K’ was not declared in this scope
[12.672s]    48 |     std::memcpy(&[01;31m[Kvel_b[m[K, &vel, sizeof(float32_t));
[12.673s]       |                  [01;31m[K^~~~~[m[K
[12.693s] [01m[K/home/mowmow/workspace/CatchRobo-r08/src/motor_control/src/observe_node.cpp:61:67:[m[K [01;35m[Kwarning: [m[Kconverting to ‘[01m[Kmotor_control::msg::ReturnAt_<std::allocator<void> >[m[K’ from initializer list would use explicit constructor ‘[01m[Kmotor_control::msg::ReturnAt_<ContainerAllocator>::ReturnAt_(rosidl_runtime_cpp::MessageInitialization) [with ContainerAllocator = std::allocator<void>][m[K’
[12.694s]    61 |     std::array<motor_control::msg::ReturnAt, kjoints> last_state_{[01;35m[K}[m[K;
[12.695s]       |                                                                   [01;35m[K^[m[K
[12.696s] [01m[K/home/mowmow/workspace/CatchRobo-r08/src/motor_control/src/observe_node.cpp:61:67:[m[K [01;36m[Knote: [m[Kin C++11 and above a default constructor can be explicit
[12.697s] [01m[K/home/mowmow/workspace/CatchRobo-r08/src/motor_control/src/observe_node.cpp:61:67:[m[K [01;35m[Kwarning: [m[Kconverting to ‘[01m[Kmotor_control::msg::ReturnAt_<std::allocator<void> >[m[K’ from initializer list would use explicit constructor ‘[01m[Kmotor_control::msg::ReturnAt_<ContainerAllocator>::ReturnAt_(rosidl_runtime_cpp::MessageInitialization) [with ContainerAllocator = std::allocator<void>][m[K’
[12.700s] [01m[K/home/mowmow/workspace/CatchRobo-r08/src/motor_control/src/observe_node.cpp:61:67:[m[K [01;36m[Knote: [m[Kin C++11 and above a default constructor can be explicit
[12.701s] [01m[K/home/mowmow/workspace/CatchRobo-r08/src/motor_control/src/observe_node.cpp:61:67:[m[K [01;35m[Kwarning: [m[Kconverting to ‘[01m[Kmotor_control::msg::ReturnAt_<std::allocator<void> >[m[K’ from initializer list would use explicit constructor ‘[01m[Kmotor_control::msg::ReturnAt_<ContainerAllocator>::ReturnAt_(rosidl_runtime_cpp::MessageInitialization) [with ContainerAllocator = std::allocator<void>][m[K’
[12.702s] [01m[K/home/mowmow/workspace/CatchRobo-r08/src/motor_control/src/observe_node.cpp:61:67:[m[K [01;36m[Knote: [m[Kin C++11 and above a default constructor can be explicit
[12.704s] [01m[K/home/mowmow/workspace/CatchRobo-r08/src/motor_control/src/communication_node.cpp:48:26:[m[K [01;31m[Kerror: [m[K‘[01m[Kvel[m[K’ was not declared in this scope
[12.704s]    48 |     std::memcpy(&vel_b, &[01;31m[Kvel[m[K, sizeof(float32_t));
[12.706s]       |                          [01;31m[K^~~[m[K
[12.707s] [01m[K/home/mowmow/workspace/CatchRobo-r08/src/motor_control/src/observe_node.cpp:61:67:[m[K [01;35m[Kwarning: [m[Kconverting to ‘[01m[Kmotor_control::msg::ReturnAt_<std::allocator<void> >[m[K’ from initializer list would use explicit constructor ‘[01m[Kmotor_control::msg::ReturnAt_<ContainerAllocator>::ReturnAt_(rosidl_runtime_cpp::MessageInitialization) [with ContainerAllocator = std::allocator<void>][m[K’
[12.708s] [01m[K/home/mowmow/workspace/CatchRobo-r08/src/motor_control/src/observe_node.cpp:61:67:[m[K [01;36m[Knote: [m[Kin C++11 and above a default constructor can be explicit
[12.709s] [01m[K/home/mowmow/workspace/CatchRobo-r08/src/motor_control/src/observe_node.cpp:61:67:[m[K [01;35m[Kwarning: [m[Kconverting to ‘[01m[Kmotor_control::msg::ReturnAt_<std::allocator<void> >[m[K’ from initializer list would use explicit constructor ‘[01m[Kmotor_control::msg::ReturnAt_<ContainerAllocator>::ReturnAt_(rosidl_runtime_cpp::MessageInitialization) [with ContainerAllocator = std::allocator<void>][m[K’
[12.710s] [01m[K/home/mowmow/workspace/CatchRobo-r08/src/motor_control/src/observe_node.cpp:61:67:[m[K [01;36m[Knote: [m[Kin C++11 and above a default constructor can be explicit
[12.711s] [01m[K/home/mowmow/workspace/CatchRobo-r08/src/motor_control/src/observe_node.cpp:61:67:[m[K [01;35m[Kwarning: [m[Kconverting to ‘[01m[Kmotor_control::msg::ReturnAt_<std::allocator<void> >[m[K’ from initializer list would use explicit constructor ‘[01m[Kmotor_control::msg::ReturnAt_<ContainerAllocator>::ReturnAt_(rosidl_runtime_cpp::MessageInitialization) [with ContainerAllocator = std::allocator<void>][m[K’
[12.712s] [01m[K/home/mowmow/workspace/CatchRobo-r08/src/motor_control/src/observe_node.cpp:61:67:[m[K [01;36m[Knote: [m[Kin C++11 and above a default constructor can be explicit
[12.720s] [01m[K/home/mowmow/workspace/CatchRobo-r08/src/motor_control/src/communication_node.cpp:49:18:[m[K [01;31m[Kerror: [m[K‘[01m[Kacc_b[m[K’ was not declared in this scope
[12.721s]    49 |     std::memcpy(&[01;31m[Kacc_b[m[K, &acc, sizeof(float32_t));
[12.722s]       |                  [01;31m[K^~~~~[m[K
[12.742s] [01m[K/home/mowmow/workspace/CatchRobo-r08/src/motor_control/src/communication_node.cpp:49:26:[m[K [01;31m[Kerror: [m[K‘[01m[Kacc[m[K’ was not declared in this scope; did you mean ‘[01m[Kacct[m[K’?
[12.743s]    49 |     std::memcpy(&acc_b, &[01;31m[Kacc[m[K, sizeof(float32_t));
[12.744s]       |                          [01;31m[K^~~[m[K
[12.744s]       |                          [32m[Kacct[m[K
[22.895s] gmake[2]: *** [CMakeFiles/communication_node.dir/build.make:76: CMakeFiles/communication_node.dir/src/communication_node.cpp.o] Error 1
[22.897s] gmake[1]: *** [CMakeFiles/Makefile2:597: CMakeFiles/communication_node.dir/all] Error 2
[22.897s] gmake[1]: *** Waiting for unfinished jobs....
[49.259s] [ 98%] [32m[1mLinking CXX executable observe_node[0m
[51.720s] [ 98%] Built target observe_node
[51.726s] gmake: *** [Makefile:146: all] Error 2
[51.736s] Invoked command in '/home/mowmow/workspace/CatchRobo-r08/build/motor_control' returned '2': CMAKE_PREFIX_PATH=/opt/ros/humble /usr/bin/cmake --build /home/mowmow/workspace/CatchRobo-r08/build/motor_control -- -j4 -l4
