[0.054s] Invoking command in '/home/mowmow/workspace/CatchRobo-r08/build/motor_control': CMAKE_PREFIX_PATH=${CMAKE_PREFIX_PATH}:/opt/ros/humble /usr/bin/cmake --build /home/mowmow/workspace/CatchRobo-r08/build/motor_control -- -j4 -l4
[0.282s] [  1%] Built target motor_control__cpp
[0.295s] [ 11%] Built target motor_control__rosidl_generator_c
[0.369s] [ 11%] Built target ament_cmake_python_copy_motor_control
[0.433s] [ 20%] Built target motor_control__rosidl_typesupport_cpp
[0.442s] [ 30%] Built target motor_control__rosidl_typesupport_fastrtps_cpp
[0.448s] [ 39%] Built target motor_control__rosidl_typesupport_introspection_cpp
[0.495s] [ 49%] Built target motor_control__rosidl_typesupport_fastrtps_c
[0.555s] [ 58%] Built target motor_control__rosidl_typesupport_introspection_c
[0.559s] [ 67%] Built target motor_control__rosidl_typesupport_c
[0.561s] [35m[1mConsolidate compiler generated dependencies of target communication_node[0m
[0.685s] [ 71%] Built target control_node
[0.741s] [ 75%] Built target observe_node
[0.777s] [ 77%] [32mBuilding CXX object CMakeFiles/communication_node.dir/src/communication_node.cpp.o[0m
[0.805s] [ 77%] Built target motor_control
[0.918s] [ 79%] Built target motor_control__py
[1.136s] [ 86%] Built target motor_control__rosidl_generator_py
[1.336s] [ 90%] Built target motor_control__rosidl_typesupport_introspection_c__pyext
[1.383s] [ 94%] Built target motor_control__rosidl_typesupport_fastrtps_c__pyext
[1.457s] [ 98%] Built target motor_control__rosidl_typesupport_c__pyext
[2.057s] running egg_info
[2.062s] writing motor_control.egg-info/PKG-INFO
[2.066s] writing dependency_links to motor_control.egg-info/dependency_links.txt
[2.068s] writing top-level names to motor_control.egg-info/top_level.txt
[2.076s] reading manifest file 'motor_control.egg-info/SOURCES.txt'
[2.079s] writing manifest file 'motor_control.egg-info/SOURCES.txt'
[2.229s] [ 98%] Built target ament_cmake_python_build_motor_control_egg
[11.363s] In file included from [01m[K/home/mowmow/workspace/CatchRobo-r08/src/motor_control/src/communication_node.cpp:8[m[K:
[11.363s] [01m[K/home/mowmow/workspace/CatchRobo-r08/src/motor_control/include/motor_control/transform.hpp:[m[K In function ‘[01m[Kvoid at2cmd(const std::vector<unsigned char, std::allocator<unsigned char> >&, uint8_t&, uint16_t&, uint8_t&, float&)[m[K’:
[11.364s] [01m[K/home/mowmow/workspace/CatchRobo-r08/src/motor_control/include/motor_control/transform.hpp:69:5:[m[K [01;31m[Kerror: [m[K‘[01m[Kprint[m[K’ was not declared in this scope; did you mean ‘[01m[Krint[m[K’?
[11.364s]    69 |     [01;31m[Kprint[m[K(payload_size, addr, payload);
[11.365s]       |     [01;31m[K^~~~~[m[K
[11.365s]       |     [32m[Krint[m[K
[21.901s] gmake[2]: *** [CMakeFiles/communication_node.dir/build.make:76: CMakeFiles/communication_node.dir/src/communication_node.cpp.o] Error 1
[21.903s] gmake[1]: *** [CMakeFiles/Makefile2:597: CMakeFiles/communication_node.dir/all] Error 2
[21.905s] gmake: *** [Makefile:146: all] Error 2
[21.912s] Invoked command in '/home/mowmow/workspace/CatchRobo-r08/build/motor_control' returned '2': CMAKE_PREFIX_PATH=${CMAKE_PREFIX_PATH}:/opt/ros/humble /usr/bin/cmake --build /home/mowmow/workspace/CatchRobo-r08/build/motor_control -- -j4 -l4
