[01m[K/home/mowmow/workspace/CatchRobo-r08/src/motor_control/src/gpio_node.cpp:[m[K In constructor ‘[01m[KGpioNode::GpioNode()[m[K’:
[01m[K/home/mowmow/workspace/CatchRobo-r08/src/motor_control/src/gpio_node.cpp:31:13:[m[K [01;31m[Kerror: [m[Kexpected ‘[01m[K;[m[K’ before ‘[01m[Kline_outs[m[K’
   31 |             [01;31m[Kline_outs[m[K.push_back(line_out);
      |             [01;31m[K^~~~~~~~~[m[K
[01m[K/home/mowmow/workspace/CatchRobo-r08/src/motor_control/src/gpio_node.cpp:38:13:[m[K [01;31m[Kerror: [m[Kexpected ‘[01m[K;[m[K’ before ‘[01m[Kline_ins[m[K’
   38 |             [01;31m[Kline_ins[m[K.push_back(line_in);
      |             [01;31m[K^~~~~~~~[m[K
[01m[K/home/mowmow/workspace/CatchRobo-r08/src/motor_control/src/gpio_node.cpp:41:26:[m[K [01;31m[Kerror: [m[Kparse error in template argument list
   41 |         sub_cmd_ = this->[01;31m[Kcreate_subscription<std_msgs::msg::bool>[m[K(
      |                          [01;31m[K^~~~~~~~~~~~~~~~~~~~~~~~~~~~~~~~~~~~~~~~[m[K
[01m[K/home/mowmow/workspace/CatchRobo-r08/src/motor_control/src/gpio_node.cpp:41:66:[m[K [01;31m[Kerror: [m[Kno matching function for call to ‘[01m[KGpioNode::create_subscription<<expression error> >(const char [9], int, std::_Bind_helper<false, void (GpioNode::*)(std::shared_ptr<std_msgs::msg::Bool_<std::allocator<void> > >), GpioNode*, const std::_Placeholder<1>&>::type)[m[K’
   41 |         sub_cmd_ = [01;31m[Kthis->create_subscription<std_msgs::msg::bool>([m[K
      |                    [01;31m[K~~~~~~~~~~~~~~~~~~~~~~~~~~~~~~~~~~~~~~~~~~~~~~^[m[K
   42 | [01;31m[K            "gpio_cmd", 10,[m[K
      |             [01;31m[K~~~~~~~~~~~~~~~[m[K                                       
   43 | [01;31m[K            std::bind(&GpioNode::full_toggle, this, std::placeholders::_1))[m[K;
      |             [01;31m[K~~~~~~~~~~~~~~~~~~~~~~~~~~~~~~~~~~~~~~~~~~~~~~~~~~~~~~~~~~~~~~~[m[K
In file included from [01m[K/opt/ros/humble/include/rclcpp/rclcpp/executors/single_threaded_executor.hpp:28[m[K,
                 from [01m[K/opt/ros/humble/include/rclcpp/rclcpp/executors.hpp:22[m[K,
                 from [01m[K/opt/ros/humble/include/rclcpp/rclcpp/rclcpp.hpp:155[m[K,
                 from [01m[K/home/mowmow/workspace/CatchRobo-r08/src/motor_control/src/gpio_node.cpp:1[m[K:
[01m[K/opt/ros/humble/include/rclcpp/rclcpp/node.hpp:219:3:[m[K [01;36m[Knote: [m[Kcandidate: ‘[01m[Ktemplate<class MessageT, class CallbackT, class AllocatorT, class SubscriptionT, class MessageMemoryStrategyT> std::shared_ptr<ROSMessageT> rclcpp::Node::create_subscription(const string&, const rclcpp::QoS&, CallbackT&&, const rclcpp::SubscriptionOptionsWithAllocator<AllocatorT>&, typename MessageMemoryStrategyT::SharedPtr)[m[K’
  219 |   [01;36m[Kcreate_subscription[m[K(
      |   [01;36m[K^~~~~~~~~~~~~~~~~~~[m[K
[01m[K/opt/ros/humble/include/rclcpp/rclcpp/node.hpp:219:3:[m[K [01;36m[Knote: [m[K  template argument deduction/substitution failed:
[01m[K/home/mowmow/workspace/CatchRobo-r08/src/motor_control/src/gpio_node.cpp:41:66:[m[K [01;31m[Kerror: [m[Ktemplate argument 1 is invalid
   41 |         sub_cmd_ = [01;31m[Kthis->create_subscription<std_msgs::msg::bool>([m[K
      |                    [01;31m[K~~~~~~~~~~~~~~~~~~~~~~~~~~~~~~~~~~~~~~~~~~~~~~^[m[K
   42 | [01;31m[K            "gpio_cmd", 10,[m[K
      |             [01;31m[K~~~~~~~~~~~~~~~[m[K                                       
   43 | [01;31m[K            std::bind(&GpioNode::full_toggle, this, std::placeholders::_1))[m[K;
      |             [01;31m[K~~~~~~~~~~~~~~~~~~~~~~~~~~~~~~~~~~~~~~~~~~~~~~~~~~~~~~~~~~~~~~~[m[K
[01m[K/home/mowmow/workspace/CatchRobo-r08/src/motor_control/src/gpio_node.cpp:[m[K In member function ‘[01m[Kvoid GpioNode::on_cmd(motor_control::msg::GpioCmd)[m[K’:
[01m[K/home/mowmow/workspace/CatchRobo-r08/src/motor_control/src/gpio_node.cpp:55:24:[m[K [01;31m[Kerror: [m[Kbase operand of ‘[01m[K->[m[K’ has non-pointer type ‘[01m[Kconst GpioCmd[m[K’ {aka ‘[01m[Kconst motor_control::msg::GpioCmd_<std::allocator<void> >[m[K’}
   55 |         int index = msg[01;31m[K->[m[Kpin_index-1;
      |                        [01;31m[K^~[m[K
[01m[K/home/mowmow/workspace/CatchRobo-r08/src/motor_control/src/gpio_node.cpp:56:24:[m[K [01;31m[Kerror: [m[Kbase operand of ‘[01m[K->[m[K’ has non-pointer type ‘[01m[Kconst GpioCmd[m[K’ {aka ‘[01m[Kconst motor_control::msg::GpioCmd_<std::allocator<void> >[m[K’}
   56 |         int value = msg[01;31m[K->[m[Ktoggle ? 1 : 0;
      |                        [01;31m[K^~[m[K
[01m[K/home/mowmow/workspace/CatchRobo-r08/src/motor_control/src/gpio_node.cpp:57:12:[m[K [01;31m[Kerror: [m[Kexpected ‘[01m[K([m[K’ before ‘[01m[Kindex[m[K’
   57 |         if [01;31m[Kindex[m[K == 7:
      |            [01;31m[K^~~~~[m[K
In file included from [01m[K/opt/ros/humble/include/rclcpp/rclcpp/logging.hpp:24[m[K,
                 from [01m[K/opt/ros/humble/include/rclcpp/rclcpp/client.hpp:40[m[K,
                 from [01m[K/opt/ros/humble/include/rclcpp/rclcpp/callback_group.hpp:24[m[K,
                 from [01m[K/opt/ros/humble/include/rclcpp/rclcpp/any_executable.hpp:20[m[K,
                 from [01m[K/opt/ros/humble/include/rclcpp/rclcpp/memory_strategy.hpp:25[m[K,
                 from [01m[K/opt/ros/humble/include/rclcpp/rclcpp/memory_strategies.hpp:18[m[K,
                 from [01m[K/opt/ros/humble/include/rclcpp/rclcpp/executor_options.hpp:20[m[K,
                 from [01m[K/opt/ros/humble/include/rclcpp/rclcpp/executor.hpp:37[m[K,
                 from [01m[K/opt/ros/humble/include/rclcpp/rclcpp/executors/multi_threaded_executor.hpp:25[m[K,
                 from [01m[K/opt/ros/humble/include/rclcpp/rclcpp/executors.hpp:21[m[K,
                 from [01m[K/opt/ros/humble/include/rclcpp/rclcpp/rclcpp.hpp:155[m[K,
                 from [01m[K/home/mowmow/workspace/CatchRobo-r08/src/motor_control/src/gpio_node.cpp:1[m[K:
[01m[K/home/mowmow/workspace/CatchRobo-r08/src/motor_control/src/gpio_node.cpp:61:74:[m[K [01;31m[Kerror: [m[Kbase operand of ‘[01m[K->[m[K’ has non-pointer type ‘[01m[Kconst GpioCmd[m[K’ {aka ‘[01m[Kconst motor_control::msg::GpioCmd_<std::allocator<void> >[m[K’}
   61 |         RCLCPP_INFO(this->get_logger(), "Set GPIO %d to %d", out_pins[msg[01;31m[K->[m[Kpin_index], value);
      |                                                                          [01;31m[K^~[m[K
[01m[K/home/mowmow/workspace/CatchRobo-r08/src/motor_control/src/gpio_node.cpp:[m[K In member function ‘[01m[Kvoid GpioNode::full_toggle(std_msgs::msg::Bool_<std::allocator<void> >::SharedPtr)[m[K’:
[01m[K/home/mowmow/workspace/CatchRobo-r08/src/motor_control/src/gpio_node.cpp:66:16:[m[K [01;31m[Kerror: [m[Kbase operand of ‘[01m[K->[m[K’ has non-pointer type ‘[01m[Kmotor_control::msg::GpioCmd[m[K’ {aka ‘[01m[Kmotor_control::msg::GpioCmd_<std::allocator<void> >[m[K’}
   66 |             cmd[01;31m[K->[m[Kpin_index = i+1;
      |                [01;31m[K^~[m[K
[01m[K/home/mowmow/workspace/CatchRobo-r08/src/motor_control/src/gpio_node.cpp:67:16:[m[K [01;31m[Kerror: [m[Kbase operand of ‘[01m[K->[m[K’ has non-pointer type ‘[01m[Kmotor_control::msg::GpioCmd[m[K’ {aka ‘[01m[Kmotor_control::msg::GpioCmd_<std::allocator<void> >[m[K’}
   67 |             cmd[01;31m[K->[m[Ktoggle = bool;
      |                [01;31m[K^~[m[K
[01m[K/home/mowmow/workspace/CatchRobo-r08/src/motor_control/src/gpio_node.cpp:67:27:[m[K [01;31m[Kerror: [m[Kexpected primary-expression before ‘[01m[Kbool[m[K’
   67 |             cmd->toggle = [01;31m[Kbool[m[K;
      |                           [01;31m[K^~~~[m[K
[01m[K/home/mowmow/workspace/CatchRobo-r08/src/motor_control/src/gpio_node.cpp:68:65:[m[K [01;31m[Kerror: [m[Kcannot convert ‘[01m[Kstd::shared_ptr<motor_control::msg::GpioCmd_<std::allocator<void> > >[m[K’ to ‘[01m[Kmotor_control::msg::GpioCmd[m[K’ {aka ‘[01m[Kmotor_control::msg::GpioCmd_<std::allocator<void> >[m[K’}
   68 |             on_cmd([01;31m[Kstd::make_shared<motor_control::msg::GpioCmd>(cmd)[m[K);
      |                    [01;31m[K~~~~~~~~~~~~~~~~~~~~~~~~~~~~~~~~~~~~~~~~~~~~~^~~~~[m[K
      |                                                                 [01;31m[K|[m[K
      |                                                                 [01;31m[Kstd::shared_ptr<motor_control::msg::GpioCmd_<std::allocator<void> > >[m[K
[01m[K/home/mowmow/workspace/CatchRobo-r08/src/motor_control/src/gpio_node.cpp:54:51:[m[K [01;36m[Knote: [m[K  initializing argument 1 of ‘[01m[Kvoid GpioNode::on_cmd(motor_control::msg::GpioCmd)[m[K’
   54 |     void on_cmd([01;36m[Kconst motor_control::msg::GpioCmd msg[m[K) {
      |                 [01;36m[K~~~~~~~~~~~~~~~~~~~~~~~~~~~~~~~~~~^~~[m[K
[01m[K/home/mowmow/workspace/CatchRobo-r08/src/motor_control/src/gpio_node.cpp:63:53:[m[K [01;35m[Kwarning: [m[Kunused parameter ‘[01m[Kmsg[m[K’ [[01;35m[K]8;;https://gcc.gnu.org/onlinedocs/gcc/Warning-Options.html#index-Wunused-parameter-Wunused-parameter]8;;[m[K]
   63 |     void full_toggle([01;35m[Kstd_msgs::msg::Bool::SharedPtr msg[m[K) {
      |                      [01;35m[K~~~~~~~~~~~~~~~~~~~~~~~~~~~~~~~^~~[m[K
[01m[K/home/mowmow/workspace/CatchRobo-r08/src/motor_control/src/observe_node.cpp:94:65:[m[K [01;35m[Kwarning: [m[Kconverting to ‘[01m[Kmotor_control::msg::ReturnAt_<std::allocator<void> >[m[K’ from initializer list would use explicit constructor ‘[01m[Kmotor_control::msg::ReturnAt_<ContainerAllocator>::ReturnAt_(rosidl_runtime_cpp::MessageInitialization) [with ContainerAllocator = std::allocator<void>][m[K’
   94 |   std::array<motor_control::msg::ReturnAt, kjoints> last_state_{[01;35m[K}[m[K;
      |                                                                 [01;35m[K^[m[K
[01m[K/home/mowmow/workspace/CatchRobo-r08/src/motor_control/src/observe_node.cpp:94:65:[m[K [01;36m[Knote: [m[Kin C++11 and above a default constructor can be explicit
[01m[K/home/mowmow/workspace/CatchRobo-r08/src/motor_control/src/observe_node.cpp:94:65:[m[K [01;35m[Kwarning: [m[Kconverting to ‘[01m[Kmotor_control::msg::ReturnAt_<std::allocator<void> >[m[K’ from initializer list would use explicit constructor ‘[01m[Kmotor_control::msg::ReturnAt_<ContainerAllocator>::ReturnAt_(rosidl_runtime_cpp::MessageInitialization) [with ContainerAllocator = std::allocator<void>][m[K’
[01m[K/home/mowmow/workspace/CatchRobo-r08/src/motor_control/src/observe_node.cpp:94:65:[m[K [01;36m[Knote: [m[Kin C++11 and above a default constructor can be explicit
[01m[K/home/mowmow/workspace/CatchRobo-r08/src/motor_control/src/observe_node.cpp:94:65:[m[K [01;35m[Kwarning: [m[Kconverting to ‘[01m[Kmotor_control::msg::ReturnAt_<std::allocator<void> >[m[K’ from initializer list would use explicit constructor ‘[01m[Kmotor_control::msg::ReturnAt_<ContainerAllocator>::ReturnAt_(rosidl_runtime_cpp::MessageInitialization) [with ContainerAllocator = std::allocator<void>][m[K’
[01m[K/home/mowmow/workspace/CatchRobo-r08/src/motor_control/src/observe_node.cpp:94:65:[m[K [01;36m[Knote: [m[Kin C++11 and above a default constructor can be explicit
[01m[K/home/mowmow/workspace/CatchRobo-r08/src/motor_control/src/observe_node.cpp:94:65:[m[K [01;35m[Kwarning: [m[Kconverting to ‘[01m[Kmotor_control::msg::ReturnAt_<std::allocator<void> >[m[K’ from initializer list would use explicit constructor ‘[01m[Kmotor_control::msg::ReturnAt_<ContainerAllocator>::ReturnAt_(rosidl_runtime_cpp::MessageInitialization) [with ContainerAllocator = std::allocator<void>][m[K’
[01m[K/home/mowmow/workspace/CatchRobo-r08/src/motor_control/src/observe_node.cpp:94:65:[m[K [01;36m[Knote: [m[Kin C++11 and above a default constructor can be explicit
[01m[K/home/mowmow/workspace/CatchRobo-r08/src/motor_control/src/observe_node.cpp:94:65:[m[K [01;35m[Kwarning: [m[Kconverting to ‘[01m[Kmotor_control::msg::ReturnAt_<std::allocator<void> >[m[K’ from initializer list would use explicit constructor ‘[01m[Kmotor_control::msg::ReturnAt_<ContainerAllocator>::ReturnAt_(rosidl_runtime_cpp::MessageInitialization) [with ContainerAllocator = std::allocator<void>][m[K’
[01m[K/home/mowmow/workspace/CatchRobo-r08/src/motor_control/src/observe_node.cpp:94:65:[m[K [01;36m[Knote: [m[Kin C++11 and above a default constructor can be explicit
[01m[K/home/mowmow/workspace/CatchRobo-r08/src/motor_control/src/observe_node.cpp:94:65:[m[K [01;35m[Kwarning: [m[Kconverting to ‘[01m[Kmotor_control::msg::ReturnAt_<std::allocator<void> >[m[K’ from initializer list would use explicit constructor ‘[01m[Kmotor_control::msg::ReturnAt_<ContainerAllocator>::ReturnAt_(rosidl_runtime_cpp::MessageInitialization) [with ContainerAllocator = std::allocator<void>][m[K’
[01m[K/home/mowmow/workspace/CatchRobo-r08/src/motor_control/src/observe_node.cpp:94:65:[m[K [01;36m[Knote: [m[Kin C++11 and above a default constructor can be explicit
[01m[K/home/mowmow/workspace/CatchRobo-r08/src/motor_control/src/control_node.cpp:118:40:[m[K [01;31m[Kerror: [m[Ktemplate argument 1 is invalid
  118 |   rclcpp::Publisher<std_msgs::msg::bool[01;31m[K>[m[K::SharedPtr pub_gpio;
      |                                        [01;31m[K^[m[K
[01m[K/home/mowmow/workspace/CatchRobo-r08/src/motor_control/src/control_node.cpp:118:43:[m[K [01;31m[Kerror: [m[Kexpected ‘[01m[K;[m[K’ at end of member declaration
  118 |   rclcpp::Publisher<std_msgs::msg::bool>::[01;31m[KSharedPtr[m[K pub_gpio;
      |                                           [01;31m[K^~~~~~~~~[m[K
      |                                                    [32m[K;[m[K
[01m[K/home/mowmow/workspace/CatchRobo-r08/src/motor_control/src/control_node.cpp:118:53:[m[K [01;31m[Kerror: [m[K‘[01m[Kpub_gpio[m[K’ does not name a type
  118 |   rclcpp::Publisher<std_msgs::msg::bool>::SharedPtr [01;31m[Kpub_gpio[m[K;
      |                                                     [01;31m[K^~~~~~~~[m[K
[01m[K/home/mowmow/workspace/CatchRobo-r08/src/motor_control/src/control_node.cpp:[m[K In constructor ‘[01m[KControlNode::ControlNode()[m[K’:
[01m[K/home/mowmow/workspace/CatchRobo-r08/src/motor_control/src/control_node.cpp:35:5:[m[K [01;31m[Kerror: [m[K‘[01m[Kpub_gpio[m[K’ was not declared in this scope
   35 |     [01;31m[Kpub_gpio[m[K = this->create_publisher<std_msgs::msg::bool>("gpio_cmd", 10);
      |     [01;31m[K^~~~~~~~[m[K
[01m[K/home/mowmow/workspace/CatchRobo-r08/src/motor_control/src/control_node.cpp:35:22:[m[K [01;31m[Kerror: [m[Kparse error in template argument list
   35 |     pub_gpio = this->[01;31m[Kcreate_publisher<std_msgs::msg::bool>[m[K("gpio_cmd", 10);
      |                      [01;31m[K^~~~~~~~~~~~~~~~~~~~~~~~~~~~~~~~~~~~~[m[K
[01m[K/home/mowmow/workspace/CatchRobo-r08/src/motor_control/src/control_node.cpp:35:59:[m[K [01;31m[Kerror: [m[Kno matching function for call to ‘[01m[KControlNode::create_publisher<<expression error> >(const char [9], int)[m[K’
   35 |     pub_gpio = [01;31m[Kthis->create_publisher<std_msgs::msg::bool>("gpio_cmd", 10)[m[K;
      |                [01;31m[K~~~~~~~~~~~~~~~~~~~~~~~~~~~~~~~~~~~~~~~~~~~^~~~~~~~~~~~~~~~[m[K
In file included from [01m[K/opt/ros/humble/include/rclcpp/rclcpp/node.hpp:1321[m[K,
                 from [01m[K/opt/ros/humble/include/rclcpp/rclcpp/executors/single_threaded_executor.hpp:28[m[K,
                 from [01m[K/opt/ros/humble/include/rclcpp/rclcpp/executors.hpp:22[m[K,
                 from [01m[K/opt/ros/humble/include/rclcpp/rclcpp/rclcpp.hpp:155[m[K,
                 from [01m[K/home/mowmow/workspace/CatchRobo-r08/src/motor_control/src/control_node.cpp:1[m[K:
[01m[K/opt/ros/humble/include/rclcpp/rclcpp/node_impl.hpp:73:1:[m[K [01;36m[Knote: [m[Kcandidate: ‘[01m[Ktemplate<class MessageT, class AllocatorT, class PublisherT> std::shared_ptr<PublisherT> rclcpp::Node::create_publisher(const string&, const rclcpp::QoS&, const rclcpp::PublisherOptionsWithAllocator<AllocatorT>&)[m[K’
   73 | [01;36m[KNode[m[K::create_publisher(
      | [01;36m[K^~~~[m[K
[01m[K/opt/ros/humble/include/rclcpp/rclcpp/node_impl.hpp:73:1:[m[K [01;36m[Knote: [m[K  template argument deduction/substitution failed:
[01m[K/home/mowmow/workspace/CatchRobo-r08/src/motor_control/src/control_node.cpp:35:59:[m[K [01;31m[Kerror: [m[Ktemplate argument 1 is invalid
   35 |     pub_gpio = [01;31m[Kthis->create_publisher<std_msgs::msg::bool>("gpio_cmd", 10)[m[K;
      |                [01;31m[K~~~~~~~~~~~~~~~~~~~~~~~~~~~~~~~~~~~~~~~~~~~^~~~~~~~~~~~~~~~[m[K
[01m[K/home/mowmow/workspace/CatchRobo-r08/src/motor_control/src/control_node.cpp:[m[K In member function ‘[01m[Kbool ControlNode::make_batch(motor_control::msg::SendArray&)[m[K’:
[01m[K/home/mowmow/workspace/CatchRobo-r08/src/motor_control/src/control_node.cpp:70:28:[m[K [01;31m[Kerror: [m[Kcannot convert ‘[01m[Kstd::basic_istream<char>[m[K’ to ‘[01m[Kint[m[K’ in initialization
   70 |     int pomp = [01;31m[Kstd::getline(ss, cell, ',')[m[K; // 例: フラグを読み捨て
      |                [01;31m[K~~~~~~~~~~~~^~~~~~~~~~~~~~~[m[K
      |                            [01;31m[K|[m[K
      |                            [01;31m[Kstd::basic_istream<char>[m[K
[01m[K/home/mowmow/workspace/CatchRobo-r08/src/motor_control/src/control_node.cpp:71:5:[m[K [01;31m[Kerror: [m[K‘[01m[Kpub_gpio[m[K’ was not declared in this scope
   71 |     [01;31m[Kpub_gpio[m[K->publish(pomp);
      |     [01;31m[K^~~~~~~~[m[K
gmake[2]: *** [CMakeFiles/gpio_node.dir/build.make:76: CMakeFiles/gpio_node.dir/src/gpio_node.cpp.o] Error 1
gmake[1]: *** [CMakeFiles/Makefile2:680: CMakeFiles/gpio_node.dir/all] Error 2
gmake[1]: *** Waiting for unfinished jobs....
gmake[2]: *** [CMakeFiles/control_node.dir/build.make:76: CMakeFiles/control_node.dir/src/control_node.cpp.o] Error 1
gmake[1]: *** [CMakeFiles/Makefile2:626: CMakeFiles/control_node.dir/all] Error 2
gmake: *** [Makefile:146: all] Error 2
