[  1%] Built target motor_control__cpp
[ 11%] Built target motor_control__rosidl_generator_c
[ 11%] Built target ament_cmake_python_copy_motor_control
[ 20%] Built target motor_control__rosidl_typesupport_cpp
[ 30%] Built target motor_control__rosidl_typesupport_fastrtps_cpp
[ 39%] Built target motor_control__rosidl_typesupport_introspection_cpp
[ 49%] Built target motor_control__rosidl_typesupport_fastrtps_c
[ 58%] Built target motor_control__rosidl_typesupport_introspection_c
[ 68%] Built target motor_control__rosidl_typesupport_c
[ 71%] Built target communication_node
running egg_info
writing motor_control.egg-info/PKG-INFO
writing dependency_links to motor_control.egg-info/dependency_links.txt
writing top-level names to motor_control.egg-info/top_level.txt
[ 73%] [32mBuilding CXX object CMakeFiles/control_node.dir/src/control_node.cpp.o[0m
[ 74%] [32mBuilding CXX object CMakeFiles/observe_node.dir/src/observe_node.cpp.o[0m
reading manifest file 'motor_control.egg-info/SOURCES.txt'
[35m[1mConsolidate compiler generated dependencies of target gpio_node[0m
writing manifest file 'motor_control.egg-info/SOURCES.txt'
[ 76%] [32mBuilding CXX object CMakeFiles/gpio_node.dir/src/gpio_node.cpp.o[0m
[ 76%] Built target ament_cmake_python_build_motor_control_egg
[ 76%] Built target motor_control
[ 77%] Built target motor_control__py
[ 85%] Built target motor_control__rosidl_generator_py
[ 88%] Built target motor_control__rosidl_typesupport_fastrtps_c__pyext
[ 92%] Built target motor_control__rosidl_typesupport_introspection_c__pyext
[ 95%] Built target motor_control__rosidl_typesupport_c__pyext
[ 96%] [32m[1mLinking CXX executable observe_node[0m
[ 96%] Built target observe_node
