[0.215s] Invoking command in '/home/mowmow/workspace/CatchRobo-r08/build/motor_control': CMAKE_PREFIX_PATH=${CMAKE_PREFIX_PATH}:/opt/ros/humble /usr/bin/cmake --build /home/mowmow/workspace/CatchRobo-r08/build/motor_control -- -j4 -l4
[0.618s] [  1%] Built target motor_control__cpp
[0.677s] [ 11%] Built target motor_control__rosidl_generator_c
[0.707s] [ 11%] Built target ament_cmake_python_copy_motor_control
[0.788s] [ 20%] Built target motor_control__rosidl_typesupport_cpp
[0.832s] [ 30%] Built target motor_control__rosidl_typesupport_fastrtps_cpp
[0.849s] [ 39%] Built target motor_control__rosidl_typesupport_introspection_cpp
[0.887s] [ 49%] Built target motor_control__rosidl_typesupport_fastrtps_c
[0.967s] [ 58%] Built target motor_control__rosidl_typesupport_introspection_c
[1.003s] [ 68%] Built target motor_control__rosidl_typesupport_c
[1.205s] [ 71%] Built target communication_node
[3.834s] running egg_info
[3.844s] writing motor_control.egg-info/PKG-INFO
[3.851s] writing dependency_links to motor_control.egg-info/dependency_links.txt
[3.857s] writing top-level names to motor_control.egg-info/top_level.txt
[3.879s] [ 73%] [32mBuilding CXX object CMakeFiles/control_node.dir/src/control_node.cpp.o[0m
[3.902s] [ 74%] [32mBuilding CXX object CMakeFiles/observe_node.dir/src/observe_node.cpp.o[0m
[3.939s] reading manifest file 'motor_control.egg-info/SOURCES.txt'
[3.942s] [35m[1mConsolidate compiler generated dependencies of target gpio_node[0m
[3.960s] writing manifest file 'motor_control.egg-info/SOURCES.txt'
[4.073s] [ 76%] [32mBuilding CXX object CMakeFiles/gpio_node.dir/src/gpio_node.cpp.o[0m
[4.162s] [ 76%] Built target ament_cmake_python_build_motor_control_egg
[4.269s] [ 76%] Built target motor_control
[4.397s] [ 77%] Built target motor_control__py
[4.668s] [ 85%] Built target motor_control__rosidl_generator_py
[4.902s] [ 88%] Built target motor_control__rosidl_typesupport_fastrtps_c__pyext
[5.127s] [ 92%] Built target motor_control__rosidl_typesupport_introspection_c__pyext
[5.336s] [ 95%] Built target motor_control__rosidl_typesupport_c__pyext
[18.254s] [01m[K/home/mowmow/workspace/CatchRobo-r08/src/motor_control/src/gpio_node.cpp:[m[K In constructor ‘[01m[KGpioNode::GpioNode()[m[K’:
[18.255s] [01m[K/home/mowmow/workspace/CatchRobo-r08/src/motor_control/src/gpio_node.cpp:31:13:[m[K [01;31m[Kerror: [m[Kexpected ‘[01m[K;[m[K’ before ‘[01m[Kline_outs[m[K’
[18.256s]    31 |             [01;31m[Kline_outs[m[K.push_back(line_out);
[18.256s]       |             [01;31m[K^~~~~~~~~[m[K
[18.257s] [01m[K/home/mowmow/workspace/CatchRobo-r08/src/motor_control/src/gpio_node.cpp:38:13:[m[K [01;31m[Kerror: [m[Kexpected ‘[01m[K;[m[K’ before ‘[01m[Kline_ins[m[K’
[18.259s]    38 |             [01;31m[Kline_ins[m[K.push_back(line_in);
[18.261s]       |             [01;31m[K^~~~~~~~[m[K
[18.264s] [01m[K/home/mowmow/workspace/CatchRobo-r08/src/motor_control/src/gpio_node.cpp:41:26:[m[K [01;31m[Kerror: [m[Kparse error in template argument list
[18.266s]    41 |         sub_cmd_ = this->[01;31m[Kcreate_subscription<std_msgs::msg::bool>[m[K(
[18.269s]       |                          [01;31m[K^~~~~~~~~~~~~~~~~~~~~~~~~~~~~~~~~~~~~~~~[m[K
[18.294s] [01m[K/home/mowmow/workspace/CatchRobo-r08/src/motor_control/src/gpio_node.cpp:41:66:[m[K [01;31m[Kerror: [m[Kno matching function for call to ‘[01m[KGpioNode::create_subscription<<expression error> >(const char [9], int, std::_Bind_helper<false, void (GpioNode::*)(std::shared_ptr<std_msgs::msg::Bool_<std::allocator<void> > >), GpioNode*, const std::_Placeholder<1>&>::type)[m[K’
[18.300s]    41 |         sub_cmd_ = [01;31m[Kthis->create_subscription<std_msgs::msg::bool>([m[K
[18.306s]       |                    [01;31m[K~~~~~~~~~~~~~~~~~~~~~~~~~~~~~~~~~~~~~~~~~~~~~~^[m[K
[18.314s]    42 | [01;31m[K            "gpio_cmd", 10,[m[K
[18.325s]       |             [01;31m[K~~~~~~~~~~~~~~~[m[K                                       
[18.329s]    43 | [01;31m[K            std::bind(&GpioNode::full_toggle, this, std::placeholders::_1))[m[K;
[18.335s]       |             [01;31m[K~~~~~~~~~~~~~~~~~~~~~~~~~~~~~~~~~~~~~~~~~~~~~~~~~~~~~~~~~~~~~~~[m[K
[18.340s] In file included from [01m[K/opt/ros/humble/include/rclcpp/rclcpp/executors/single_threaded_executor.hpp:28[m[K,
[18.345s]                  from [01m[K/opt/ros/humble/include/rclcpp/rclcpp/executors.hpp:22[m[K,
[18.349s]                  from [01m[K/opt/ros/humble/include/rclcpp/rclcpp/rclcpp.hpp:155[m[K,
[18.355s]                  from [01m[K/home/mowmow/workspace/CatchRobo-r08/src/motor_control/src/gpio_node.cpp:1[m[K:
[18.361s] [01m[K/opt/ros/humble/include/rclcpp/rclcpp/node.hpp:219:3:[m[K [01;36m[Knote: [m[Kcandidate: ‘[01m[Ktemplate<class MessageT, class CallbackT, class AllocatorT, class SubscriptionT, class MessageMemoryStrategyT> std::shared_ptr<ROSMessageT> rclcpp::Node::create_subscription(const string&, const rclcpp::QoS&, CallbackT&&, const rclcpp::SubscriptionOptionsWithAllocator<AllocatorT>&, typename MessageMemoryStrategyT::SharedPtr)[m[K’
[18.366s]   219 |   [01;36m[Kcreate_subscription[m[K(
[18.371s]       |   [01;36m[K^~~~~~~~~~~~~~~~~~~[m[K
[18.375s] [01m[K/opt/ros/humble/include/rclcpp/rclcpp/node.hpp:219:3:[m[K [01;36m[Knote: [m[K  template argument deduction/substitution failed:
[18.380s] [01m[K/home/mowmow/workspace/CatchRobo-r08/src/motor_control/src/gpio_node.cpp:41:66:[m[K [01;31m[Kerror: [m[Ktemplate argument 1 is invalid
[18.388s]    41 |         sub_cmd_ = [01;31m[Kthis->create_subscription<std_msgs::msg::bool>([m[K
[18.395s]       |                    [01;31m[K~~~~~~~~~~~~~~~~~~~~~~~~~~~~~~~~~~~~~~~~~~~~~~^[m[K
[18.400s]    42 | [01;31m[K            "gpio_cmd", 10,[m[K
[18.404s]       |             [01;31m[K~~~~~~~~~~~~~~~[m[K                                       
[18.409s]    43 | [01;31m[K            std::bind(&GpioNode::full_toggle, this, std::placeholders::_1))[m[K;
[18.413s]       |             [01;31m[K~~~~~~~~~~~~~~~~~~~~~~~~~~~~~~~~~~~~~~~~~~~~~~~~~~~~~~~~~~~~~~~[m[K
[18.418s] [01m[K/home/mowmow/workspace/CatchRobo-r08/src/motor_control/src/gpio_node.cpp:[m[K In member function ‘[01m[Kvoid GpioNode::on_cmd(motor_control::msg::GpioCmd)[m[K’:
[18.422s] [01m[K/home/mowmow/workspace/CatchRobo-r08/src/motor_control/src/gpio_node.cpp:55:24:[m[K [01;31m[Kerror: [m[Kbase operand of ‘[01m[K->[m[K’ has non-pointer type ‘[01m[Kconst GpioCmd[m[K’ {aka ‘[01m[Kconst motor_control::msg::GpioCmd_<std::allocator<void> >[m[K’}
[18.427s]    55 |         int index = msg[01;31m[K->[m[Kpin_index-1;
[18.431s]       |                        [01;31m[K^~[m[K
[18.436s] [01m[K/home/mowmow/workspace/CatchRobo-r08/src/motor_control/src/gpio_node.cpp:56:24:[m[K [01;31m[Kerror: [m[Kbase operand of ‘[01m[K->[m[K’ has non-pointer type ‘[01m[Kconst GpioCmd[m[K’ {aka ‘[01m[Kconst motor_control::msg::GpioCmd_<std::allocator<void> >[m[K’}
[18.440s]    56 |         int value = msg[01;31m[K->[m[Ktoggle ? 1 : 0;
[18.445s]       |                        [01;31m[K^~[m[K
[18.449s] [01m[K/home/mowmow/workspace/CatchRobo-r08/src/motor_control/src/gpio_node.cpp:57:12:[m[K [01;31m[Kerror: [m[Kexpected ‘[01m[K([m[K’ before ‘[01m[Kindex[m[K’
[18.454s]    57 |         if [01;31m[Kindex[m[K == 7:
[18.458s]       |            [01;31m[K^~~~~[m[K
[18.464s] In file included from [01m[K/opt/ros/humble/include/rclcpp/rclcpp/logging.hpp:24[m[K,
[18.469s]                  from [01m[K/opt/ros/humble/include/rclcpp/rclcpp/client.hpp:40[m[K,
[18.474s]                  from [01m[K/opt/ros/humble/include/rclcpp/rclcpp/callback_group.hpp:24[m[K,
[18.479s]                  from [01m[K/opt/ros/humble/include/rclcpp/rclcpp/any_executable.hpp:20[m[K,
[18.484s]                  from [01m[K/opt/ros/humble/include/rclcpp/rclcpp/memory_strategy.hpp:25[m[K,
[18.491s]                  from [01m[K/opt/ros/humble/include/rclcpp/rclcpp/memory_strategies.hpp:18[m[K,
[18.499s]                  from [01m[K/opt/ros/humble/include/rclcpp/rclcpp/executor_options.hpp:20[m[K,
[18.505s]                  from [01m[K/opt/ros/humble/include/rclcpp/rclcpp/executor.hpp:37[m[K,
[18.510s]                  from [01m[K/opt/ros/humble/include/rclcpp/rclcpp/executors/multi_threaded_executor.hpp:25[m[K,
[18.516s]                  from [01m[K/opt/ros/humble/include/rclcpp/rclcpp/executors.hpp:21[m[K,
[18.521s]                  from [01m[K/opt/ros/humble/include/rclcpp/rclcpp/rclcpp.hpp:155[m[K,
[18.527s]                  from [01m[K/home/mowmow/workspace/CatchRobo-r08/src/motor_control/src/gpio_node.cpp:1[m[K:
[18.532s] [01m[K/home/mowmow/workspace/CatchRobo-r08/src/motor_control/src/gpio_node.cpp:61:74:[m[K [01;31m[Kerror: [m[Kbase operand of ‘[01m[K->[m[K’ has non-pointer type ‘[01m[Kconst GpioCmd[m[K’ {aka ‘[01m[Kconst motor_control::msg::GpioCmd_<std::allocator<void> >[m[K’}
[18.537s]    61 |         RCLCPP_INFO(this->get_logger(), "Set GPIO %d to %d", out_pins[msg[01;31m[K->[m[Kpin_index], value);
[18.542s]       |                                                                          [01;31m[K^~[m[K
[18.547s] [01m[K/home/mowmow/workspace/CatchRobo-r08/src/motor_control/src/gpio_node.cpp:[m[K In member function ‘[01m[Kvoid GpioNode::full_toggle(std_msgs::msg::Bool_<std::allocator<void> >::SharedPtr)[m[K’:
[18.552s] [01m[K/home/mowmow/workspace/CatchRobo-r08/src/motor_control/src/gpio_node.cpp:66:16:[m[K [01;31m[Kerror: [m[Kbase operand of ‘[01m[K->[m[K’ has non-pointer type ‘[01m[Kmotor_control::msg::GpioCmd[m[K’ {aka ‘[01m[Kmotor_control::msg::GpioCmd_<std::allocator<void> >[m[K’}
[18.556s]    66 |             cmd[01;31m[K->[m[Kpin_index = i+1;
[18.561s]       |                [01;31m[K^~[m[K
[18.566s] [01m[K/home/mowmow/workspace/CatchRobo-r08/src/motor_control/src/gpio_node.cpp:67:16:[m[K [01;31m[Kerror: [m[Kbase operand of ‘[01m[K->[m[K’ has non-pointer type ‘[01m[Kmotor_control::msg::GpioCmd[m[K’ {aka ‘[01m[Kmotor_control::msg::GpioCmd_<std::allocator<void> >[m[K’}
[18.574s]    67 |             cmd[01;31m[K->[m[Ktoggle = bool;
[18.578s]       |                [01;31m[K^~[m[K
[18.583s] [01m[K/home/mowmow/workspace/CatchRobo-r08/src/motor_control/src/gpio_node.cpp:67:27:[m[K [01;31m[Kerror: [m[Kexpected primary-expression before ‘[01m[Kbool[m[K’
[18.588s]    67 |             cmd->toggle = [01;31m[Kbool[m[K;
[18.602s]       |                           [01;31m[K^~~~[m[K
[18.607s] [01m[K/home/mowmow/workspace/CatchRobo-r08/src/motor_control/src/gpio_node.cpp:68:65:[m[K [01;31m[Kerror: [m[Kcannot convert ‘[01m[Kstd::shared_ptr<motor_control::msg::GpioCmd_<std::allocator<void> > >[m[K’ to ‘[01m[Kmotor_control::msg::GpioCmd[m[K’ {aka ‘[01m[Kmotor_control::msg::GpioCmd_<std::allocator<void> >[m[K’}
[18.612s]    68 |             on_cmd([01;31m[Kstd::make_shared<motor_control::msg::GpioCmd>(cmd)[m[K);
[18.616s]       |                    [01;31m[K~~~~~~~~~~~~~~~~~~~~~~~~~~~~~~~~~~~~~~~~~~~~~^~~~~[m[K
[18.622s]       |                                                                 [01;31m[K|[m[K
[18.627s]       |                                                                 [01;31m[Kstd::shared_ptr<motor_control::msg::GpioCmd_<std::allocator<void> > >[m[K
[18.631s] [01m[K/home/mowmow/workspace/CatchRobo-r08/src/motor_control/src/gpio_node.cpp:54:51:[m[K [01;36m[Knote: [m[K  initializing argument 1 of ‘[01m[Kvoid GpioNode::on_cmd(motor_control::msg::GpioCmd)[m[K’
[18.636s]    54 |     void on_cmd([01;36m[Kconst motor_control::msg::GpioCmd msg[m[K) {
[18.641s]       |                 [01;36m[K~~~~~~~~~~~~~~~~~~~~~~~~~~~~~~~~~~^~~[m[K
[18.646s] [01m[K/home/mowmow/workspace/CatchRobo-r08/src/motor_control/src/gpio_node.cpp:63:53:[m[K [01;35m[Kwarning: [m[Kunused parameter ‘[01m[Kmsg[m[K’ [[01;35m[K]8;;https://gcc.gnu.org/onlinedocs/gcc/Warning-Options.html#index-Wunused-parameter-Wunused-parameter]8;;[m[K]
[18.650s]    63 |     void full_toggle([01;35m[Kstd_msgs::msg::Bool::SharedPtr msg[m[K) {
[18.655s]       |                      [01;35m[K~~~~~~~~~~~~~~~~~~~~~~~~~~~~~~~^~~[m[K
[18.659s] [01m[K/home/mowmow/workspace/CatchRobo-r08/src/motor_control/src/observe_node.cpp:94:65:[m[K [01;35m[Kwarning: [m[Kconverting to ‘[01m[Kmotor_control::msg::ReturnAt_<std::allocator<void> >[m[K’ from initializer list would use explicit constructor ‘[01m[Kmotor_control::msg::ReturnAt_<ContainerAllocator>::ReturnAt_(rosidl_runtime_cpp::MessageInitialization) [with ContainerAllocator = std::allocator<void>][m[K’
[18.663s]    94 |   std::array<motor_control::msg::ReturnAt, kjoints> last_state_{[01;35m[K}[m[K;
[18.667s]       |                                                                 [01;35m[K^[m[K
[18.671s] [01m[K/home/mowmow/workspace/CatchRobo-r08/src/motor_control/src/observe_node.cpp:94:65:[m[K [01;36m[Knote: [m[Kin C++11 and above a default constructor can be explicit
[18.676s] [01m[K/home/mowmow/workspace/CatchRobo-r08/src/motor_control/src/observe_node.cpp:94:65:[m[K [01;35m[Kwarning: [m[Kconverting to ‘[01m[Kmotor_control::msg::ReturnAt_<std::allocator<void> >[m[K’ from initializer list would use explicit constructor ‘[01m[Kmotor_control::msg::ReturnAt_<ContainerAllocator>::ReturnAt_(rosidl_runtime_cpp::MessageInitialization) [with ContainerAllocator = std::allocator<void>][m[K’
[18.680s] [01m[K/home/mowmow/workspace/CatchRobo-r08/src/motor_control/src/observe_node.cpp:94:65:[m[K [01;36m[Knote: [m[Kin C++11 and above a default constructor can be explicit
[18.684s] [01m[K/home/mowmow/workspace/CatchRobo-r08/src/motor_control/src/observe_node.cpp:94:65:[m[K [01;35m[Kwarning: [m[Kconverting to ‘[01m[Kmotor_control::msg::ReturnAt_<std::allocator<void> >[m[K’ from initializer list would use explicit constructor ‘[01m[Kmotor_control::msg::ReturnAt_<ContainerAllocator>::ReturnAt_(rosidl_runtime_cpp::MessageInitialization) [with ContainerAllocator = std::allocator<void>][m[K’
[18.688s] [01m[K/home/mowmow/workspace/CatchRobo-r08/src/motor_control/src/observe_node.cpp:94:65:[m[K [01;36m[Knote: [m[Kin C++11 and above a default constructor can be explicit
[18.692s] [01m[K/home/mowmow/workspace/CatchRobo-r08/src/motor_control/src/observe_node.cpp:94:65:[m[K [01;35m[Kwarning: [m[Kconverting to ‘[01m[Kmotor_control::msg::ReturnAt_<std::allocator<void> >[m[K’ from initializer list would use explicit constructor ‘[01m[Kmotor_control::msg::ReturnAt_<ContainerAllocator>::ReturnAt_(rosidl_runtime_cpp::MessageInitialization) [with ContainerAllocator = std::allocator<void>][m[K’
[18.699s] [01m[K/home/mowmow/workspace/CatchRobo-r08/src/motor_control/src/observe_node.cpp:94:65:[m[K [01;36m[Knote: [m[Kin C++11 and above a default constructor can be explicit
[18.707s] [01m[K/home/mowmow/workspace/CatchRobo-r08/src/motor_control/src/observe_node.cpp:94:65:[m[K [01;35m[Kwarning: [m[Kconverting to ‘[01m[Kmotor_control::msg::ReturnAt_<std::allocator<void> >[m[K’ from initializer list would use explicit constructor ‘[01m[Kmotor_control::msg::ReturnAt_<ContainerAllocator>::ReturnAt_(rosidl_runtime_cpp::MessageInitialization) [with ContainerAllocator = std::allocator<void>][m[K’
[18.711s] [01m[K/home/mowmow/workspace/CatchRobo-r08/src/motor_control/src/observe_node.cpp:94:65:[m[K [01;36m[Knote: [m[Kin C++11 and above a default constructor can be explicit
[18.717s] [01m[K/home/mowmow/workspace/CatchRobo-r08/src/motor_control/src/observe_node.cpp:94:65:[m[K [01;35m[Kwarning: [m[Kconverting to ‘[01m[Kmotor_control::msg::ReturnAt_<std::allocator<void> >[m[K’ from initializer list would use explicit constructor ‘[01m[Kmotor_control::msg::ReturnAt_<ContainerAllocator>::ReturnAt_(rosidl_runtime_cpp::MessageInitialization) [with ContainerAllocator = std::allocator<void>][m[K’
[18.723s] [01m[K/home/mowmow/workspace/CatchRobo-r08/src/motor_control/src/observe_node.cpp:94:65:[m[K [01;36m[Knote: [m[Kin C++11 and above a default constructor can be explicit
[18.873s] [01m[K/home/mowmow/workspace/CatchRobo-r08/src/motor_control/src/control_node.cpp:118:40:[m[K [01;31m[Kerror: [m[Ktemplate argument 1 is invalid
[18.878s]   118 |   rclcpp::Publisher<std_msgs::msg::bool[01;31m[K>[m[K::SharedPtr pub_gpio;
[18.885s]       |                                        [01;31m[K^[m[K
[18.890s] [01m[K/home/mowmow/workspace/CatchRobo-r08/src/motor_control/src/control_node.cpp:118:43:[m[K [01;31m[Kerror: [m[Kexpected ‘[01m[K;[m[K’ at end of member declaration
[18.894s]   118 |   rclcpp::Publisher<std_msgs::msg::bool>::[01;31m[KSharedPtr[m[K pub_gpio;
[18.903s]       |                                           [01;31m[K^~~~~~~~~[m[K
[18.909s]       |                                                    [32m[K;[m[K
[18.914s] [01m[K/home/mowmow/workspace/CatchRobo-r08/src/motor_control/src/control_node.cpp:118:53:[m[K [01;31m[Kerror: [m[K‘[01m[Kpub_gpio[m[K’ does not name a type
[18.918s]   118 |   rclcpp::Publisher<std_msgs::msg::bool>::SharedPtr [01;31m[Kpub_gpio[m[K;
[18.923s]       |                                                     [01;31m[K^~~~~~~~[m[K
[18.959s] [01m[K/home/mowmow/workspace/CatchRobo-r08/src/motor_control/src/control_node.cpp:[m[K In constructor ‘[01m[KControlNode::ControlNode()[m[K’:
[18.963s] [01m[K/home/mowmow/workspace/CatchRobo-r08/src/motor_control/src/control_node.cpp:35:5:[m[K [01;31m[Kerror: [m[K‘[01m[Kpub_gpio[m[K’ was not declared in this scope
[18.968s]    35 |     [01;31m[Kpub_gpio[m[K = this->create_publisher<std_msgs::msg::bool>("gpio_cmd", 10);
[18.972s]       |     [01;31m[K^~~~~~~~[m[K
[18.976s] [01m[K/home/mowmow/workspace/CatchRobo-r08/src/motor_control/src/control_node.cpp:35:22:[m[K [01;31m[Kerror: [m[Kparse error in template argument list
[18.981s]    35 |     pub_gpio = this->[01;31m[Kcreate_publisher<std_msgs::msg::bool>[m[K("gpio_cmd", 10);
[18.985s]       |                      [01;31m[K^~~~~~~~~~~~~~~~~~~~~~~~~~~~~~~~~~~~~[m[K
[18.990s] [01m[K/home/mowmow/workspace/CatchRobo-r08/src/motor_control/src/control_node.cpp:35:59:[m[K [01;31m[Kerror: [m[Kno matching function for call to ‘[01m[KControlNode::create_publisher<<expression error> >(const char [9], int)[m[K’
[18.996s]    35 |     pub_gpio = [01;31m[Kthis->create_publisher<std_msgs::msg::bool>("gpio_cmd", 10)[m[K;
[19.004s]       |                [01;31m[K~~~~~~~~~~~~~~~~~~~~~~~~~~~~~~~~~~~~~~~~~~~^~~~~~~~~~~~~~~~[m[K
[19.012s] In file included from [01m[K/opt/ros/humble/include/rclcpp/rclcpp/node.hpp:1321[m[K,
[19.017s]                  from [01m[K/opt/ros/humble/include/rclcpp/rclcpp/executors/single_threaded_executor.hpp:28[m[K,
[19.022s]                  from [01m[K/opt/ros/humble/include/rclcpp/rclcpp/executors.hpp:22[m[K,
[19.026s]                  from [01m[K/opt/ros/humble/include/rclcpp/rclcpp/rclcpp.hpp:155[m[K,
[19.031s]                  from [01m[K/home/mowmow/workspace/CatchRobo-r08/src/motor_control/src/control_node.cpp:1[m[K:
[19.036s] [01m[K/opt/ros/humble/include/rclcpp/rclcpp/node_impl.hpp:73:1:[m[K [01;36m[Knote: [m[Kcandidate: ‘[01m[Ktemplate<class MessageT, class AllocatorT, class PublisherT> std::shared_ptr<PublisherT> rclcpp::Node::create_publisher(const string&, const rclcpp::QoS&, const rclcpp::PublisherOptionsWithAllocator<AllocatorT>&)[m[K’
[19.041s]    73 | [01;36m[KNode[m[K::create_publisher(
[19.045s]       | [01;36m[K^~~~[m[K
[19.050s] [01m[K/opt/ros/humble/include/rclcpp/rclcpp/node_impl.hpp:73:1:[m[K [01;36m[Knote: [m[K  template argument deduction/substitution failed:
[19.054s] [01m[K/home/mowmow/workspace/CatchRobo-r08/src/motor_control/src/control_node.cpp:35:59:[m[K [01;31m[Kerror: [m[Ktemplate argument 1 is invalid
[19.059s]    35 |     pub_gpio = [01;31m[Kthis->create_publisher<std_msgs::msg::bool>("gpio_cmd", 10)[m[K;
[19.063s]       |                [01;31m[K~~~~~~~~~~~~~~~~~~~~~~~~~~~~~~~~~~~~~~~~~~~^~~~~~~~~~~~~~~~[m[K
[19.068s] [01m[K/home/mowmow/workspace/CatchRobo-r08/src/motor_control/src/control_node.cpp:[m[K In member function ‘[01m[Kbool ControlNode::make_batch(motor_control::msg::SendArray&)[m[K’:
[19.072s] [01m[K/home/mowmow/workspace/CatchRobo-r08/src/motor_control/src/control_node.cpp:70:28:[m[K [01;31m[Kerror: [m[Kcannot convert ‘[01m[Kstd::basic_istream<char>[m[K’ to ‘[01m[Kint[m[K’ in initialization
[19.079s]    70 |     int pomp = [01;31m[Kstd::getline(ss, cell, ',')[m[K; // 例: フラグを読み捨て
[19.084s]       |                [01;31m[K~~~~~~~~~~~~^~~~~~~~~~~~~~~[m[K
[19.088s]       |                            [01;31m[K|[m[K
[19.093s]       |                            [01;31m[Kstd::basic_istream<char>[m[K
[19.097s] [01m[K/home/mowmow/workspace/CatchRobo-r08/src/motor_control/src/control_node.cpp:71:5:[m[K [01;31m[Kerror: [m[K‘[01m[Kpub_gpio[m[K’ was not declared in this scope
[19.104s]    71 |     [01;31m[Kpub_gpio[m[K->publish(pomp);
[19.112s]       |     [01;31m[K^~~~~~~~[m[K
[20.759s] gmake[2]: *** [CMakeFiles/gpio_node.dir/build.make:76: CMakeFiles/gpio_node.dir/src/gpio_node.cpp.o] Error 1
[20.761s] gmake[1]: *** [CMakeFiles/Makefile2:680: CMakeFiles/gpio_node.dir/all] Error 2
[20.762s] gmake[1]: *** Waiting for unfinished jobs....
[29.447s] gmake[2]: *** [CMakeFiles/control_node.dir/build.make:76: CMakeFiles/control_node.dir/src/control_node.cpp.o] Error 1
[29.448s] gmake[1]: *** [CMakeFiles/Makefile2:626: CMakeFiles/control_node.dir/all] Error 2
[56.556s] [ 96%] [32m[1mLinking CXX executable observe_node[0m
[59.175s] [ 96%] Built target observe_node
[59.179s] gmake: *** [Makefile:146: all] Error 2
[59.185s] Invoked command in '/home/mowmow/workspace/CatchRobo-r08/build/motor_control' returned '2': CMAKE_PREFIX_PATH=${CMAKE_PREFIX_PATH}:/opt/ros/humble /usr/bin/cmake --build /home/mowmow/workspace/CatchRobo-r08/build/motor_control -- -j4 -l4
