[0.045s] Invoking command in '/home/mowmow/workspace/CatchRobo-r08/build/motor_control': CMAKE_PREFIX_PATH=${CMAKE_PREFIX_PATH}:/opt/ros/humble /usr/bin/cmake --build /home/mowmow/workspace/CatchRobo-r08/build/motor_control -- -j4 -l4
[0.278s] [  1%] Built target motor_control__cpp
[0.292s] [ 11%] Built target motor_control__rosidl_generator_c
[0.355s] [ 11%] Built target ament_cmake_python_copy_motor_control
[0.443s] [ 22%] Built target motor_control__rosidl_typesupport_fastrtps_cpp
[0.448s] [ 30%] Built target motor_control__rosidl_typesupport_cpp
[0.487s] [ 47%] Built target motor_control__rosidl_typesupport_introspection_cpp
[0.491s] [ 49%] Built target motor_control__rosidl_typesupport_fastrtps_c
[0.563s] [ 58%] Built target motor_control__rosidl_typesupport_c
[0.584s] [ 68%] Built target motor_control__rosidl_typesupport_introspection_c
[0.739s] [ 71%] Built target communication_node
[0.806s] [ 74%] Built target control_node
[0.845s] [ 77%] Built target observe_node
[0.927s] [ 80%] Built target gpio_node
[0.936s] [ 80%] Built target motor_control
[1.035s] [ 82%] Built target motor_control__py
[1.154s] [ 90%] Built target motor_control__rosidl_generator_py
[1.275s] [ 93%] Built target motor_control__rosidl_typesupport_introspection_c__pyext
[1.317s] [ 96%] Built target motor_control__rosidl_typesupport_fastrtps_c__pyext
[1.336s] [100%] Built target motor_control__rosidl_typesupport_c__pyext
[1.985s] running egg_info
[1.993s] writing motor_control.egg-info/PKG-INFO
[1.993s] writing dependency_links to motor_control.egg-info/dependency_links.txt
[1.994s] writing top-level names to motor_control.egg-info/top_level.txt
[2.006s] reading manifest file 'motor_control.egg-info/SOURCES.txt'
[2.010s] writing manifest file 'motor_control.egg-info/SOURCES.txt'
[2.168s] [100%] Built target ament_cmake_python_build_motor_control_egg
[2.216s] Invoked command in '/home/mowmow/workspace/CatchRobo-r08/build/motor_control' returned '0': CMAKE_PREFIX_PATH=${CMAKE_PREFIX_PATH}:/opt/ros/humble /usr/bin/cmake --build /home/mowmow/workspace/CatchRobo-r08/build/motor_control -- -j4 -l4
[2.258s] Invoking command in '/home/mowmow/workspace/CatchRobo-r08/build/motor_control': CMAKE_PREFIX_PATH=${CMAKE_PREFIX_PATH}:/opt/ros/humble /usr/bin/cmake --install /home/mowmow/workspace/CatchRobo-r08/build/motor_control
[2.296s] -- Install configuration: ""
[2.297s] -- Up-to-date: /home/mowmow/workspace/CatchRobo-r08/install/motor_control/share/ament_index/resource_index/rosidl_interfaces/motor_control
[2.298s] -- Up-to-date: /home/mowmow/workspace/CatchRobo-r08/install/motor_control/include/motor_control/motor_control
[2.298s] -- Up-to-date: /home/mowmow/workspace/CatchRobo-r08/install/motor_control/include/motor_control/motor_control/msg
[2.299s] -- Up-to-date: /home/mowmow/workspace/CatchRobo-r08/install/motor_control/include/motor_control/motor_control/msg/gpio_cmd.h
[2.300s] -- Up-to-date: /home/mowmow/workspace/CatchRobo-r08/install/motor_control/include/motor_control/motor_control/msg/return_at.h
[2.300s] -- Up-to-date: /home/mowmow/workspace/CatchRobo-r08/install/motor_control/include/motor_control/motor_control/msg/send_array.h
[2.301s] -- Up-to-date: /home/mowmow/workspace/CatchRobo-r08/install/motor_control/include/motor_control/motor_control/msg/send_at.h
[2.302s] -- Up-to-date: /home/mowmow/workspace/CatchRobo-r08/install/motor_control/include/motor_control/motor_control/msg/rosidl_generator_c__visibility_control.h
[2.310s] -- Up-to-date: /home/mowmow/workspace/CatchRobo-r08/install/motor_control/include/motor_control/motor_control/msg/detail
[2.312s] -- Up-to-date: /home/mowmow/workspace/CatchRobo-r08/install/motor_control/include/motor_control/motor_control/msg/detail/return_at__functions.c
[2.313s] -- Up-to-date: /home/mowmow/workspace/CatchRobo-r08/install/motor_control/include/motor_control/motor_control/msg/detail/gpio_cmd__functions.c
[2.313s] -- Up-to-date: /home/mowmow/workspace/CatchRobo-r08/install/motor_control/include/motor_control/motor_control/msg/detail/return_at__struct.h
[2.314s] -- Up-to-date: /home/mowmow/workspace/CatchRobo-r08/install/motor_control/include/motor_control/motor_control/msg/detail/send_at__type_support.h
[2.315s] -- Up-to-date: /home/mowmow/workspace/CatchRobo-r08/install/motor_control/include/motor_control/motor_control/msg/detail/send_at__functions.c
[2.316s] -- Up-to-date: /home/mowmow/workspace/CatchRobo-r08/install/motor_control/include/motor_control/motor_control/msg/detail/send_array__functions.h
[2.317s] -- Up-to-date: /home/mowmow/workspace/CatchRobo-r08/install/motor_control/include/motor_control/motor_control/msg/detail/gpio_cmd__struct.h
[2.318s] -- Up-to-date: /home/mowmow/workspace/CatchRobo-r08/install/motor_control/include/motor_control/motor_control/msg/detail/gpio_cmd__functions.h
[2.318s] -- Up-to-date: /home/mowmow/workspace/CatchRobo-r08/install/motor_control/include/motor_control/motor_control/msg/detail/send_array__type_support.h
[2.319s] -- Up-to-date: /home/mowmow/workspace/CatchRobo-r08/install/motor_control/include/motor_control/motor_control/msg/detail/send_array__functions.c
[2.319s] -- Up-to-date: /home/mowmow/workspace/CatchRobo-r08/install/motor_control/include/motor_control/motor_control/msg/detail/send_at__struct.h
[2.320s] -- Up-to-date: /home/mowmow/workspace/CatchRobo-r08/install/motor_control/include/motor_control/motor_control/msg/detail/send_array__struct.h
[2.325s] -- Up-to-date: /home/mowmow/workspace/CatchRobo-r08/install/motor_control/include/motor_control/motor_control/msg/detail/gpio_cmd__type_support.h
[2.331s] -- Up-to-date: /home/mowmow/workspace/CatchRobo-r08/install/motor_control/include/motor_control/motor_control/msg/detail/return_at__type_support.h
[2.332s] -- Up-to-date: /home/mowmow/workspace/CatchRobo-r08/install/motor_control/include/motor_control/motor_control/msg/detail/return_at__functions.h
[2.333s] -- Up-to-date: /home/mowmow/workspace/CatchRobo-r08/install/motor_control/include/motor_control/motor_control/msg/detail/send_at__functions.h
[2.333s] -- Up-to-date: /home/mowmow/workspace/CatchRobo-r08/install/motor_control/share/motor_control/environment/library_path.sh
[2.334s] -- Up-to-date: /home/mowmow/workspace/CatchRobo-r08/install/motor_control/share/motor_control/environment/library_path.dsv
[2.335s] -- Up-to-date: /home/mowmow/workspace/CatchRobo-r08/install/motor_control/lib/libmotor_control__rosidl_generator_c.so
[2.335s] -- Up-to-date: /home/mowmow/workspace/CatchRobo-r08/install/motor_control/include/motor_control/motor_control
[2.336s] -- Up-to-date: /home/mowmow/workspace/CatchRobo-r08/install/motor_control/include/motor_control/motor_control/msg
[2.336s] -- Up-to-date: /home/mowmow/workspace/CatchRobo-r08/install/motor_control/include/motor_control/motor_control/msg/rosidl_typesupport_fastrtps_c__visibility_control.h
[2.337s] -- Up-to-date: /home/mowmow/workspace/CatchRobo-r08/install/motor_control/include/motor_control/motor_control/msg/detail
[2.348s] -- Up-to-date: /home/mowmow/workspace/CatchRobo-r08/install/motor_control/include/motor_control/motor_control/msg/detail/send_array__rosidl_typesupport_fastrtps_c.h
[2.349s] -- Up-to-date: /home/mowmow/workspace/CatchRobo-r08/install/motor_control/include/motor_control/motor_control/msg/detail/gpio_cmd__rosidl_typesupport_fastrtps_c.h
[2.350s] -- Up-to-date: /home/mowmow/workspace/CatchRobo-r08/install/motor_control/include/motor_control/motor_control/msg/detail/send_at__rosidl_typesupport_fastrtps_c.h
[2.351s] -- Up-to-date: /home/mowmow/workspace/CatchRobo-r08/install/motor_control/include/motor_control/motor_control/msg/detail/return_at__rosidl_typesupport_fastrtps_c.h
[2.353s] -- Up-to-date: /home/mowmow/workspace/CatchRobo-r08/install/motor_control/lib/libmotor_control__rosidl_typesupport_fastrtps_c.so
[2.354s] -- Up-to-date: /home/mowmow/workspace/CatchRobo-r08/install/motor_control/include/motor_control/motor_control
[2.354s] -- Up-to-date: /home/mowmow/workspace/CatchRobo-r08/install/motor_control/include/motor_control/motor_control/msg
[2.355s] -- Up-to-date: /home/mowmow/workspace/CatchRobo-r08/install/motor_control/include/motor_control/motor_control/msg/detail
[2.355s] -- Up-to-date: /home/mowmow/workspace/CatchRobo-r08/install/motor_control/include/motor_control/motor_control/msg/detail/gpio_cmd__type_support.c
[2.356s] -- Up-to-date: /home/mowmow/workspace/CatchRobo-r08/install/motor_control/include/motor_control/motor_control/msg/detail/send_at__type_support.c
[2.357s] -- Up-to-date: /home/mowmow/workspace/CatchRobo-r08/install/motor_control/include/motor_control/motor_control/msg/detail/send_at__rosidl_typesupport_introspection_c.h
[2.357s] -- Up-to-date: /home/mowmow/workspace/CatchRobo-r08/install/motor_control/include/motor_control/motor_control/msg/detail/send_array__type_support.c
[2.358s] -- Up-to-date: /home/mowmow/workspace/CatchRobo-r08/install/motor_control/include/motor_control/motor_control/msg/detail/return_at__rosidl_typesupport_introspection_c.h
[2.358s] -- Up-to-date: /home/mowmow/workspace/CatchRobo-r08/install/motor_control/include/motor_control/motor_control/msg/detail/gpio_cmd__rosidl_typesupport_introspection_c.h
[2.359s] -- Up-to-date: /home/mowmow/workspace/CatchRobo-r08/install/motor_control/include/motor_control/motor_control/msg/detail/return_at__type_support.c
[2.359s] -- Up-to-date: /home/mowmow/workspace/CatchRobo-r08/install/motor_control/include/motor_control/motor_control/msg/detail/send_array__rosidl_typesupport_introspection_c.h
[2.360s] -- Up-to-date: /home/mowmow/workspace/CatchRobo-r08/install/motor_control/include/motor_control/motor_control/msg/rosidl_typesupport_introspection_c__visibility_control.h
[2.360s] -- Up-to-date: /home/mowmow/workspace/CatchRobo-r08/install/motor_control/lib/libmotor_control__rosidl_typesupport_introspection_c.so
[2.361s] -- Up-to-date: /home/mowmow/workspace/CatchRobo-r08/install/motor_control/lib/libmotor_control__rosidl_typesupport_c.so
[2.368s] -- Up-to-date: /home/mowmow/workspace/CatchRobo-r08/install/motor_control/include/motor_control/motor_control
[2.377s] -- Up-to-date: /home/mowmow/workspace/CatchRobo-r08/install/motor_control/include/motor_control/motor_control/msg
[2.378s] -- Up-to-date: /home/mowmow/workspace/CatchRobo-r08/install/motor_control/include/motor_control/motor_control/msg/return_at.hpp
[2.378s] -- Up-to-date: /home/mowmow/workspace/CatchRobo-r08/install/motor_control/include/motor_control/motor_control/msg/send_at.hpp
[2.379s] -- Up-to-date: /home/mowmow/workspace/CatchRobo-r08/install/motor_control/include/motor_control/motor_control/msg/send_array.hpp
[2.380s] -- Up-to-date: /home/mowmow/workspace/CatchRobo-r08/install/motor_control/include/motor_control/motor_control/msg/detail
[2.380s] -- Up-to-date: /home/mowmow/workspace/CatchRobo-r08/install/motor_control/include/motor_control/motor_control/msg/detail/gpio_cmd__builder.hpp
[2.381s] -- Up-to-date: /home/mowmow/workspace/CatchRobo-r08/install/motor_control/include/motor_control/motor_control/msg/detail/gpio_cmd__traits.hpp
[2.382s] -- Up-to-date: /home/mowmow/workspace/CatchRobo-r08/install/motor_control/include/motor_control/motor_control/msg/detail/return_at__type_support.hpp
[2.383s] -- Up-to-date: /home/mowmow/workspace/CatchRobo-r08/install/motor_control/include/motor_control/motor_control/msg/detail/send_array__type_support.hpp
[2.384s] -- Up-to-date: /home/mowmow/workspace/CatchRobo-r08/install/motor_control/include/motor_control/motor_control/msg/detail/return_at__struct.hpp
[2.384s] -- Up-to-date: /home/mowmow/workspace/CatchRobo-r08/install/motor_control/include/motor_control/motor_control/msg/detail/send_at__traits.hpp
[2.386s] -- Up-to-date: /home/mowmow/workspace/CatchRobo-r08/install/motor_control/include/motor_control/motor_control/msg/detail/return_at__builder.hpp
[2.387s] -- Up-to-date: /home/mowmow/workspace/CatchRobo-r08/install/motor_control/include/motor_control/motor_control/msg/detail/send_array__traits.hpp
[2.388s] -- Up-to-date: /home/mowmow/workspace/CatchRobo-r08/install/motor_control/include/motor_control/motor_control/msg/detail/send_at__builder.hpp
[2.388s] -- Up-to-date: /home/mowmow/workspace/CatchRobo-r08/install/motor_control/include/motor_control/motor_control/msg/detail/return_at__traits.hpp
[2.389s] -- Up-to-date: /home/mowmow/workspace/CatchRobo-r08/install/motor_control/include/motor_control/motor_control/msg/detail/send_at__struct.hpp
[2.389s] -- Up-to-date: /home/mowmow/workspace/CatchRobo-r08/install/motor_control/include/motor_control/motor_control/msg/detail/send_at__type_support.hpp
[2.390s] -- Up-to-date: /home/mowmow/workspace/CatchRobo-r08/install/motor_control/include/motor_control/motor_control/msg/detail/send_array__builder.hpp
[2.390s] -- Up-to-date: /home/mowmow/workspace/CatchRobo-r08/install/motor_control/include/motor_control/motor_control/msg/detail/gpio_cmd__struct.hpp
[2.391s] -- Up-to-date: /home/mowmow/workspace/CatchRobo-r08/install/motor_control/include/motor_control/motor_control/msg/detail/send_array__struct.hpp
[2.398s] -- Up-to-date: /home/mowmow/workspace/CatchRobo-r08/install/motor_control/include/motor_control/motor_control/msg/detail/gpio_cmd__type_support.hpp
[2.399s] -- Up-to-date: /home/mowmow/workspace/CatchRobo-r08/install/motor_control/include/motor_control/motor_control/msg/rosidl_generator_cpp__visibility_control.hpp
[2.400s] -- Up-to-date: /home/mowmow/workspace/CatchRobo-r08/install/motor_control/include/motor_control/motor_control/msg/gpio_cmd.hpp
[2.401s] -- Up-to-date: /home/mowmow/workspace/CatchRobo-r08/install/motor_control/include/motor_control/motor_control
[2.414s] -- Up-to-date: /home/mowmow/workspace/CatchRobo-r08/install/motor_control/include/motor_control/motor_control/msg
[2.416s] -- Up-to-date: /home/mowmow/workspace/CatchRobo-r08/install/motor_control/include/motor_control/motor_control/msg/rosidl_typesupport_fastrtps_cpp__visibility_control.h
[2.417s] -- Up-to-date: /home/mowmow/workspace/CatchRobo-r08/install/motor_control/include/motor_control/motor_control/msg/detail
[2.417s] -- Up-to-date: /home/mowmow/workspace/CatchRobo-r08/install/motor_control/include/motor_control/motor_control/msg/detail/gpio_cmd__rosidl_typesupport_fastrtps_cpp.hpp
[2.418s] -- Up-to-date: /home/mowmow/workspace/CatchRobo-r08/install/motor_control/include/motor_control/motor_control/msg/detail/dds_fastrtps
[2.419s] -- Up-to-date: /home/mowmow/workspace/CatchRobo-r08/install/motor_control/include/motor_control/motor_control/msg/detail/return_at__rosidl_typesupport_fastrtps_cpp.hpp
[2.419s] -- Up-to-date: /home/mowmow/workspace/CatchRobo-r08/install/motor_control/include/motor_control/motor_control/msg/detail/send_array__rosidl_typesupport_fastrtps_cpp.hpp
[2.420s] -- Up-to-date: /home/mowmow/workspace/CatchRobo-r08/install/motor_control/include/motor_control/motor_control/msg/detail/send_at__rosidl_typesupport_fastrtps_cpp.hpp
[2.422s] -- Up-to-date: /home/mowmow/workspace/CatchRobo-r08/install/motor_control/lib/libmotor_control__rosidl_typesupport_fastrtps_cpp.so
[2.425s] -- Up-to-date: /home/mowmow/workspace/CatchRobo-r08/install/motor_control/include/motor_control/motor_control
[2.425s] -- Up-to-date: /home/mowmow/workspace/CatchRobo-r08/install/motor_control/include/motor_control/motor_control/msg
[2.426s] -- Up-to-date: /home/mowmow/workspace/CatchRobo-r08/install/motor_control/include/motor_control/motor_control/msg/detail
[2.437s] -- Up-to-date: /home/mowmow/workspace/CatchRobo-r08/install/motor_control/include/motor_control/motor_control/msg/detail/gpio_cmd__type_support.cpp
[2.437s] -- Up-to-date: /home/mowmow/workspace/CatchRobo-r08/install/motor_control/include/motor_control/motor_control/msg/detail/return_at__rosidl_typesupport_introspection_cpp.hpp
[2.438s] -- Up-to-date: /home/mowmow/workspace/CatchRobo-r08/install/motor_control/include/motor_control/motor_control/msg/detail/send_at__rosidl_typesupport_introspection_cpp.hpp
[2.438s] -- Up-to-date: /home/mowmow/workspace/CatchRobo-r08/install/motor_control/include/motor_control/motor_control/msg/detail/send_array__rosidl_typesupport_introspection_cpp.hpp
[2.439s] -- Up-to-date: /home/mowmow/workspace/CatchRobo-r08/install/motor_control/include/motor_control/motor_control/msg/detail/return_at__type_support.cpp
[2.439s] -- Up-to-date: /home/mowmow/workspace/CatchRobo-r08/install/motor_control/include/motor_control/motor_control/msg/detail/send_at__type_support.cpp
[2.440s] -- Up-to-date: /home/mowmow/workspace/CatchRobo-r08/install/motor_control/include/motor_control/motor_control/msg/detail/gpio_cmd__rosidl_typesupport_introspection_cpp.hpp
[2.440s] -- Up-to-date: /home/mowmow/workspace/CatchRobo-r08/install/motor_control/include/motor_control/motor_control/msg/detail/send_array__type_support.cpp
[2.441s] -- Up-to-date: /home/mowmow/workspace/CatchRobo-r08/install/motor_control/lib/libmotor_control__rosidl_typesupport_introspection_cpp.so
[2.442s] -- Up-to-date: /home/mowmow/workspace/CatchRobo-r08/install/motor_control/lib/libmotor_control__rosidl_typesupport_cpp.so
[2.443s] -- Up-to-date: /home/mowmow/workspace/CatchRobo-r08/install/motor_control/share/motor_control/environment/pythonpath.sh
[2.444s] -- Up-to-date: /home/mowmow/workspace/CatchRobo-r08/install/motor_control/share/motor_control/environment/pythonpath.dsv
[2.445s] -- Up-to-date: /home/mowmow/workspace/CatchRobo-r08/install/motor_control/local/lib/python3.10/dist-packages/motor_control-0.0.1-py3.10.egg-info
[2.446s] -- Installing: /home/mowmow/workspace/CatchRobo-r08/install/motor_control/local/lib/python3.10/dist-packages/motor_control-0.0.1-py3.10.egg-info/PKG-INFO
[2.447s] -- Installing: /home/mowmow/workspace/CatchRobo-r08/install/motor_control/local/lib/python3.10/dist-packages/motor_control-0.0.1-py3.10.egg-info/top_level.txt
[2.448s] -- Installing: /home/mowmow/workspace/CatchRobo-r08/install/motor_control/local/lib/python3.10/dist-packages/motor_control-0.0.1-py3.10.egg-info/SOURCES.txt
[2.449s] -- Installing: /home/mowmow/workspace/CatchRobo-r08/install/motor_control/local/lib/python3.10/dist-packages/motor_control-0.0.1-py3.10.egg-info/dependency_links.txt
[2.450s] -- Up-to-date: /home/mowmow/workspace/CatchRobo-r08/install/motor_control/local/lib/python3.10/dist-packages/motor_control
[2.450s] -- Up-to-date: /home/mowmow/workspace/CatchRobo-r08/install/motor_control/local/lib/python3.10/dist-packages/motor_control/_motor_control_s.ep.rosidl_typesupport_c.c
[2.451s] -- Up-to-date: /home/mowmow/workspace/CatchRobo-r08/install/motor_control/local/lib/python3.10/dist-packages/motor_control/_motor_control_s.ep.rosidl_typesupport_introspection_c.c
[2.452s] -- Up-to-date: /home/mowmow/workspace/CatchRobo-r08/install/motor_control/local/lib/python3.10/dist-packages/motor_control/libmotor_control__rosidl_generator_py.so
[2.452s] -- Up-to-date: /home/mowmow/workspace/CatchRobo-r08/install/motor_control/local/lib/python3.10/dist-packages/motor_control/__init__.py
[2.453s] -- Up-to-date: /home/mowmow/workspace/CatchRobo-r08/install/motor_control/local/lib/python3.10/dist-packages/motor_control/motor_control_s__rosidl_typesupport_c.cpython-310-aarch64-linux-gnu.so
[2.453s] -- Up-to-date: /home/mowmow/workspace/CatchRobo-r08/install/motor_control/local/lib/python3.10/dist-packages/motor_control/motor_control_s__rosidl_typesupport_introspection_c.cpython-310-aarch64-linux-gnu.so
[2.454s] -- Up-to-date: /home/mowmow/workspace/CatchRobo-r08/install/motor_control/local/lib/python3.10/dist-packages/motor_control/msg
[2.455s] -- Up-to-date: /home/mowmow/workspace/CatchRobo-r08/install/motor_control/local/lib/python3.10/dist-packages/motor_control/msg/_return_at_s.c
[2.469s] -- Up-to-date: /home/mowmow/workspace/CatchRobo-r08/install/motor_control/local/lib/python3.10/dist-packages/motor_control/msg/_send_array_s.c
[2.470s] -- Up-to-date: /home/mowmow/workspace/CatchRobo-r08/install/motor_control/local/lib/python3.10/dist-packages/motor_control/msg/__init__.py
[2.478s] -- Up-to-date: /home/mowmow/workspace/CatchRobo-r08/install/motor_control/local/lib/python3.10/dist-packages/motor_control/msg/_send_array.py
[2.479s] -- Up-to-date: /home/mowmow/workspace/CatchRobo-r08/install/motor_control/local/lib/python3.10/dist-packages/motor_control/msg/_send_at_s.c
[2.479s] -- Up-to-date: /home/mowmow/workspace/CatchRobo-r08/install/motor_control/local/lib/python3.10/dist-packages/motor_control/msg/_gpio_cmd.py
[2.480s] -- Up-to-date: /home/mowmow/workspace/CatchRobo-r08/install/motor_control/local/lib/python3.10/dist-packages/motor_control/msg/_gpio_cmd_s.c
[2.480s] -- Up-to-date: /home/mowmow/workspace/CatchRobo-r08/install/motor_control/local/lib/python3.10/dist-packages/motor_control/msg/_return_at.py
[2.481s] -- Up-to-date: /home/mowmow/workspace/CatchRobo-r08/install/motor_control/local/lib/python3.10/dist-packages/motor_control/msg/_send_at.py
[2.482s] -- Up-to-date: /home/mowmow/workspace/CatchRobo-r08/install/motor_control/local/lib/python3.10/dist-packages/motor_control/motor_control_s__rosidl_typesupport_fastrtps_c.cpython-310-aarch64-linux-gnu.so
[2.483s] -- Up-to-date: /home/mowmow/workspace/CatchRobo-r08/install/motor_control/local/lib/python3.10/dist-packages/motor_control/_motor_control_s.ep.rosidl_typesupport_fastrtps_c.c
[2.686s] Listing '/home/mowmow/workspace/CatchRobo-r08/install/motor_control/local/lib/python3.10/dist-packages/motor_control'...
[2.688s] Listing '/home/mowmow/workspace/CatchRobo-r08/install/motor_control/local/lib/python3.10/dist-packages/motor_control/msg'...
[2.727s] -- Up-to-date: /home/mowmow/workspace/CatchRobo-r08/install/motor_control/local/lib/python3.10/dist-packages/motor_control/motor_control_s__rosidl_typesupport_fastrtps_c.cpython-310-aarch64-linux-gnu.so
[2.732s] -- Up-to-date: /home/mowmow/workspace/CatchRobo-r08/install/motor_control/local/lib/python3.10/dist-packages/motor_control/motor_control_s__rosidl_typesupport_introspection_c.cpython-310-aarch64-linux-gnu.so
[2.739s] -- Up-to-date: /home/mowmow/workspace/CatchRobo-r08/install/motor_control/local/lib/python3.10/dist-packages/motor_control/motor_control_s__rosidl_typesupport_c.cpython-310-aarch64-linux-gnu.so
[2.744s] -- Up-to-date: /home/mowmow/workspace/CatchRobo-r08/install/motor_control/lib/libmotor_control__rosidl_generator_py.so
[2.748s] -- Up-to-date: /home/mowmow/workspace/CatchRobo-r08/install/motor_control/share/motor_control/msg/ReturnAt.idl
[2.750s] -- Up-to-date: /home/mowmow/workspace/CatchRobo-r08/install/motor_control/share/motor_control/msg/SendAt.idl
[2.753s] -- Up-to-date: /home/mowmow/workspace/CatchRobo-r08/install/motor_control/share/motor_control/msg/SendArray.idl
[2.756s] -- Up-to-date: /home/mowmow/workspace/CatchRobo-r08/install/motor_control/share/motor_control/msg/GpioCmd.idl
[2.758s] -- Up-to-date: /home/mowmow/workspace/CatchRobo-r08/install/motor_control/share/motor_control/msg/ReturnAt.msg
[2.760s] -- Up-to-date: /home/mowmow/workspace/CatchRobo-r08/install/motor_control/share/motor_control/msg/SendAt.msg
[2.762s] -- Up-to-date: /home/mowmow/workspace/CatchRobo-r08/install/motor_control/share/motor_control/msg/SendArray.msg
[2.764s] -- Up-to-date: /home/mowmow/workspace/CatchRobo-r08/install/motor_control/share/motor_control/msg/GpioCmd.msg
[2.767s] -- Up-to-date: /home/mowmow/workspace/CatchRobo-r08/install/motor_control/lib/motor_control/communication_node
[2.772s] -- Up-to-date: /home/mowmow/workspace/CatchRobo-r08/install/motor_control/lib/motor_control/control_node
[2.776s] -- Up-to-date: /home/mowmow/workspace/CatchRobo-r08/install/motor_control/lib/motor_control/observe_node
[2.781s] -- Up-to-date: /home/mowmow/workspace/CatchRobo-r08/install/motor_control/lib/motor_control/gpio_node
[2.785s] -- Up-to-date: /home/mowmow/workspace/CatchRobo-r08/install/motor_control/include
[2.787s] -- Up-to-date: /home/mowmow/workspace/CatchRobo-r08/install/motor_control/include/motor_control
[2.790s] -- Up-to-date: /home/mowmow/workspace/CatchRobo-r08/install/motor_control/include/motor_control/transform.hpp
[2.792s] -- Up-to-date: /home/mowmow/workspace/CatchRobo-r08/install/motor_control/include/motor_control/serial_utils.hpp
[2.793s] -- Up-to-date: /home/mowmow/workspace/CatchRobo-r08/install/motor_control/share/motor_control/launch
[2.796s] -- Up-to-date: /home/mowmow/workspace/CatchRobo-r08/install/motor_control/share/motor_control/launch/bringup.launch.py
[2.797s] -- Up-to-date: /home/mowmow/workspace/CatchRobo-r08/install/motor_control/share/motor_control/config
[2.800s] -- Up-to-date: /home/mowmow/workspace/CatchRobo-r08/install/motor_control/share/motor_control/config/gpio.yaml
[2.801s] -- Installing: /home/mowmow/workspace/CatchRobo-r08/install/motor_control/share/motor_control/config/program.csv
[2.809s] -- Up-to-date: /home/mowmow/workspace/CatchRobo-r08/install/motor_control/share/ament_index/resource_index/package_run_dependencies/motor_control
[2.812s] -- Up-to-date: /home/mowmow/workspace/CatchRobo-r08/install/motor_control/share/ament_index/resource_index/parent_prefix_path/motor_control
[2.814s] -- Up-to-date: /home/mowmow/workspace/CatchRobo-r08/install/motor_control/share/motor_control/environment/ament_prefix_path.sh
[2.817s] -- Up-to-date: /home/mowmow/workspace/CatchRobo-r08/install/motor_control/share/motor_control/environment/ament_prefix_path.dsv
[2.820s] -- Up-to-date: /home/mowmow/workspace/CatchRobo-r08/install/motor_control/share/motor_control/environment/path.sh
[2.822s] -- Up-to-date: /home/mowmow/workspace/CatchRobo-r08/install/motor_control/share/motor_control/environment/path.dsv
[2.825s] -- Up-to-date: /home/mowmow/workspace/CatchRobo-r08/install/motor_control/share/motor_control/local_setup.bash
[2.827s] -- Up-to-date: /home/mowmow/workspace/CatchRobo-r08/install/motor_control/share/motor_control/local_setup.sh
[2.830s] -- Up-to-date: /home/mowmow/workspace/CatchRobo-r08/install/motor_control/share/motor_control/local_setup.zsh
[2.831s] -- Up-to-date: /home/mowmow/workspace/CatchRobo-r08/install/motor_control/share/motor_control/local_setup.dsv
[2.833s] -- Installing: /home/mowmow/workspace/CatchRobo-r08/install/motor_control/share/motor_control/package.dsv
[2.836s] -- Up-to-date: /home/mowmow/workspace/CatchRobo-r08/install/motor_control/share/ament_index/resource_index/packages/motor_control
[2.841s] -- Up-to-date: /home/mowmow/workspace/CatchRobo-r08/install/motor_control/share/motor_control/cmake/export_motor_control__rosidl_generator_cExport.cmake
[2.842s] -- Up-to-date: /home/mowmow/workspace/CatchRobo-r08/install/motor_control/share/motor_control/cmake/export_motor_control__rosidl_generator_cExport-noconfig.cmake
[2.845s] -- Up-to-date: /home/mowmow/workspace/CatchRobo-r08/install/motor_control/share/motor_control/cmake/export_motor_control__rosidl_typesupport_fastrtps_cExport.cmake
[2.848s] -- Up-to-date: /home/mowmow/workspace/CatchRobo-r08/install/motor_control/share/motor_control/cmake/export_motor_control__rosidl_typesupport_fastrtps_cExport-noconfig.cmake
[2.851s] -- Up-to-date: /home/mowmow/workspace/CatchRobo-r08/install/motor_control/share/motor_control/cmake/motor_control__rosidl_typesupport_introspection_cExport.cmake
[2.852s] -- Up-to-date: /home/mowmow/workspace/CatchRobo-r08/install/motor_control/share/motor_control/cmake/motor_control__rosidl_typesupport_introspection_cExport-noconfig.cmake
[2.856s] -- Up-to-date: /home/mowmow/workspace/CatchRobo-r08/install/motor_control/share/motor_control/cmake/motor_control__rosidl_typesupport_cExport.cmake
[2.858s] -- Up-to-date: /home/mowmow/workspace/CatchRobo-r08/install/motor_control/share/motor_control/cmake/motor_control__rosidl_typesupport_cExport-noconfig.cmake
[2.860s] -- Up-to-date: /home/mowmow/workspace/CatchRobo-r08/install/motor_control/share/motor_control/cmake/export_motor_control__rosidl_generator_cppExport.cmake
[2.861s] -- Up-to-date: /home/mowmow/workspace/CatchRobo-r08/install/motor_control/share/motor_control/cmake/export_motor_control__rosidl_typesupport_fastrtps_cppExport.cmake
[2.862s] -- Up-to-date: /home/mowmow/workspace/CatchRobo-r08/install/motor_control/share/motor_control/cmake/export_motor_control__rosidl_typesupport_fastrtps_cppExport-noconfig.cmake
[2.864s] -- Up-to-date: /home/mowmow/workspace/CatchRobo-r08/install/motor_control/share/motor_control/cmake/motor_control__rosidl_typesupport_introspection_cppExport.cmake
[2.865s] -- Up-to-date: /home/mowmow/workspace/CatchRobo-r08/install/motor_control/share/motor_control/cmake/motor_control__rosidl_typesupport_introspection_cppExport-noconfig.cmake
[2.866s] -- Up-to-date: /home/mowmow/workspace/CatchRobo-r08/install/motor_control/share/motor_control/cmake/motor_control__rosidl_typesupport_cppExport.cmake
[2.867s] -- Up-to-date: /home/mowmow/workspace/CatchRobo-r08/install/motor_control/share/motor_control/cmake/motor_control__rosidl_typesupport_cppExport-noconfig.cmake
[2.869s] -- Up-to-date: /home/mowmow/workspace/CatchRobo-r08/install/motor_control/share/motor_control/cmake/export_motor_control__rosidl_generator_pyExport.cmake
[2.873s] -- Up-to-date: /home/mowmow/workspace/CatchRobo-r08/install/motor_control/share/motor_control/cmake/export_motor_control__rosidl_generator_pyExport-noconfig.cmake
[2.881s] -- Up-to-date: /home/mowmow/workspace/CatchRobo-r08/install/motor_control/share/motor_control/cmake/rosidl_cmake-extras.cmake
[2.882s] -- Up-to-date: /home/mowmow/workspace/CatchRobo-r08/install/motor_control/share/motor_control/cmake/ament_cmake_export_dependencies-extras.cmake
[2.883s] -- Up-to-date: /home/mowmow/workspace/CatchRobo-r08/install/motor_control/share/motor_control/cmake/ament_cmake_export_include_directories-extras.cmake
[2.884s] -- Up-to-date: /home/mowmow/workspace/CatchRobo-r08/install/motor_control/share/motor_control/cmake/ament_cmake_export_libraries-extras.cmake
[2.885s] -- Up-to-date: /home/mowmow/workspace/CatchRobo-r08/install/motor_control/share/motor_control/cmake/ament_cmake_export_targets-extras.cmake
[2.886s] -- Up-to-date: /home/mowmow/workspace/CatchRobo-r08/install/motor_control/share/motor_control/cmake/rosidl_cmake_export_typesupport_targets-extras.cmake
[2.887s] -- Up-to-date: /home/mowmow/workspace/CatchRobo-r08/install/motor_control/share/motor_control/cmake/rosidl_cmake_export_typesupport_libraries-extras.cmake
[2.890s] -- Up-to-date: /home/mowmow/workspace/CatchRobo-r08/install/motor_control/share/motor_control/cmake/motor_controlConfig.cmake
[2.893s] -- Up-to-date: /home/mowmow/workspace/CatchRobo-r08/install/motor_control/share/motor_control/cmake/motor_controlConfig-version.cmake
[2.911s] -- Up-to-date: /home/mowmow/workspace/CatchRobo-r08/install/motor_control/share/motor_control/package.xml
[2.912s] Invoked command in '/home/mowmow/workspace/CatchRobo-r08/build/motor_control' returned '0': CMAKE_PREFIX_PATH=${CMAKE_PREFIX_PATH}:/opt/ros/humble /usr/bin/cmake --install /home/mowmow/workspace/CatchRobo-r08/build/motor_control
