[0.489s] DEBUG:colcon:Command line arguments: ['/usr/bin/colcon', 'build', '--packages-select', 'motor_control']
[0.490s] DEBUG:colcon:Parsed command line arguments: Namespace(log_base=None, log_level=None, verb_name='build', build_base='build', install_base='install', merge_install=False, symlink_install=False, test_result_base=None, continue_on_error=False, executor='parallel', parallel_workers=4, event_handlers=None, ignore_user_meta=False, metas=['./colcon.meta'], base_paths=['.'], packages_ignore=None, packages_ignore_regex=None, paths=None, packages_up_to=None, packages_up_to_regex=None, packages_above=None, packages_above_and_dependencies=None, packages_above_depth=None, packages_select_by_dep=None, packages_skip_by_dep=None, packages_skip_up_to=None, packages_select_build_failed=False, packages_skip_build_finished=False, packages_select_test_failures=False, packages_skip_test_passed=False, packages_select=['motor_control'], packages_skip=None, packages_select_regex=None, packages_skip_regex=None, packages_start=None, packages_end=None, allow_overriding=[], cmake_args=None, cmake_target=None, cmake_target_skip_unavailable=False, cmake_clean_cache=False, cmake_clean_first=False, cmake_force_configure=False, ament_cmake_args=None, catkin_cmake_args=None, catkin_skip_building_tests=False, mixin_files=None, mixin=None, verb_parser=<colcon_mixin.mixin.mixin_argument.MixinArgumentDecorator object at 0xfffface3c7c0>, verb_extension=<colcon_core.verb.build.BuildVerb object at 0xffffacf55cc0>, main=<bound method BuildVerb.main of <colcon_core.verb.build.BuildVerb object at 0xffffacf55cc0>>, mixin_verb=('build',))
[1.243s] Level 1:colcon.colcon_core.package_discovery:discover_packages(colcon_meta) check parameters
[1.243s] Level 1:colcon.colcon_core.package_discovery:discover_packages(recursive) check parameters
[1.243s] Level 1:colcon.colcon_core.package_discovery:discover_packages(ignore) check parameters
[1.244s] Level 1:colcon.colcon_core.package_discovery:discover_packages(path) check parameters
[1.244s] Level 1:colcon.colcon_core.package_discovery:discover_packages(colcon_meta) discover
[1.244s] Level 1:colcon.colcon_core.package_discovery:discover_packages(recursive) discover
[1.244s] INFO:colcon.colcon_core.package_discovery:Crawling recursively for packages in '/home/mowmow/workspace/CatchRobo-r08'
[1.245s] Level 1:colcon.colcon_core.package_identification:_identify(.) by extensions ['ignore', 'ignore_ament_install']
[1.246s] Level 1:colcon.colcon_core.package_identification:_identify(.) by extension 'ignore'
[1.246s] Level 1:colcon.colcon_core.package_identification:_identify(.) by extension 'ignore_ament_install'
[1.247s] Level 1:colcon.colcon_core.package_identification:_identify(.) by extensions ['colcon_pkg']
[1.247s] Level 1:colcon.colcon_core.package_identification:_identify(.) by extension 'colcon_pkg'
[1.247s] Level 1:colcon.colcon_core.package_identification:_identify(.) by extensions ['colcon_meta']
[1.248s] Level 1:colcon.colcon_core.package_identification:_identify(.) by extension 'colcon_meta'
[1.248s] Level 1:colcon.colcon_core.package_identification:_identify(.) by extensions ['ros']
[1.248s] Level 1:colcon.colcon_core.package_identification:_identify(.) by extension 'ros'
[1.297s] Level 1:colcon.colcon_core.package_identification:_identify(.) by extensions ['cmake', 'python']
[1.298s] Level 1:colcon.colcon_core.package_identification:_identify(.) by extension 'cmake'
[1.298s] Level 1:colcon.colcon_core.package_identification:_identify(.) by extension 'python'
[1.298s] Level 1:colcon.colcon_core.package_identification:_identify(.) by extensions ['python_setup_py']
[1.299s] Level 1:colcon.colcon_core.package_identification:_identify(.) by extension 'python_setup_py'
[1.299s] Level 1:colcon.colcon_core.package_identification:_identify(build) by extensions ['ignore', 'ignore_ament_install']
[1.300s] Level 1:colcon.colcon_core.package_identification:_identify(build) by extension 'ignore'
[1.300s] Level 1:colcon.colcon_core.package_identification:_identify(build) ignored
[1.300s] Level 1:colcon.colcon_core.package_identification:_identify(install) by extensions ['ignore', 'ignore_ament_install']
[1.301s] Level 1:colcon.colcon_core.package_identification:_identify(install) by extension 'ignore'
[1.301s] Level 1:colcon.colcon_core.package_identification:_identify(install) ignored
[1.302s] Level 1:colcon.colcon_core.package_identification:_identify(log) by extensions ['ignore', 'ignore_ament_install']
[1.302s] Level 1:colcon.colcon_core.package_identification:_identify(log) by extension 'ignore'
[1.303s] Level 1:colcon.colcon_core.package_identification:_identify(log) ignored
[1.303s] Level 1:colcon.colcon_core.package_identification:_identify(src) by extensions ['ignore', 'ignore_ament_install']
[1.304s] Level 1:colcon.colcon_core.package_identification:_identify(src) by extension 'ignore'
[1.304s] Level 1:colcon.colcon_core.package_identification:_identify(src) by extension 'ignore_ament_install'
[1.304s] Level 1:colcon.colcon_core.package_identification:_identify(src) by extensions ['colcon_pkg']
[1.305s] Level 1:colcon.colcon_core.package_identification:_identify(src) by extension 'colcon_pkg'
[1.305s] Level 1:colcon.colcon_core.package_identification:_identify(src) by extensions ['colcon_meta']
[1.305s] Level 1:colcon.colcon_core.package_identification:_identify(src) by extension 'colcon_meta'
[1.305s] Level 1:colcon.colcon_core.package_identification:_identify(src) by extensions ['ros']
[1.305s] Level 1:colcon.colcon_core.package_identification:_identify(src) by extension 'ros'
[1.306s] Level 1:colcon.colcon_core.package_identification:_identify(src) by extensions ['cmake', 'python']
[1.306s] Level 1:colcon.colcon_core.package_identification:_identify(src) by extension 'cmake'
[1.306s] Level 1:colcon.colcon_core.package_identification:_identify(src) by extension 'python'
[1.306s] Level 1:colcon.colcon_core.package_identification:_identify(src) by extensions ['python_setup_py']
[1.306s] Level 1:colcon.colcon_core.package_identification:_identify(src) by extension 'python_setup_py'
[1.307s] Level 1:colcon.colcon_core.package_identification:_identify(src/motor_control) by extensions ['ignore', 'ignore_ament_install']
[1.307s] Level 1:colcon.colcon_core.package_identification:_identify(src/motor_control) by extension 'ignore'
[1.308s] Level 1:colcon.colcon_core.package_identification:_identify(src/motor_control) by extension 'ignore_ament_install'
[1.308s] Level 1:colcon.colcon_core.package_identification:_identify(src/motor_control) by extensions ['colcon_pkg']
[1.308s] Level 1:colcon.colcon_core.package_identification:_identify(src/motor_control) by extension 'colcon_pkg'
[1.308s] Level 1:colcon.colcon_core.package_identification:_identify(src/motor_control) by extensions ['colcon_meta']
[1.309s] Level 1:colcon.colcon_core.package_identification:_identify(src/motor_control) by extension 'colcon_meta'
[1.309s] Level 1:colcon.colcon_core.package_identification:_identify(src/motor_control) by extensions ['ros']
[1.309s] Level 1:colcon.colcon_core.package_identification:_identify(src/motor_control) by extension 'ros'
[1.319s] DEBUG:colcon.colcon_core.package_identification:Package 'src/motor_control' with type 'ros.ament_cmake' and name 'motor_control'
[1.320s] Level 1:colcon.colcon_core.package_identification:_identify(trash) by extensions ['ignore', 'ignore_ament_install']
[1.320s] Level 1:colcon.colcon_core.package_identification:_identify(trash) by extension 'ignore'
[1.321s] Level 1:colcon.colcon_core.package_identification:_identify(trash) by extension 'ignore_ament_install'
[1.321s] Level 1:colcon.colcon_core.package_identification:_identify(trash) by extensions ['colcon_pkg']
[1.321s] Level 1:colcon.colcon_core.package_identification:_identify(trash) by extension 'colcon_pkg'
[1.321s] Level 1:colcon.colcon_core.package_identification:_identify(trash) by extensions ['colcon_meta']
[1.321s] Level 1:colcon.colcon_core.package_identification:_identify(trash) by extension 'colcon_meta'
[1.322s] Level 1:colcon.colcon_core.package_identification:_identify(trash) by extensions ['ros']
[1.322s] Level 1:colcon.colcon_core.package_identification:_identify(trash) by extension 'ros'
[1.325s] DEBUG:colcon.colcon_core.package_identification:Package 'trash' with type 'ros.catkin' and name 'robstride_core'
[1.326s] Level 1:colcon.colcon_core.package_discovery:discover_packages(recursive) using defaults
[1.326s] Level 1:colcon.colcon_core.package_discovery:discover_packages(ignore) discover
[1.326s] Level 1:colcon.colcon_core.package_discovery:discover_packages(ignore) using defaults
[1.326s] Level 1:colcon.colcon_core.package_discovery:discover_packages(path) discover
[1.326s] Level 1:colcon.colcon_core.package_discovery:discover_packages(path) using defaults
[1.402s] INFO:colcon.colcon_core.package_selection:Skipping not selected package 'robstride_core' in 'trash'
[1.404s] Level 1:colcon.colcon_core.package_discovery:discover_packages(prefix_path) check parameters
[1.404s] Level 1:colcon.colcon_core.package_discovery:discover_packages(prefix_path) discover
[1.416s] DEBUG:colcon.colcon_installed_package_information.package_discovery:Found 206 installed packages in /opt/ros/humble
[1.420s] Level 1:colcon.colcon_core.package_discovery:discover_packages(prefix_path) using defaults
[1.586s] Level 5:colcon.colcon_core.verb:set package 'motor_control' build argument 'cmake_args' from command line to 'None'
[1.586s] Level 5:colcon.colcon_core.verb:set package 'motor_control' build argument 'cmake_target' from command line to 'None'
[1.586s] Level 5:colcon.colcon_core.verb:set package 'motor_control' build argument 'cmake_target_skip_unavailable' from command line to 'False'
[1.587s] Level 5:colcon.colcon_core.verb:set package 'motor_control' build argument 'cmake_clean_cache' from command line to 'False'
[1.587s] Level 5:colcon.colcon_core.verb:set package 'motor_control' build argument 'cmake_clean_first' from command line to 'False'
[1.587s] Level 5:colcon.colcon_core.verb:set package 'motor_control' build argument 'cmake_force_configure' from command line to 'False'
[1.587s] Level 5:colcon.colcon_core.verb:set package 'motor_control' build argument 'ament_cmake_args' from command line to 'None'
[1.587s] Level 5:colcon.colcon_core.verb:set package 'motor_control' build argument 'catkin_cmake_args' from command line to 'None'
[1.587s] Level 5:colcon.colcon_core.verb:set package 'motor_control' build argument 'catkin_skip_building_tests' from command line to 'False'
[1.587s] DEBUG:colcon.colcon_core.verb:Building package 'motor_control' with the following arguments: {'ament_cmake_args': None, 'build_base': '/home/mowmow/workspace/CatchRobo-r08/build/motor_control', 'catkin_cmake_args': None, 'catkin_skip_building_tests': False, 'cmake_args': None, 'cmake_clean_cache': False, 'cmake_clean_first': False, 'cmake_force_configure': False, 'cmake_target': None, 'cmake_target_skip_unavailable': False, 'install_base': '/home/mowmow/workspace/CatchRobo-r08/install/motor_control', 'merge_install': False, 'path': '/home/mowmow/workspace/CatchRobo-r08/src/motor_control', 'symlink_install': False, 'test_result_base': None}
[1.588s] INFO:colcon.colcon_core.executor:Executing jobs using 'parallel' executor
[1.591s] DEBUG:colcon.colcon_parallel_executor.executor.parallel:run_until_complete
[1.592s] INFO:colcon.colcon_ros.task.ament_cmake.build:Building ROS package in '/home/mowmow/workspace/CatchRobo-r08/src/motor_control' with build type 'ament_cmake'
[1.593s] INFO:colcon.colcon_cmake.task.cmake.build:Building CMake package in '/home/mowmow/workspace/CatchRobo-r08/src/motor_control'
[1.604s] INFO:colcon.colcon_core.plugin_system:Skipping extension 'colcon_core.shell.bat': Not used on non-Windows systems
[1.605s] INFO:colcon.colcon_core.shell:Skip shell extension 'powershell' for command environment: Not usable outside of PowerShell
[1.605s] DEBUG:colcon.colcon_core.shell:Skip shell extension 'dsv' for command environment
[1.639s] DEBUG:colcon.colcon_core.event_handler.log_command:Invoking command in '/home/mowmow/workspace/CatchRobo-r08/build/motor_control': CMAKE_PREFIX_PATH=/opt/ros/humble /usr/bin/cmake --build /home/mowmow/workspace/CatchRobo-r08/build/motor_control -- -j4 -l4
[40.217s] DEBUG:colcon.colcon_core.event_handler.log_command:Invoked command in '/home/mowmow/workspace/CatchRobo-r08/build/motor_control' returned '0': CMAKE_PREFIX_PATH=/opt/ros/humble /usr/bin/cmake --build /home/mowmow/workspace/CatchRobo-r08/build/motor_control -- -j4 -l4
[40.258s] DEBUG:colcon.colcon_core.event_handler.log_command:Invoking command in '/home/mowmow/workspace/CatchRobo-r08/build/motor_control': CMAKE_PREFIX_PATH=/opt/ros/humble /usr/bin/cmake --install /home/mowmow/workspace/CatchRobo-r08/build/motor_control
[40.661s] Level 1:colcon.colcon_core.environment:create_environment_scripts_only(motor_control)
[40.663s] DEBUG:colcon.colcon_core.event_handler.log_command:Invoked command in '/home/mowmow/workspace/CatchRobo-r08/build/motor_control' returned '0': CMAKE_PREFIX_PATH=/opt/ros/humble /usr/bin/cmake --install /home/mowmow/workspace/CatchRobo-r08/build/motor_control
[40.672s] Level 1:colcon.colcon_core.environment:checking '/home/mowmow/workspace/CatchRobo-r08/install/motor_control' for CMake module files
[40.677s] Level 1:colcon.colcon_core.environment:checking '/home/mowmow/workspace/CatchRobo-r08/install/motor_control' for CMake config files
[40.680s] Level 1:colcon.colcon_core.shell:create_environment_hook('motor_control', 'cmake_prefix_path')
[40.681s] INFO:colcon.colcon_core.shell:Creating environment hook '/home/mowmow/workspace/CatchRobo-r08/install/motor_control/share/motor_control/hook/cmake_prefix_path.ps1'
[40.684s] INFO:colcon.colcon_core.shell:Creating environment descriptor '/home/mowmow/workspace/CatchRobo-r08/install/motor_control/share/motor_control/hook/cmake_prefix_path.dsv'
[40.686s] INFO:colcon.colcon_core.shell:Creating environment hook '/home/mowmow/workspace/CatchRobo-r08/install/motor_control/share/motor_control/hook/cmake_prefix_path.sh'
[40.690s] Level 1:colcon.colcon_core.environment:checking '/home/mowmow/workspace/CatchRobo-r08/install/motor_control/lib'
[40.691s] Level 1:colcon.colcon_core.shell:create_environment_hook('motor_control', 'ld_library_path_lib')
[40.692s] INFO:colcon.colcon_core.shell:Creating environment hook '/home/mowmow/workspace/CatchRobo-r08/install/motor_control/share/motor_control/hook/ld_library_path_lib.ps1'
[40.694s] INFO:colcon.colcon_core.shell:Creating environment descriptor '/home/mowmow/workspace/CatchRobo-r08/install/motor_control/share/motor_control/hook/ld_library_path_lib.dsv'
[40.697s] INFO:colcon.colcon_core.shell:Creating environment hook '/home/mowmow/workspace/CatchRobo-r08/install/motor_control/share/motor_control/hook/ld_library_path_lib.sh'
[40.699s] Level 1:colcon.colcon_core.environment:checking '/home/mowmow/workspace/CatchRobo-r08/install/motor_control/bin'
[40.700s] Level 1:colcon.colcon_core.environment:checking '/home/mowmow/workspace/CatchRobo-r08/install/motor_control/lib/pkgconfig/motor_control.pc'
[40.701s] Level 1:colcon.colcon_core.environment:checking '/home/mowmow/workspace/CatchRobo-r08/install/motor_control/lib/python3.10/site-packages'
[40.701s] Level 1:colcon.colcon_core.environment:checking '/home/mowmow/workspace/CatchRobo-r08/install/motor_control/bin'
[40.703s] INFO:colcon.colcon_core.shell:Creating package script '/home/mowmow/workspace/CatchRobo-r08/install/motor_control/share/motor_control/package.ps1'
[40.707s] INFO:colcon.colcon_core.shell:Creating package descriptor '/home/mowmow/workspace/CatchRobo-r08/install/motor_control/share/motor_control/package.dsv'
[40.709s] INFO:colcon.colcon_core.shell:Creating package script '/home/mowmow/workspace/CatchRobo-r08/install/motor_control/share/motor_control/package.sh'
[40.713s] INFO:colcon.colcon_core.shell:Creating package script '/home/mowmow/workspace/CatchRobo-r08/install/motor_control/share/motor_control/package.bash'
[40.716s] INFO:colcon.colcon_core.shell:Creating package script '/home/mowmow/workspace/CatchRobo-r08/install/motor_control/share/motor_control/package.zsh'
[40.720s] Level 1:colcon.colcon_core.environment:create_file_with_runtime_dependencies(/home/mowmow/workspace/CatchRobo-r08/install/motor_control/share/colcon-core/packages/motor_control)
[40.723s] Level 1:colcon.colcon_core.environment:create_environment_scripts_only(motor_control)
[40.724s] Level 1:colcon.colcon_core.environment:checking '/home/mowmow/workspace/CatchRobo-r08/install/motor_control' for CMake module files
[40.728s] Level 1:colcon.colcon_core.environment:checking '/home/mowmow/workspace/CatchRobo-r08/install/motor_control' for CMake config files
[40.732s] Level 1:colcon.colcon_core.shell:create_environment_hook('motor_control', 'cmake_prefix_path')
[40.733s] INFO:colcon.colcon_core.shell:Creating environment hook '/home/mowmow/workspace/CatchRobo-r08/install/motor_control/share/motor_control/hook/cmake_prefix_path.ps1'
[40.735s] INFO:colcon.colcon_core.shell:Creating environment descriptor '/home/mowmow/workspace/CatchRobo-r08/install/motor_control/share/motor_control/hook/cmake_prefix_path.dsv'
[40.736s] INFO:colcon.colcon_core.shell:Creating environment hook '/home/mowmow/workspace/CatchRobo-r08/install/motor_control/share/motor_control/hook/cmake_prefix_path.sh'
[40.739s] Level 1:colcon.colcon_core.environment:checking '/home/mowmow/workspace/CatchRobo-r08/install/motor_control/lib'
[40.740s] Level 1:colcon.colcon_core.shell:create_environment_hook('motor_control', 'ld_library_path_lib')
[40.741s] INFO:colcon.colcon_core.shell:Creating environment hook '/home/mowmow/workspace/CatchRobo-r08/install/motor_control/share/motor_control/hook/ld_library_path_lib.ps1'
[40.743s] INFO:colcon.colcon_core.shell:Creating environment descriptor '/home/mowmow/workspace/CatchRobo-r08/install/motor_control/share/motor_control/hook/ld_library_path_lib.dsv'
[40.745s] INFO:colcon.colcon_core.shell:Creating environment hook '/home/mowmow/workspace/CatchRobo-r08/install/motor_control/share/motor_control/hook/ld_library_path_lib.sh'
[40.747s] Level 1:colcon.colcon_core.environment:checking '/home/mowmow/workspace/CatchRobo-r08/install/motor_control/bin'
[40.748s] Level 1:colcon.colcon_core.environment:checking '/home/mowmow/workspace/CatchRobo-r08/install/motor_control/lib/pkgconfig/motor_control.pc'
[40.749s] Level 1:colcon.colcon_core.environment:checking '/home/mowmow/workspace/CatchRobo-r08/install/motor_control/lib/python3.10/site-packages'
[40.750s] Level 1:colcon.colcon_core.environment:checking '/home/mowmow/workspace/CatchRobo-r08/install/motor_control/bin'
[40.751s] INFO:colcon.colcon_core.shell:Creating package script '/home/mowmow/workspace/CatchRobo-r08/install/motor_control/share/motor_control/package.ps1'
[40.754s] INFO:colcon.colcon_core.shell:Creating package descriptor '/home/mowmow/workspace/CatchRobo-r08/install/motor_control/share/motor_control/package.dsv'
[40.757s] INFO:colcon.colcon_core.shell:Creating package script '/home/mowmow/workspace/CatchRobo-r08/install/motor_control/share/motor_control/package.sh'
[40.760s] INFO:colcon.colcon_core.shell:Creating package script '/home/mowmow/workspace/CatchRobo-r08/install/motor_control/share/motor_control/package.bash'
[40.762s] INFO:colcon.colcon_core.shell:Creating package script '/home/mowmow/workspace/CatchRobo-r08/install/motor_control/share/motor_control/package.zsh'
[40.764s] Level 1:colcon.colcon_core.environment:create_file_with_runtime_dependencies(/home/mowmow/workspace/CatchRobo-r08/install/motor_control/share/colcon-core/packages/motor_control)
[40.765s] DEBUG:colcon.colcon_parallel_executor.executor.parallel:closing loop
[40.766s] DEBUG:colcon.colcon_parallel_executor.executor.parallel:loop closed
[40.767s] DEBUG:colcon.colcon_parallel_executor.executor.parallel:run_until_complete finished with '0'
[40.768s] DEBUG:colcon.colcon_core.event_reactor:joining thread
[40.791s] INFO:colcon.colcon_core.plugin_system:Skipping extension 'colcon_notification.desktop_notification.notify_send': Could not find 'notify-send'
[40.792s] INFO:colcon.colcon_core.plugin_system:Skipping extension 'colcon_notification.desktop_notification.terminal_notifier': Not used on non-Darwin systems
[40.792s] INFO:colcon.colcon_core.plugin_system:Skipping extension 'colcon_notification.desktop_notification.win32': Not used on non-Windows systems
[40.792s] INFO:colcon.colcon_notification.desktop_notification:Sending desktop notification using 'notify2'
[40.796s] DEBUG:colcon.colcon_notification.desktop_notification.notify2:Failed to initialize notify2: org.freedesktop.DBus.Error.ServiceUnknown: The name org.freedesktop.Notifications was not provided by any .service files
[40.797s] DEBUG:colcon.colcon_core.event_reactor:joined thread
[40.798s] INFO:colcon.colcon_core.shell:Creating prefix script '/home/mowmow/workspace/CatchRobo-r08/install/local_setup.ps1'
[40.802s] INFO:colcon.colcon_core.shell:Creating prefix util module '/home/mowmow/workspace/CatchRobo-r08/install/_local_setup_util_ps1.py'
[40.810s] INFO:colcon.colcon_core.shell:Creating prefix chain script '/home/mowmow/workspace/CatchRobo-r08/install/setup.ps1'
[40.814s] INFO:colcon.colcon_core.shell:Creating prefix script '/home/mowmow/workspace/CatchRobo-r08/install/local_setup.sh'
[40.817s] INFO:colcon.colcon_core.shell:Creating prefix util module '/home/mowmow/workspace/CatchRobo-r08/install/_local_setup_util_sh.py'
[40.820s] INFO:colcon.colcon_core.shell:Creating prefix chain script '/home/mowmow/workspace/CatchRobo-r08/install/setup.sh'
[40.824s] INFO:colcon.colcon_core.shell:Creating prefix script '/home/mowmow/workspace/CatchRobo-r08/install/local_setup.bash'
[40.826s] INFO:colcon.colcon_core.shell:Creating prefix chain script '/home/mowmow/workspace/CatchRobo-r08/install/setup.bash'
[40.830s] INFO:colcon.colcon_core.shell:Creating prefix script '/home/mowmow/workspace/CatchRobo-r08/install/local_setup.zsh'
[40.833s] INFO:colcon.colcon_core.shell:Creating prefix chain script '/home/mowmow/workspace/CatchRobo-r08/install/setup.zsh'
