[0.440s] DEBUG:colcon:Command line arguments: ['/usr/bin/colcon', 'build', '--packages-select', 'motor_control']
[0.441s] DEBUG:colcon:Parsed command line arguments: Namespace(log_base=None, log_level=None, verb_name='build', build_base='build', install_base='install', merge_install=False, symlink_install=False, test_result_base=None, continue_on_error=False, executor='parallel', parallel_workers=4, event_handlers=None, ignore_user_meta=False, metas=['./colcon.meta'], base_paths=['.'], packages_ignore=None, packages_ignore_regex=None, paths=None, packages_up_to=None, packages_up_to_regex=None, packages_above=None, packages_above_and_dependencies=None, packages_above_depth=None, packages_select_by_dep=None, packages_skip_by_dep=None, packages_skip_up_to=None, packages_select_build_failed=False, packages_skip_build_finished=False, packages_select_test_failures=False, packages_skip_test_passed=False, packages_select=['motor_control'], packages_skip=None, packages_select_regex=None, packages_skip_regex=None, packages_start=None, packages_end=None, allow_overriding=[], cmake_args=None, cmake_target=None, cmake_target_skip_unavailable=False, cmake_clean_cache=False, cmake_clean_first=False, cmake_force_configure=False, ament_cmake_args=None, catkin_cmake_args=None, catkin_skip_building_tests=False, mixin_files=None, mixin=None, verb_parser=<colcon_mixin.mixin.mixin_argument.MixinArgumentDecorator object at 0xffff9723c9d0>, verb_extension=<colcon_core.verb.build.BuildVerb object at 0xffff97351ed0>, main=<bound method BuildVerb.main of <colcon_core.verb.build.BuildVerb object at 0xffff97351ed0>>, mixin_verb=('build',))
[1.184s] Level 1:colcon.colcon_core.package_discovery:discover_packages(colcon_meta) check parameters
[1.184s] Level 1:colcon.colcon_core.package_discovery:discover_packages(recursive) check parameters
[1.184s] Level 1:colcon.colcon_core.package_discovery:discover_packages(ignore) check parameters
[1.185s] Level 1:colcon.colcon_core.package_discovery:discover_packages(path) check parameters
[1.185s] Level 1:colcon.colcon_core.package_discovery:discover_packages(colcon_meta) discover
[1.185s] Level 1:colcon.colcon_core.package_discovery:discover_packages(recursive) discover
[1.185s] INFO:colcon.colcon_core.package_discovery:Crawling recursively for packages in '/home/mowmow/workspace/CatchRobo-r08'
[1.186s] Level 1:colcon.colcon_core.package_identification:_identify(.) by extensions ['ignore', 'ignore_ament_install']
[1.187s] Level 1:colcon.colcon_core.package_identification:_identify(.) by extension 'ignore'
[1.187s] Level 1:colcon.colcon_core.package_identification:_identify(.) by extension 'ignore_ament_install'
[1.187s] Level 1:colcon.colcon_core.package_identification:_identify(.) by extensions ['colcon_pkg']
[1.187s] Level 1:colcon.colcon_core.package_identification:_identify(.) by extension 'colcon_pkg'
[1.188s] Level 1:colcon.colcon_core.package_identification:_identify(.) by extensions ['colcon_meta']
[1.188s] Level 1:colcon.colcon_core.package_identification:_identify(.) by extension 'colcon_meta'
[1.188s] Level 1:colcon.colcon_core.package_identification:_identify(.) by extensions ['ros']
[1.188s] Level 1:colcon.colcon_core.package_identification:_identify(.) by extension 'ros'
[1.236s] Level 1:colcon.colcon_core.package_identification:_identify(.) by extensions ['cmake', 'python']
[1.236s] Level 1:colcon.colcon_core.package_identification:_identify(.) by extension 'cmake'
[1.236s] Level 1:colcon.colcon_core.package_identification:_identify(.) by extension 'python'
[1.237s] Level 1:colcon.colcon_core.package_identification:_identify(.) by extensions ['python_setup_py']
[1.237s] Level 1:colcon.colcon_core.package_identification:_identify(.) by extension 'python_setup_py'
[1.237s] Level 1:colcon.colcon_core.package_identification:_identify(build) by extensions ['ignore', 'ignore_ament_install']
[1.238s] Level 1:colcon.colcon_core.package_identification:_identify(build) by extension 'ignore'
[1.238s] Level 1:colcon.colcon_core.package_identification:_identify(build) ignored
[1.239s] Level 1:colcon.colcon_core.package_identification:_identify(install) by extensions ['ignore', 'ignore_ament_install']
[1.239s] Level 1:colcon.colcon_core.package_identification:_identify(install) by extension 'ignore'
[1.239s] Level 1:colcon.colcon_core.package_identification:_identify(install) ignored
[1.240s] Level 1:colcon.colcon_core.package_identification:_identify(log) by extensions ['ignore', 'ignore_ament_install']
[1.240s] Level 1:colcon.colcon_core.package_identification:_identify(log) by extension 'ignore'
[1.240s] Level 1:colcon.colcon_core.package_identification:_identify(log) ignored
[1.241s] Level 1:colcon.colcon_core.package_identification:_identify(src) by extensions ['ignore', 'ignore_ament_install']
[1.241s] Level 1:colcon.colcon_core.package_identification:_identify(src) by extension 'ignore'
[1.242s] Level 1:colcon.colcon_core.package_identification:_identify(src) by extension 'ignore_ament_install'
[1.242s] Level 1:colcon.colcon_core.package_identification:_identify(src) by extensions ['colcon_pkg']
[1.242s] Level 1:colcon.colcon_core.package_identification:_identify(src) by extension 'colcon_pkg'
[1.242s] Level 1:colcon.colcon_core.package_identification:_identify(src) by extensions ['colcon_meta']
[1.242s] Level 1:colcon.colcon_core.package_identification:_identify(src) by extension 'colcon_meta'
[1.243s] Level 1:colcon.colcon_core.package_identification:_identify(src) by extensions ['ros']
[1.243s] Level 1:colcon.colcon_core.package_identification:_identify(src) by extension 'ros'
[1.243s] Level 1:colcon.colcon_core.package_identification:_identify(src) by extensions ['cmake', 'python']
[1.243s] Level 1:colcon.colcon_core.package_identification:_identify(src) by extension 'cmake'
[1.243s] Level 1:colcon.colcon_core.package_identification:_identify(src) by extension 'python'
[1.244s] Level 1:colcon.colcon_core.package_identification:_identify(src) by extensions ['python_setup_py']
[1.244s] Level 1:colcon.colcon_core.package_identification:_identify(src) by extension 'python_setup_py'
[1.244s] Level 1:colcon.colcon_core.package_identification:_identify(src/motor_control) by extensions ['ignore', 'ignore_ament_install']
[1.245s] Level 1:colcon.colcon_core.package_identification:_identify(src/motor_control) by extension 'ignore'
[1.245s] Level 1:colcon.colcon_core.package_identification:_identify(src/motor_control) by extension 'ignore_ament_install'
[1.245s] Level 1:colcon.colcon_core.package_identification:_identify(src/motor_control) by extensions ['colcon_pkg']
[1.245s] Level 1:colcon.colcon_core.package_identification:_identify(src/motor_control) by extension 'colcon_pkg'
[1.246s] Level 1:colcon.colcon_core.package_identification:_identify(src/motor_control) by extensions ['colcon_meta']
[1.246s] Level 1:colcon.colcon_core.package_identification:_identify(src/motor_control) by extension 'colcon_meta'
[1.246s] Level 1:colcon.colcon_core.package_identification:_identify(src/motor_control) by extensions ['ros']
[1.246s] Level 1:colcon.colcon_core.package_identification:_identify(src/motor_control) by extension 'ros'
[1.256s] DEBUG:colcon.colcon_core.package_identification:Package 'src/motor_control' with type 'ros.ament_cmake' and name 'motor_control'
[1.256s] Level 1:colcon.colcon_core.package_identification:_identify(trash) by extensions ['ignore', 'ignore_ament_install']
[1.257s] Level 1:colcon.colcon_core.package_identification:_identify(trash) by extension 'ignore'
[1.257s] Level 1:colcon.colcon_core.package_identification:_identify(trash) by extension 'ignore_ament_install'
[1.257s] Level 1:colcon.colcon_core.package_identification:_identify(trash) by extensions ['colcon_pkg']
[1.258s] Level 1:colcon.colcon_core.package_identification:_identify(trash) by extension 'colcon_pkg'
[1.258s] Level 1:colcon.colcon_core.package_identification:_identify(trash) by extensions ['colcon_meta']
[1.258s] Level 1:colcon.colcon_core.package_identification:_identify(trash) by extension 'colcon_meta'
[1.258s] Level 1:colcon.colcon_core.package_identification:_identify(trash) by extensions ['ros']
[1.258s] Level 1:colcon.colcon_core.package_identification:_identify(trash) by extension 'ros'
[1.262s] DEBUG:colcon.colcon_core.package_identification:Package 'trash' with type 'ros.catkin' and name 'robstride_core'
[1.262s] Level 1:colcon.colcon_core.package_discovery:discover_packages(recursive) using defaults
[1.263s] Level 1:colcon.colcon_core.package_discovery:discover_packages(ignore) discover
[1.263s] Level 1:colcon.colcon_core.package_discovery:discover_packages(ignore) using defaults
[1.263s] Level 1:colcon.colcon_core.package_discovery:discover_packages(path) discover
[1.263s] Level 1:colcon.colcon_core.package_discovery:discover_packages(path) using defaults
[1.336s] INFO:colcon.colcon_core.package_selection:Skipping not selected package 'robstride_core' in 'trash'
[1.338s] Level 1:colcon.colcon_core.package_discovery:discover_packages(prefix_path) check parameters
[1.338s] Level 1:colcon.colcon_core.package_discovery:discover_packages(prefix_path) discover
[1.346s] DEBUG:colcon.colcon_installed_package_information.package_discovery:Found 1 installed packages in /home/mowmow/workspace/CatchRobo-r08/install
[1.353s] DEBUG:colcon.colcon_installed_package_information.package_discovery:Found 206 installed packages in /opt/ros/humble
[1.357s] Level 1:colcon.colcon_core.package_discovery:discover_packages(prefix_path) using defaults
[1.514s] Level 5:colcon.colcon_core.verb:set package 'motor_control' build argument 'cmake_args' from command line to 'None'
[1.518s] Level 5:colcon.colcon_core.verb:set package 'motor_control' build argument 'cmake_target' from command line to 'None'
[1.518s] Level 5:colcon.colcon_core.verb:set package 'motor_control' build argument 'cmake_target_skip_unavailable' from command line to 'False'
[1.518s] Level 5:colcon.colcon_core.verb:set package 'motor_control' build argument 'cmake_clean_cache' from command line to 'False'
[1.519s] Level 5:colcon.colcon_core.verb:set package 'motor_control' build argument 'cmake_clean_first' from command line to 'False'
[1.519s] Level 5:colcon.colcon_core.verb:set package 'motor_control' build argument 'cmake_force_configure' from command line to 'False'
[1.519s] Level 5:colcon.colcon_core.verb:set package 'motor_control' build argument 'ament_cmake_args' from command line to 'None'
[1.519s] Level 5:colcon.colcon_core.verb:set package 'motor_control' build argument 'catkin_cmake_args' from command line to 'None'
[1.519s] Level 5:colcon.colcon_core.verb:set package 'motor_control' build argument 'catkin_skip_building_tests' from command line to 'False'
[1.519s] DEBUG:colcon.colcon_core.verb:Building package 'motor_control' with the following arguments: {'ament_cmake_args': None, 'build_base': '/home/mowmow/workspace/CatchRobo-r08/build/motor_control', 'catkin_cmake_args': None, 'catkin_skip_building_tests': False, 'cmake_args': None, 'cmake_clean_cache': False, 'cmake_clean_first': False, 'cmake_force_configure': False, 'cmake_target': None, 'cmake_target_skip_unavailable': False, 'install_base': '/home/mowmow/workspace/CatchRobo-r08/install/motor_control', 'merge_install': False, 'path': '/home/mowmow/workspace/CatchRobo-r08/src/motor_control', 'symlink_install': False, 'test_result_base': None}
[1.520s] INFO:colcon.colcon_core.executor:Executing jobs using 'parallel' executor
[1.524s] DEBUG:colcon.colcon_parallel_executor.executor.parallel:run_until_complete
[1.525s] INFO:colcon.colcon_ros.task.ament_cmake.build:Building ROS package in '/home/mowmow/workspace/CatchRobo-r08/src/motor_control' with build type 'ament_cmake'
[1.526s] INFO:colcon.colcon_cmake.task.cmake.build:Building CMake package in '/home/mowmow/workspace/CatchRobo-r08/src/motor_control'
[1.536s] INFO:colcon.colcon_core.plugin_system:Skipping extension 'colcon_core.shell.bat': Not used on non-Windows systems
[1.537s] INFO:colcon.colcon_core.shell:Skip shell extension 'powershell' for command environment: Not usable outside of PowerShell
[1.537s] DEBUG:colcon.colcon_core.shell:Skip shell extension 'dsv' for command environment
[1.582s] DEBUG:colcon.colcon_core.event_handler.log_command:Invoking command in '/home/mowmow/workspace/CatchRobo-r08/build/motor_control': CMAKE_PREFIX_PATH=${CMAKE_PREFIX_PATH}:/opt/ros/humble /usr/bin/cmake --build /home/mowmow/workspace/CatchRobo-r08/build/motor_control -- -j4 -l4
[43.960s] DEBUG:colcon.colcon_core.event_handler.log_command:Invoked command in '/home/mowmow/workspace/CatchRobo-r08/build/motor_control' returned '0': CMAKE_PREFIX_PATH=${CMAKE_PREFIX_PATH}:/opt/ros/humble /usr/bin/cmake --build /home/mowmow/workspace/CatchRobo-r08/build/motor_control -- -j4 -l4
[44.005s] DEBUG:colcon.colcon_core.event_handler.log_command:Invoking command in '/home/mowmow/workspace/CatchRobo-r08/build/motor_control': CMAKE_PREFIX_PATH=${CMAKE_PREFIX_PATH}:/opt/ros/humble /usr/bin/cmake --install /home/mowmow/workspace/CatchRobo-r08/build/motor_control
[44.378s] Level 1:colcon.colcon_core.environment:create_environment_scripts_only(motor_control)
[44.386s] DEBUG:colcon.colcon_core.event_handler.log_command:Invoked command in '/home/mowmow/workspace/CatchRobo-r08/build/motor_control' returned '0': CMAKE_PREFIX_PATH=${CMAKE_PREFIX_PATH}:/opt/ros/humble /usr/bin/cmake --install /home/mowmow/workspace/CatchRobo-r08/build/motor_control
[44.394s] Level 1:colcon.colcon_core.environment:checking '/home/mowmow/workspace/CatchRobo-r08/install/motor_control' for CMake module files
[44.399s] Level 1:colcon.colcon_core.environment:checking '/home/mowmow/workspace/CatchRobo-r08/install/motor_control' for CMake config files
[44.403s] Level 1:colcon.colcon_core.shell:create_environment_hook('motor_control', 'cmake_prefix_path')
[44.404s] INFO:colcon.colcon_core.shell:Creating environment hook '/home/mowmow/workspace/CatchRobo-r08/install/motor_control/share/motor_control/hook/cmake_prefix_path.ps1'
[44.407s] INFO:colcon.colcon_core.shell:Creating environment descriptor '/home/mowmow/workspace/CatchRobo-r08/install/motor_control/share/motor_control/hook/cmake_prefix_path.dsv'
[44.409s] INFO:colcon.colcon_core.shell:Creating environment hook '/home/mowmow/workspace/CatchRobo-r08/install/motor_control/share/motor_control/hook/cmake_prefix_path.sh'
[44.413s] Level 1:colcon.colcon_core.environment:checking '/home/mowmow/workspace/CatchRobo-r08/install/motor_control/lib'
[44.414s] Level 1:colcon.colcon_core.shell:create_environment_hook('motor_control', 'ld_library_path_lib')
[44.415s] INFO:colcon.colcon_core.shell:Creating environment hook '/home/mowmow/workspace/CatchRobo-r08/install/motor_control/share/motor_control/hook/ld_library_path_lib.ps1'
[44.417s] INFO:colcon.colcon_core.shell:Creating environment descriptor '/home/mowmow/workspace/CatchRobo-r08/install/motor_control/share/motor_control/hook/ld_library_path_lib.dsv'
[44.419s] INFO:colcon.colcon_core.shell:Creating environment hook '/home/mowmow/workspace/CatchRobo-r08/install/motor_control/share/motor_control/hook/ld_library_path_lib.sh'
[44.421s] Level 1:colcon.colcon_core.environment:checking '/home/mowmow/workspace/CatchRobo-r08/install/motor_control/bin'
[44.422s] Level 1:colcon.colcon_core.environment:checking '/home/mowmow/workspace/CatchRobo-r08/install/motor_control/lib/pkgconfig/motor_control.pc'
[44.423s] Level 1:colcon.colcon_core.environment:checking '/home/mowmow/workspace/CatchRobo-r08/install/motor_control/lib/python3.10/site-packages'
[44.424s] Level 1:colcon.colcon_core.environment:checking '/home/mowmow/workspace/CatchRobo-r08/install/motor_control/bin'
[44.425s] INFO:colcon.colcon_core.shell:Creating package script '/home/mowmow/workspace/CatchRobo-r08/install/motor_control/share/motor_control/package.ps1'
[44.429s] INFO:colcon.colcon_core.shell:Creating package descriptor '/home/mowmow/workspace/CatchRobo-r08/install/motor_control/share/motor_control/package.dsv'
[44.432s] INFO:colcon.colcon_core.shell:Creating package script '/home/mowmow/workspace/CatchRobo-r08/install/motor_control/share/motor_control/package.sh'
[44.435s] INFO:colcon.colcon_core.shell:Creating package script '/home/mowmow/workspace/CatchRobo-r08/install/motor_control/share/motor_control/package.bash'
[44.439s] INFO:colcon.colcon_core.shell:Creating package script '/home/mowmow/workspace/CatchRobo-r08/install/motor_control/share/motor_control/package.zsh'
[44.442s] Level 1:colcon.colcon_core.environment:create_file_with_runtime_dependencies(/home/mowmow/workspace/CatchRobo-r08/install/motor_control/share/colcon-core/packages/motor_control)
[44.445s] Level 1:colcon.colcon_core.environment:create_environment_scripts_only(motor_control)
[44.446s] Level 1:colcon.colcon_core.environment:checking '/home/mowmow/workspace/CatchRobo-r08/install/motor_control' for CMake module files
[44.451s] Level 1:colcon.colcon_core.environment:checking '/home/mowmow/workspace/CatchRobo-r08/install/motor_control' for CMake config files
[44.454s] Level 1:colcon.colcon_core.shell:create_environment_hook('motor_control', 'cmake_prefix_path')
[44.455s] INFO:colcon.colcon_core.shell:Creating environment hook '/home/mowmow/workspace/CatchRobo-r08/install/motor_control/share/motor_control/hook/cmake_prefix_path.ps1'
[44.457s] INFO:colcon.colcon_core.shell:Creating environment descriptor '/home/mowmow/workspace/CatchRobo-r08/install/motor_control/share/motor_control/hook/cmake_prefix_path.dsv'
[44.459s] INFO:colcon.colcon_core.shell:Creating environment hook '/home/mowmow/workspace/CatchRobo-r08/install/motor_control/share/motor_control/hook/cmake_prefix_path.sh'
[44.462s] Level 1:colcon.colcon_core.environment:checking '/home/mowmow/workspace/CatchRobo-r08/install/motor_control/lib'
[44.462s] Level 1:colcon.colcon_core.shell:create_environment_hook('motor_control', 'ld_library_path_lib')
[44.463s] INFO:colcon.colcon_core.shell:Creating environment hook '/home/mowmow/workspace/CatchRobo-r08/install/motor_control/share/motor_control/hook/ld_library_path_lib.ps1'
[44.465s] INFO:colcon.colcon_core.shell:Creating environment descriptor '/home/mowmow/workspace/CatchRobo-r08/install/motor_control/share/motor_control/hook/ld_library_path_lib.dsv'
[44.467s] INFO:colcon.colcon_core.shell:Creating environment hook '/home/mowmow/workspace/CatchRobo-r08/install/motor_control/share/motor_control/hook/ld_library_path_lib.sh'
[44.469s] Level 1:colcon.colcon_core.environment:checking '/home/mowmow/workspace/CatchRobo-r08/install/motor_control/bin'
[44.470s] Level 1:colcon.colcon_core.environment:checking '/home/mowmow/workspace/CatchRobo-r08/install/motor_control/lib/pkgconfig/motor_control.pc'
[44.470s] Level 1:colcon.colcon_core.environment:checking '/home/mowmow/workspace/CatchRobo-r08/install/motor_control/lib/python3.10/site-packages'
[44.472s] Level 1:colcon.colcon_core.environment:checking '/home/mowmow/workspace/CatchRobo-r08/install/motor_control/bin'
[44.473s] INFO:colcon.colcon_core.shell:Creating package script '/home/mowmow/workspace/CatchRobo-r08/install/motor_control/share/motor_control/package.ps1'
[44.476s] INFO:colcon.colcon_core.shell:Creating package descriptor '/home/mowmow/workspace/CatchRobo-r08/install/motor_control/share/motor_control/package.dsv'
[44.479s] INFO:colcon.colcon_core.shell:Creating package script '/home/mowmow/workspace/CatchRobo-r08/install/motor_control/share/motor_control/package.sh'
[44.482s] INFO:colcon.colcon_core.shell:Creating package script '/home/mowmow/workspace/CatchRobo-r08/install/motor_control/share/motor_control/package.bash'
[44.484s] INFO:colcon.colcon_core.shell:Creating package script '/home/mowmow/workspace/CatchRobo-r08/install/motor_control/share/motor_control/package.zsh'
[44.486s] Level 1:colcon.colcon_core.environment:create_file_with_runtime_dependencies(/home/mowmow/workspace/CatchRobo-r08/install/motor_control/share/colcon-core/packages/motor_control)
[44.488s] DEBUG:colcon.colcon_parallel_executor.executor.parallel:closing loop
[44.489s] DEBUG:colcon.colcon_parallel_executor.executor.parallel:loop closed
[44.490s] DEBUG:colcon.colcon_parallel_executor.executor.parallel:run_until_complete finished with '0'
[44.491s] DEBUG:colcon.colcon_core.event_reactor:joining thread
[44.512s] INFO:colcon.colcon_core.plugin_system:Skipping extension 'colcon_notification.desktop_notification.notify_send': Could not find 'notify-send'
[44.513s] INFO:colcon.colcon_core.plugin_system:Skipping extension 'colcon_notification.desktop_notification.terminal_notifier': Not used on non-Darwin systems
[44.513s] INFO:colcon.colcon_core.plugin_system:Skipping extension 'colcon_notification.desktop_notification.win32': Not used on non-Windows systems
[44.514s] INFO:colcon.colcon_notification.desktop_notification:Sending desktop notification using 'notify2'
[44.516s] DEBUG:colcon.colcon_notification.desktop_notification.notify2:Failed to initialize notify2: org.freedesktop.DBus.Error.ServiceUnknown: The name org.freedesktop.Notifications was not provided by any .service files
[44.517s] DEBUG:colcon.colcon_core.event_reactor:joined thread
[44.518s] INFO:colcon.colcon_core.shell:Creating prefix script '/home/mowmow/workspace/CatchRobo-r08/install/local_setup.ps1'
[44.522s] INFO:colcon.colcon_core.shell:Creating prefix util module '/home/mowmow/workspace/CatchRobo-r08/install/_local_setup_util_ps1.py'
[44.530s] INFO:colcon.colcon_core.shell:Creating prefix chain script '/home/mowmow/workspace/CatchRobo-r08/install/setup.ps1'
[44.535s] INFO:colcon.colcon_core.shell:Creating prefix script '/home/mowmow/workspace/CatchRobo-r08/install/local_setup.sh'
[44.538s] INFO:colcon.colcon_core.shell:Creating prefix util module '/home/mowmow/workspace/CatchRobo-r08/install/_local_setup_util_sh.py'
[44.541s] INFO:colcon.colcon_core.shell:Creating prefix chain script '/home/mowmow/workspace/CatchRobo-r08/install/setup.sh'
[44.545s] INFO:colcon.colcon_core.shell:Creating prefix script '/home/mowmow/workspace/CatchRobo-r08/install/local_setup.bash'
[44.548s] INFO:colcon.colcon_core.shell:Creating prefix chain script '/home/mowmow/workspace/CatchRobo-r08/install/setup.bash'
[44.553s] INFO:colcon.colcon_core.shell:Creating prefix script '/home/mowmow/workspace/CatchRobo-r08/install/local_setup.zsh'
[44.555s] INFO:colcon.colcon_core.shell:Creating prefix chain script '/home/mowmow/workspace/CatchRobo-r08/install/setup.zsh'
