[0.053s] Invoking command in '/home/mowmow/workspace/CatchRobo-r08/build/motor_control': CMAKE_PREFIX_PATH=${CMAKE_PREFIX_PATH}:/opt/ros/humble /usr/bin/cmake --build /home/mowmow/workspace/CatchRobo-r08/build/motor_control -- -j4 -l4
[0.281s] [  1%] Built target motor_control__cpp
[0.303s] [ 11%] Built target motor_control__rosidl_generator_c
[0.357s] [ 11%] Built target ament_cmake_python_copy_motor_control
[0.427s] [ 20%] Built target motor_control__rosidl_typesupport_cpp
[0.465s] [ 30%] Built target motor_control__rosidl_typesupport_fastrtps_cpp
[0.490s] [ 39%] Built target motor_control__rosidl_typesupport_introspection_cpp
[0.559s] [ 49%] Built target motor_control__rosidl_typesupport_fastrtps_c
[0.623s] [ 58%] Built target motor_control__rosidl_typesupport_introspection_c
[0.636s] [ 68%] Built target motor_control__rosidl_typesupport_c
[0.774s] [ 71%] Built target communication_node
[0.826s] [ 74%] Built target observe_node
[0.853s] [ 77%] Built target control_node
[0.896s] [35m[1mConsolidate compiler generated dependencies of target gpio_node[0m
[0.981s] [ 77%] Built target motor_control
[1.072s] [ 79%] [32mBuilding CXX object CMakeFiles/gpio_node.dir/src/gpio_node.cpp.o[0m
[1.098s] [ 80%] Built target motor_control__py
[1.217s] [ 88%] Built target motor_control__rosidl_generator_py
[1.331s] [ 92%] Built target motor_control__rosidl_typesupport_fastrtps_c__pyext
[1.405s] [ 95%] Built target motor_control__rosidl_typesupport_introspection_c__pyext
[1.475s] [ 98%] Built target motor_control__rosidl_typesupport_c__pyext
[2.085s] running egg_info
[2.089s] writing motor_control.egg-info/PKG-INFO
[2.092s] writing dependency_links to motor_control.egg-info/dependency_links.txt
[2.094s] writing top-level names to motor_control.egg-info/top_level.txt
[2.103s] reading manifest file 'motor_control.egg-info/SOURCES.txt'
[2.107s] writing manifest file 'motor_control.egg-info/SOURCES.txt'
[2.256s] [ 98%] Built target ament_cmake_python_build_motor_control_egg
[12.187s] [01m[K/home/mowmow/workspace/CatchRobo-r08/src/motor_control/src/gpio_node.cpp:[m[K In constructor ‘[01m[KGpioNode::GpioNode()[m[K’:
[12.188s] [01m[K/home/mowmow/workspace/CatchRobo-r08/src/motor_control/src/gpio_node.cpp:14:98:[m[K [01;31m[Kerror: [m[Kno match for ‘[01m[Koperator=[m[K’ (operand types are ‘[01m[Kstd::vector<int>[m[K’ and ‘[01m[Kstd::vector<long int, std::allocator<long int> >[m[K’)
[12.188s]    14 |         out_pins = this->declare_parameter<std::vector<int>>("out_pins", {12, 13, 16, 19, 20, 21}[01;31m[K)[m[K; // BCM番号で指定
[12.188s]       |                                                                                                  [01;31m[K^[m[K
[12.189s] In file included from [01m[K/usr/include/c++/11/vector:72[m[K,
[12.189s]                  from [01m[K/usr/include/c++/11/functional:62[m[K,
[12.190s]                  from [01m[K/usr/include/c++/11/pstl/glue_algorithm_defs.h:13[m[K,
[12.190s]                  from [01m[K/usr/include/c++/11/algorithm:74[m[K,
[12.191s]                  from [01m[K/opt/ros/humble/include/rclcpp/rclcpp/executor.hpp:18[m[K,
[12.191s]                  from [01m[K/opt/ros/humble/include/rclcpp/rclcpp/executors/multi_threaded_executor.hpp:25[m[K,
[12.191s]                  from [01m[K/opt/ros/humble/include/rclcpp/rclcpp/executors.hpp:21[m[K,
[12.192s]                  from [01m[K/opt/ros/humble/include/rclcpp/rclcpp/rclcpp.hpp:155[m[K,
[12.192s]                  from [01m[K/home/mowmow/workspace/CatchRobo-r08/src/motor_control/src/gpio_node.cpp:1[m[K:
[12.193s] [01m[K/usr/include/c++/11/bits/vector.tcc:198:5:[m[K [01;36m[Knote: [m[Kcandidate: ‘[01m[Kstd::vector<_Tp, _Alloc>& std::vector<_Tp, _Alloc>::operator=(const std::vector<_Tp, _Alloc>&) [with _Tp = int; _Alloc = std::allocator<int>][m[K’
[12.193s]   198 |     [01;36m[Kvector<_Tp, _Alloc>[m[K::
[12.193s]       |     [01;36m[K^~~~~~~~~~~~~~~~~~~[m[K
[12.194s] [01m[K/usr/include/c++/11/bits/vector.tcc:199:42:[m[K [01;36m[Knote: [m[K  no known conversion for argument 1 from ‘[01m[Kstd::vector<long int, std::allocator<long int> >[m[K’ to ‘[01m[Kconst std::vector<int>&[m[K’
[12.194s]   199 |     operator=([01;36m[Kconst vector<_Tp, _Alloc>& __x[m[K)
[12.204s]       |               [01;36m[K~~~~~~~~~~~~~~~~~~~~~~~~~~~^~~[m[K
[12.206s] In file included from [01m[K/usr/include/c++/11/vector:67[m[K,
[12.207s]                  from [01m[K/usr/include/c++/11/functional:62[m[K,
[12.207s]                  from [01m[K/usr/include/c++/11/pstl/glue_algorithm_defs.h:13[m[K,
[12.208s]                  from [01m[K/usr/include/c++/11/algorithm:74[m[K,
[12.208s]                  from [01m[K/opt/ros/humble/include/rclcpp/rclcpp/executor.hpp:18[m[K,
[12.209s]                  from [01m[K/opt/ros/humble/include/rclcpp/rclcpp/executors/multi_threaded_executor.hpp:25[m[K,
[12.209s]                  from [01m[K/opt/ros/humble/include/rclcpp/rclcpp/executors.hpp:21[m[K,
[12.210s]                  from [01m[K/opt/ros/humble/include/rclcpp/rclcpp/rclcpp.hpp:155[m[K,
[12.210s]                  from [01m[K/home/mowmow/workspace/CatchRobo-r08/src/motor_control/src/gpio_node.cpp:1[m[K:
[12.210s] [01m[K/usr/include/c++/11/bits/stl_vector.h:709:7:[m[K [01;36m[Knote: [m[Kcandidate: ‘[01m[Kstd::vector<_Tp, _Alloc>& std::vector<_Tp, _Alloc>::operator=(std::vector<_Tp, _Alloc>&&) [with _Tp = int; _Alloc = std::allocator<int>][m[K’
[12.211s]   709 |       [01;36m[Koperator[m[K=(vector&& __x) noexcept(_Alloc_traits::_S_nothrow_move())
[12.211s]       |       [01;36m[K^~~~~~~~[m[K
[12.212s] [01m[K/usr/include/c++/11/bits/stl_vector.h:709:26:[m[K [01;36m[Knote: [m[K  no known conversion for argument 1 from ‘[01m[Kstd::vector<long int, std::allocator<long int> >[m[K’ to ‘[01m[Kstd::vector<int>&&[m[K’
[12.212s]   709 |       operator=([01;36m[Kvector&& __x[m[K) noexcept(_Alloc_traits::_S_nothrow_move())
[12.213s]       |                 [01;36m[K~~~~~~~~~^~~[m[K
[12.213s] [01m[K/usr/include/c++/11/bits/stl_vector.h:730:7:[m[K [01;36m[Knote: [m[Kcandidate: ‘[01m[Kstd::vector<_Tp, _Alloc>& std::vector<_Tp, _Alloc>::operator=(std::initializer_list<_Tp>) [with _Tp = int; _Alloc = std::allocator<int>][m[K’
[12.214s]   730 |       [01;36m[Koperator[m[K=(initializer_list<value_type> __l)
[12.214s]       |       [01;36m[K^~~~~~~~[m[K
[12.215s] [01m[K/usr/include/c++/11/bits/stl_vector.h:730:46:[m[K [01;36m[Knote: [m[K  no known conversion for argument 1 from ‘[01m[Kstd::vector<long int, std::allocator<long int> >[m[K’ to ‘[01m[Kstd::initializer_list<int>[m[K’
[12.215s]   730 |       operator=([01;36m[Kinitializer_list<value_type> __l[m[K)
[12.215s]       |                 [01;36m[K~~~~~~~~~~~~~~~~~~~~~~~~~~~~~^~~[m[K
[12.216s] [01m[K/home/mowmow/workspace/CatchRobo-r08/src/motor_control/src/gpio_node.cpp:15:80:[m[K [01;31m[Kerror: [m[Kno match for ‘[01m[Koperator=[m[K’ (operand types are ‘[01m[Kstd::vector<int>[m[K’ and ‘[01m[Kstd::vector<long int, std::allocator<long int> >[m[K’)
[12.216s]    15 |         in_pins = this->declare_parameter<std::vector<int>>("in_pins", {24, 25}[01;31m[K)[m[K; // BCM番号で指定
[12.217s]       |                                                                                [01;31m[K^[m[K
[12.217s] In file included from [01m[K/usr/include/c++/11/vector:72[m[K,
[12.218s]                  from [01m[K/usr/include/c++/11/functional:62[m[K,
[12.218s]                  from [01m[K/usr/include/c++/11/pstl/glue_algorithm_defs.h:13[m[K,
[12.218s]                  from [01m[K/usr/include/c++/11/algorithm:74[m[K,
[12.219s]                  from [01m[K/opt/ros/humble/include/rclcpp/rclcpp/executor.hpp:18[m[K,
[12.219s]                  from [01m[K/opt/ros/humble/include/rclcpp/rclcpp/executors/multi_threaded_executor.hpp:25[m[K,
[12.220s]                  from [01m[K/opt/ros/humble/include/rclcpp/rclcpp/executors.hpp:21[m[K,
[12.220s]                  from [01m[K/opt/ros/humble/include/rclcpp/rclcpp/rclcpp.hpp:155[m[K,
[12.221s]                  from [01m[K/home/mowmow/workspace/CatchRobo-r08/src/motor_control/src/gpio_node.cpp:1[m[K:
[12.221s] [01m[K/usr/include/c++/11/bits/vector.tcc:198:5:[m[K [01;36m[Knote: [m[Kcandidate: ‘[01m[Kstd::vector<_Tp, _Alloc>& std::vector<_Tp, _Alloc>::operator=(const std::vector<_Tp, _Alloc>&) [with _Tp = int; _Alloc = std::allocator<int>][m[K’
[12.222s]   198 |     [01;36m[Kvector<_Tp, _Alloc>[m[K::
[12.222s]       |     [01;36m[K^~~~~~~~~~~~~~~~~~~[m[K
[12.223s] [01m[K/usr/include/c++/11/bits/vector.tcc:199:42:[m[K [01;36m[Knote: [m[K  no known conversion for argument 1 from ‘[01m[Kstd::vector<long int, std::allocator<long int> >[m[K’ to ‘[01m[Kconst std::vector<int>&[m[K’
[12.223s]   199 |     operator=([01;36m[Kconst vector<_Tp, _Alloc>& __x[m[K)
[12.223s]       |               [01;36m[K~~~~~~~~~~~~~~~~~~~~~~~~~~~^~~[m[K
[12.224s] In file included from [01m[K/usr/include/c++/11/vector:67[m[K,
[12.224s]                  from [01m[K/usr/include/c++/11/functional:62[m[K,
[12.225s]                  from [01m[K/usr/include/c++/11/pstl/glue_algorithm_defs.h:13[m[K,
[12.225s]                  from [01m[K/usr/include/c++/11/algorithm:74[m[K,
[12.226s]                  from [01m[K/opt/ros/humble/include/rclcpp/rclcpp/executor.hpp:18[m[K,
[12.226s]                  from [01m[K/opt/ros/humble/include/rclcpp/rclcpp/executors/multi_threaded_executor.hpp:25[m[K,
[12.227s]                  from [01m[K/opt/ros/humble/include/rclcpp/rclcpp/executors.hpp:21[m[K,
[12.227s]                  from [01m[K/opt/ros/humble/include/rclcpp/rclcpp/rclcpp.hpp:155[m[K,
[12.229s]                  from [01m[K/home/mowmow/workspace/CatchRobo-r08/src/motor_control/src/gpio_node.cpp:1[m[K:
[12.229s] [01m[K/usr/include/c++/11/bits/stl_vector.h:709:7:[m[K [01;36m[Knote: [m[Kcandidate: ‘[01m[Kstd::vector<_Tp, _Alloc>& std::vector<_Tp, _Alloc>::operator=(std::vector<_Tp, _Alloc>&&) [with _Tp = int; _Alloc = std::allocator<int>][m[K’
[12.230s]   709 |       [01;36m[Koperator[m[K=(vector&& __x) noexcept(_Alloc_traits::_S_nothrow_move())
[12.230s]       |       [01;36m[K^~~~~~~~[m[K
[12.231s] [01m[K/usr/include/c++/11/bits/stl_vector.h:709:26:[m[K [01;36m[Knote: [m[K  no known conversion for argument 1 from ‘[01m[Kstd::vector<long int, std::allocator<long int> >[m[K’ to ‘[01m[Kstd::vector<int>&&[m[K’
[12.231s]   709 |       operator=([01;36m[Kvector&& __x[m[K) noexcept(_Alloc_traits::_S_nothrow_move())
[12.231s]       |                 [01;36m[K~~~~~~~~~^~~[m[K
[12.232s] [01m[K/usr/include/c++/11/bits/stl_vector.h:730:7:[m[K [01;36m[Knote: [m[Kcandidate: ‘[01m[Kstd::vector<_Tp, _Alloc>& std::vector<_Tp, _Alloc>::operator=(std::initializer_list<_Tp>) [with _Tp = int; _Alloc = std::allocator<int>][m[K’
[12.234s]   730 |       [01;36m[Koperator[m[K=(initializer_list<value_type> __l)
[12.235s]       |       [01;36m[K^~~~~~~~[m[K
[12.236s] [01m[K/usr/include/c++/11/bits/stl_vector.h:730:46:[m[K [01;36m[Knote: [m[K  no known conversion for argument 1 from ‘[01m[Kstd::vector<long int, std::allocator<long int> >[m[K’ to ‘[01m[Kstd::initializer_list<int>[m[K’
[12.236s]   730 |       operator=([01;36m[Kinitializer_list<value_type> __l[m[K)
[12.237s]       |                 [01;36m[K~~~~~~~~~~~~~~~~~~~~~~~~~~~~~^~~[m[K
[12.283s] [01m[K/home/mowmow/workspace/CatchRobo-r08/src/motor_control/src/gpio_node.cpp:[m[K In member function ‘[01m[Kvoid GpioNode::reader_loop()[m[K’:
[12.283s] [01m[K/home/mowmow/workspace/CatchRobo-r08/src/motor_control/src/gpio_node.cpp:65:23:[m[K [01;31m[Kerror: [m[K‘[01m[Kgpiod_line_event_wait_multiple[m[K’ was not declared in this scope; did you mean ‘[01m[Kgpiod_line_event_read_multiple[m[K’?
[12.284s]    65 |             int ret = [01;31m[Kgpiod_line_event_wait_multiple[m[K(line_ins.data(), line_ins.size(), &timeout);
[12.284s]       |                       [01;31m[K^~~~~~~~~~~~~~~~~~~~~~~~~~~~~~[m[K
[12.285s]       |                       [32m[Kgpiod_line_event_read_multiple[m[K
[20.722s] gmake[2]: *** [CMakeFiles/gpio_node.dir/build.make:76: CMakeFiles/gpio_node.dir/src/gpio_node.cpp.o] Error 1
[20.723s] gmake[1]: *** [CMakeFiles/Makefile2:680: CMakeFiles/gpio_node.dir/all] Error 2
[20.724s] gmake: *** [Makefile:146: all] Error 2
[20.731s] Invoked command in '/home/mowmow/workspace/CatchRobo-r08/build/motor_control' returned '2': CMAKE_PREFIX_PATH=${CMAKE_PREFIX_PATH}:/opt/ros/humble /usr/bin/cmake --build /home/mowmow/workspace/CatchRobo-r08/build/motor_control -- -j4 -l4
