[0.535s] DEBUG:colcon:Command line arguments: ['/usr/bin/colcon', 'build', '--packages-select', 'motor_control']
[0.535s] DEBUG:colcon:Parsed command line arguments: Namespace(log_base=None, log_level=None, verb_name='build', build_base='build', install_base='install', merge_install=False, symlink_install=False, test_result_base=None, continue_on_error=False, executor='parallel', parallel_workers=4, event_handlers=None, ignore_user_meta=False, metas=['./colcon.meta'], base_paths=['.'], packages_ignore=None, packages_ignore_regex=None, paths=None, packages_up_to=None, packages_up_to_regex=None, packages_above=None, packages_above_and_dependencies=None, packages_above_depth=None, packages_select_by_dep=None, packages_skip_by_dep=None, packages_skip_up_to=None, packages_select_build_failed=False, packages_skip_build_finished=False, packages_select_test_failures=False, packages_skip_test_passed=False, packages_select=['motor_control'], packages_skip=None, packages_select_regex=None, packages_skip_regex=None, packages_start=None, packages_end=None, allow_overriding=[], cmake_args=None, cmake_target=None, cmake_target_skip_unavailable=False, cmake_clean_cache=False, cmake_clean_first=False, cmake_force_configure=False, ament_cmake_args=None, catkin_cmake_args=None, catkin_skip_building_tests=False, mixin_files=None, mixin=None, verb_parser=<colcon_mixin.mixin.mixin_argument.MixinArgumentDecorator object at 0xffffb6a1c9a0>, verb_extension=<colcon_core.verb.build.BuildVerb object at 0xffffb6b31ea0>, main=<bound method BuildVerb.main of <colcon_core.verb.build.BuildVerb object at 0xffffb6b31ea0>>, mixin_verb=('build',))
[1.336s] Level 1:colcon.colcon_core.package_discovery:discover_packages(colcon_meta) check parameters
[1.337s] Level 1:colcon.colcon_core.package_discovery:discover_packages(recursive) check parameters
[1.337s] Level 1:colcon.colcon_core.package_discovery:discover_packages(ignore) check parameters
[1.337s] Level 1:colcon.colcon_core.package_discovery:discover_packages(path) check parameters
[1.338s] Level 1:colcon.colcon_core.package_discovery:discover_packages(colcon_meta) discover
[1.338s] Level 1:colcon.colcon_core.package_discovery:discover_packages(recursive) discover
[1.338s] INFO:colcon.colcon_core.package_discovery:Crawling recursively for packages in '/home/mowmow/workspace/CatchRobo-r08'
[1.339s] Level 1:colcon.colcon_core.package_identification:_identify(.) by extensions ['ignore', 'ignore_ament_install']
[1.340s] Level 1:colcon.colcon_core.package_identification:_identify(.) by extension 'ignore'
[1.340s] Level 1:colcon.colcon_core.package_identification:_identify(.) by extension 'ignore_ament_install'
[1.341s] Level 1:colcon.colcon_core.package_identification:_identify(.) by extensions ['colcon_pkg']
[1.341s] Level 1:colcon.colcon_core.package_identification:_identify(.) by extension 'colcon_pkg'
[1.342s] Level 1:colcon.colcon_core.package_identification:_identify(.) by extensions ['colcon_meta']
[1.342s] Level 1:colcon.colcon_core.package_identification:_identify(.) by extension 'colcon_meta'
[1.343s] Level 1:colcon.colcon_core.package_identification:_identify(.) by extensions ['ros']
[1.343s] Level 1:colcon.colcon_core.package_identification:_identify(.) by extension 'ros'
[1.392s] Level 1:colcon.colcon_core.package_identification:_identify(.) by extensions ['cmake', 'python']
[1.393s] Level 1:colcon.colcon_core.package_identification:_identify(.) by extension 'cmake'
[1.393s] Level 1:colcon.colcon_core.package_identification:_identify(.) by extension 'python'
[1.393s] Level 1:colcon.colcon_core.package_identification:_identify(.) by extensions ['python_setup_py']
[1.393s] Level 1:colcon.colcon_core.package_identification:_identify(.) by extension 'python_setup_py'
[1.394s] Level 1:colcon.colcon_core.package_identification:_identify(build) by extensions ['ignore', 'ignore_ament_install']
[1.394s] Level 1:colcon.colcon_core.package_identification:_identify(build) by extension 'ignore'
[1.395s] Level 1:colcon.colcon_core.package_identification:_identify(build) ignored
[1.396s] Level 1:colcon.colcon_core.package_identification:_identify(install) by extensions ['ignore', 'ignore_ament_install']
[1.396s] Level 1:colcon.colcon_core.package_identification:_identify(install) by extension 'ignore'
[1.397s] Level 1:colcon.colcon_core.package_identification:_identify(install) ignored
[1.398s] Level 1:colcon.colcon_core.package_identification:_identify(log) by extensions ['ignore', 'ignore_ament_install']
[1.398s] Level 1:colcon.colcon_core.package_identification:_identify(log) by extension 'ignore'
[1.399s] Level 1:colcon.colcon_core.package_identification:_identify(log) ignored
[1.399s] Level 1:colcon.colcon_core.package_identification:_identify(src) by extensions ['ignore', 'ignore_ament_install']
[1.399s] Level 1:colcon.colcon_core.package_identification:_identify(src) by extension 'ignore'
[1.400s] Level 1:colcon.colcon_core.package_identification:_identify(src) by extension 'ignore_ament_install'
[1.400s] Level 1:colcon.colcon_core.package_identification:_identify(src) by extensions ['colcon_pkg']
[1.400s] Level 1:colcon.colcon_core.package_identification:_identify(src) by extension 'colcon_pkg'
[1.401s] Level 1:colcon.colcon_core.package_identification:_identify(src) by extensions ['colcon_meta']
[1.401s] Level 1:colcon.colcon_core.package_identification:_identify(src) by extension 'colcon_meta'
[1.401s] Level 1:colcon.colcon_core.package_identification:_identify(src) by extensions ['ros']
[1.402s] Level 1:colcon.colcon_core.package_identification:_identify(src) by extension 'ros'
[1.402s] Level 1:colcon.colcon_core.package_identification:_identify(src) by extensions ['cmake', 'python']
[1.402s] Level 1:colcon.colcon_core.package_identification:_identify(src) by extension 'cmake'
[1.403s] Level 1:colcon.colcon_core.package_identification:_identify(src) by extension 'python'
[1.403s] Level 1:colcon.colcon_core.package_identification:_identify(src) by extensions ['python_setup_py']
[1.403s] Level 1:colcon.colcon_core.package_identification:_identify(src) by extension 'python_setup_py'
[1.404s] Level 1:colcon.colcon_core.package_identification:_identify(src/motor_control) by extensions ['ignore', 'ignore_ament_install']
[1.404s] Level 1:colcon.colcon_core.package_identification:_identify(src/motor_control) by extension 'ignore'
[1.404s] Level 1:colcon.colcon_core.package_identification:_identify(src/motor_control) by extension 'ignore_ament_install'
[1.405s] Level 1:colcon.colcon_core.package_identification:_identify(src/motor_control) by extensions ['colcon_pkg']
[1.405s] Level 1:colcon.colcon_core.package_identification:_identify(src/motor_control) by extension 'colcon_pkg'
[1.405s] Level 1:colcon.colcon_core.package_identification:_identify(src/motor_control) by extensions ['colcon_meta']
[1.405s] Level 1:colcon.colcon_core.package_identification:_identify(src/motor_control) by extension 'colcon_meta'
[1.405s] Level 1:colcon.colcon_core.package_identification:_identify(src/motor_control) by extensions ['ros']
[1.406s] Level 1:colcon.colcon_core.package_identification:_identify(src/motor_control) by extension 'ros'
[1.416s] DEBUG:colcon.colcon_core.package_identification:Package 'src/motor_control' with type 'ros.ament_cmake' and name 'motor_control'
[1.416s] Level 1:colcon.colcon_core.package_discovery:discover_packages(recursive) using defaults
[1.416s] Level 1:colcon.colcon_core.package_discovery:discover_packages(ignore) discover
[1.416s] Level 1:colcon.colcon_core.package_discovery:discover_packages(ignore) using defaults
[1.416s] Level 1:colcon.colcon_core.package_discovery:discover_packages(path) discover
[1.417s] Level 1:colcon.colcon_core.package_discovery:discover_packages(path) using defaults
[1.493s] Level 1:colcon.colcon_core.package_discovery:discover_packages(prefix_path) check parameters
[1.493s] Level 1:colcon.colcon_core.package_discovery:discover_packages(prefix_path) discover
[1.501s] DEBUG:colcon.colcon_installed_package_information.package_discovery:Found 1 installed packages in /home/mowmow/workspace/CatchRobo-r08/install
[1.508s] DEBUG:colcon.colcon_installed_package_information.package_discovery:Found 206 installed packages in /opt/ros/humble
[1.513s] Level 1:colcon.colcon_core.package_discovery:discover_packages(prefix_path) using defaults
[1.673s] Level 5:colcon.colcon_core.verb:set package 'motor_control' build argument 'cmake_args' from command line to 'None'
[1.673s] Level 5:colcon.colcon_core.verb:set package 'motor_control' build argument 'cmake_target' from command line to 'None'
[1.673s] Level 5:colcon.colcon_core.verb:set package 'motor_control' build argument 'cmake_target_skip_unavailable' from command line to 'False'
[1.674s] Level 5:colcon.colcon_core.verb:set package 'motor_control' build argument 'cmake_clean_cache' from command line to 'False'
[1.674s] Level 5:colcon.colcon_core.verb:set package 'motor_control' build argument 'cmake_clean_first' from command line to 'False'
[1.674s] Level 5:colcon.colcon_core.verb:set package 'motor_control' build argument 'cmake_force_configure' from command line to 'False'
[1.674s] Level 5:colcon.colcon_core.verb:set package 'motor_control' build argument 'ament_cmake_args' from command line to 'None'
[1.674s] Level 5:colcon.colcon_core.verb:set package 'motor_control' build argument 'catkin_cmake_args' from command line to 'None'
[1.674s] Level 5:colcon.colcon_core.verb:set package 'motor_control' build argument 'catkin_skip_building_tests' from command line to 'False'
[1.674s] DEBUG:colcon.colcon_core.verb:Building package 'motor_control' with the following arguments: {'ament_cmake_args': None, 'build_base': '/home/mowmow/workspace/CatchRobo-r08/build/motor_control', 'catkin_cmake_args': None, 'catkin_skip_building_tests': False, 'cmake_args': None, 'cmake_clean_cache': False, 'cmake_clean_first': False, 'cmake_force_configure': False, 'cmake_target': None, 'cmake_target_skip_unavailable': False, 'install_base': '/home/mowmow/workspace/CatchRobo-r08/install/motor_control', 'merge_install': False, 'path': '/home/mowmow/workspace/CatchRobo-r08/src/motor_control', 'symlink_install': False, 'test_result_base': None}
[1.675s] INFO:colcon.colcon_core.executor:Executing jobs using 'parallel' executor
[1.678s] DEBUG:colcon.colcon_parallel_executor.executor.parallel:run_until_complete
[1.679s] INFO:colcon.colcon_ros.task.ament_cmake.build:Building ROS package in '/home/mowmow/workspace/CatchRobo-r08/src/motor_control' with build type 'ament_cmake'
[1.680s] INFO:colcon.colcon_cmake.task.cmake.build:Building CMake package in '/home/mowmow/workspace/CatchRobo-r08/src/motor_control'
[1.689s] INFO:colcon.colcon_core.plugin_system:Skipping extension 'colcon_core.shell.bat': Not used on non-Windows systems
[1.690s] INFO:colcon.colcon_core.shell:Skip shell extension 'powershell' for command environment: Not usable outside of PowerShell
[1.690s] DEBUG:colcon.colcon_core.shell:Skip shell extension 'dsv' for command environment
[1.734s] DEBUG:colcon.colcon_core.event_handler.log_command:Invoking command in '/home/mowmow/workspace/CatchRobo-r08/build/motor_control': CMAKE_PREFIX_PATH=${CMAKE_PREFIX_PATH}:/opt/ros/humble /usr/bin/cmake --build /home/mowmow/workspace/CatchRobo-r08/build/motor_control -- -j4 -l4
[37.745s] DEBUG:colcon.colcon_core.event_handler.log_command:Invoked command in '/home/mowmow/workspace/CatchRobo-r08/build/motor_control' returned '0': CMAKE_PREFIX_PATH=${CMAKE_PREFIX_PATH}:/opt/ros/humble /usr/bin/cmake --build /home/mowmow/workspace/CatchRobo-r08/build/motor_control -- -j4 -l4
[37.787s] DEBUG:colcon.colcon_core.event_handler.log_command:Invoking command in '/home/mowmow/workspace/CatchRobo-r08/build/motor_control': CMAKE_PREFIX_PATH=${CMAKE_PREFIX_PATH}:/opt/ros/humble /usr/bin/cmake --install /home/mowmow/workspace/CatchRobo-r08/build/motor_control
[38.137s] Level 1:colcon.colcon_core.environment:create_environment_scripts_only(motor_control)
[38.159s] DEBUG:colcon.colcon_core.event_handler.log_command:Invoked command in '/home/mowmow/workspace/CatchRobo-r08/build/motor_control' returned '0': CMAKE_PREFIX_PATH=${CMAKE_PREFIX_PATH}:/opt/ros/humble /usr/bin/cmake --install /home/mowmow/workspace/CatchRobo-r08/build/motor_control
[38.163s] Level 1:colcon.colcon_core.environment:checking '/home/mowmow/workspace/CatchRobo-r08/install/motor_control' for CMake module files
[38.167s] Level 1:colcon.colcon_core.environment:checking '/home/mowmow/workspace/CatchRobo-r08/install/motor_control' for CMake config files
[38.171s] Level 1:colcon.colcon_core.shell:create_environment_hook('motor_control', 'cmake_prefix_path')
[38.172s] INFO:colcon.colcon_core.shell:Creating environment hook '/home/mowmow/workspace/CatchRobo-r08/install/motor_control/share/motor_control/hook/cmake_prefix_path.ps1'
[38.175s] INFO:colcon.colcon_core.shell:Creating environment descriptor '/home/mowmow/workspace/CatchRobo-r08/install/motor_control/share/motor_control/hook/cmake_prefix_path.dsv'
[38.177s] INFO:colcon.colcon_core.shell:Creating environment hook '/home/mowmow/workspace/CatchRobo-r08/install/motor_control/share/motor_control/hook/cmake_prefix_path.sh'
[38.181s] Level 1:colcon.colcon_core.environment:checking '/home/mowmow/workspace/CatchRobo-r08/install/motor_control/lib'
[38.182s] Level 1:colcon.colcon_core.shell:create_environment_hook('motor_control', 'ld_library_path_lib')
[38.183s] INFO:colcon.colcon_core.shell:Creating environment hook '/home/mowmow/workspace/CatchRobo-r08/install/motor_control/share/motor_control/hook/ld_library_path_lib.ps1'
[38.185s] INFO:colcon.colcon_core.shell:Creating environment descriptor '/home/mowmow/workspace/CatchRobo-r08/install/motor_control/share/motor_control/hook/ld_library_path_lib.dsv'
[38.187s] INFO:colcon.colcon_core.shell:Creating environment hook '/home/mowmow/workspace/CatchRobo-r08/install/motor_control/share/motor_control/hook/ld_library_path_lib.sh'
[38.189s] Level 1:colcon.colcon_core.environment:checking '/home/mowmow/workspace/CatchRobo-r08/install/motor_control/bin'
[38.190s] Level 1:colcon.colcon_core.environment:checking '/home/mowmow/workspace/CatchRobo-r08/install/motor_control/lib/pkgconfig/motor_control.pc'
[38.191s] Level 1:colcon.colcon_core.environment:checking '/home/mowmow/workspace/CatchRobo-r08/install/motor_control/lib/python3.10/site-packages'
[38.192s] Level 1:colcon.colcon_core.environment:checking '/home/mowmow/workspace/CatchRobo-r08/install/motor_control/bin'
[38.193s] INFO:colcon.colcon_core.shell:Creating package script '/home/mowmow/workspace/CatchRobo-r08/install/motor_control/share/motor_control/package.ps1'
[38.197s] INFO:colcon.colcon_core.shell:Creating package descriptor '/home/mowmow/workspace/CatchRobo-r08/install/motor_control/share/motor_control/package.dsv'
[38.200s] INFO:colcon.colcon_core.shell:Creating package script '/home/mowmow/workspace/CatchRobo-r08/install/motor_control/share/motor_control/package.sh'
[38.203s] INFO:colcon.colcon_core.shell:Creating package script '/home/mowmow/workspace/CatchRobo-r08/install/motor_control/share/motor_control/package.bash'
[38.206s] INFO:colcon.colcon_core.shell:Creating package script '/home/mowmow/workspace/CatchRobo-r08/install/motor_control/share/motor_control/package.zsh'
[38.210s] Level 1:colcon.colcon_core.environment:create_file_with_runtime_dependencies(/home/mowmow/workspace/CatchRobo-r08/install/motor_control/share/colcon-core/packages/motor_control)
[38.213s] Level 1:colcon.colcon_core.environment:create_environment_scripts_only(motor_control)
[38.214s] Level 1:colcon.colcon_core.environment:checking '/home/mowmow/workspace/CatchRobo-r08/install/motor_control' for CMake module files
[38.218s] Level 1:colcon.colcon_core.environment:checking '/home/mowmow/workspace/CatchRobo-r08/install/motor_control' for CMake config files
[38.222s] Level 1:colcon.colcon_core.shell:create_environment_hook('motor_control', 'cmake_prefix_path')
[38.223s] INFO:colcon.colcon_core.shell:Creating environment hook '/home/mowmow/workspace/CatchRobo-r08/install/motor_control/share/motor_control/hook/cmake_prefix_path.ps1'
[38.225s] INFO:colcon.colcon_core.shell:Creating environment descriptor '/home/mowmow/workspace/CatchRobo-r08/install/motor_control/share/motor_control/hook/cmake_prefix_path.dsv'
[38.227s] INFO:colcon.colcon_core.shell:Creating environment hook '/home/mowmow/workspace/CatchRobo-r08/install/motor_control/share/motor_control/hook/cmake_prefix_path.sh'
[38.230s] Level 1:colcon.colcon_core.environment:checking '/home/mowmow/workspace/CatchRobo-r08/install/motor_control/lib'
[38.230s] Level 1:colcon.colcon_core.shell:create_environment_hook('motor_control', 'ld_library_path_lib')
[38.231s] INFO:colcon.colcon_core.shell:Creating environment hook '/home/mowmow/workspace/CatchRobo-r08/install/motor_control/share/motor_control/hook/ld_library_path_lib.ps1'
[38.233s] INFO:colcon.colcon_core.shell:Creating environment descriptor '/home/mowmow/workspace/CatchRobo-r08/install/motor_control/share/motor_control/hook/ld_library_path_lib.dsv'
[38.236s] INFO:colcon.colcon_core.shell:Creating environment hook '/home/mowmow/workspace/CatchRobo-r08/install/motor_control/share/motor_control/hook/ld_library_path_lib.sh'
[38.238s] Level 1:colcon.colcon_core.environment:checking '/home/mowmow/workspace/CatchRobo-r08/install/motor_control/bin'
[38.238s] Level 1:colcon.colcon_core.environment:checking '/home/mowmow/workspace/CatchRobo-r08/install/motor_control/lib/pkgconfig/motor_control.pc'
[38.239s] Level 1:colcon.colcon_core.environment:checking '/home/mowmow/workspace/CatchRobo-r08/install/motor_control/lib/python3.10/site-packages'
[38.240s] Level 1:colcon.colcon_core.environment:checking '/home/mowmow/workspace/CatchRobo-r08/install/motor_control/bin'
[38.242s] INFO:colcon.colcon_core.shell:Creating package script '/home/mowmow/workspace/CatchRobo-r08/install/motor_control/share/motor_control/package.ps1'
[38.245s] INFO:colcon.colcon_core.shell:Creating package descriptor '/home/mowmow/workspace/CatchRobo-r08/install/motor_control/share/motor_control/package.dsv'
[38.248s] INFO:colcon.colcon_core.shell:Creating package script '/home/mowmow/workspace/CatchRobo-r08/install/motor_control/share/motor_control/package.sh'
[38.250s] INFO:colcon.colcon_core.shell:Creating package script '/home/mowmow/workspace/CatchRobo-r08/install/motor_control/share/motor_control/package.bash'
[38.253s] INFO:colcon.colcon_core.shell:Creating package script '/home/mowmow/workspace/CatchRobo-r08/install/motor_control/share/motor_control/package.zsh'
[38.255s] Level 1:colcon.colcon_core.environment:create_file_with_runtime_dependencies(/home/mowmow/workspace/CatchRobo-r08/install/motor_control/share/colcon-core/packages/motor_control)
[38.256s] DEBUG:colcon.colcon_parallel_executor.executor.parallel:closing loop
[38.258s] DEBUG:colcon.colcon_parallel_executor.executor.parallel:loop closed
[38.258s] DEBUG:colcon.colcon_parallel_executor.executor.parallel:run_until_complete finished with '0'
[38.259s] DEBUG:colcon.colcon_core.event_reactor:joining thread
[38.279s] INFO:colcon.colcon_core.plugin_system:Skipping extension 'colcon_notification.desktop_notification.notify_send': Could not find 'notify-send'
[38.279s] INFO:colcon.colcon_core.plugin_system:Skipping extension 'colcon_notification.desktop_notification.terminal_notifier': Not used on non-Darwin systems
[38.280s] INFO:colcon.colcon_core.plugin_system:Skipping extension 'colcon_notification.desktop_notification.win32': Not used on non-Windows systems
[38.280s] INFO:colcon.colcon_notification.desktop_notification:Sending desktop notification using 'notify2'
[38.284s] DEBUG:colcon.colcon_notification.desktop_notification.notify2:Failed to initialize notify2: org.freedesktop.DBus.Error.ServiceUnknown: The name org.freedesktop.Notifications was not provided by any .service files
[38.285s] DEBUG:colcon.colcon_core.event_reactor:joined thread
[38.286s] INFO:colcon.colcon_core.shell:Creating prefix script '/home/mowmow/workspace/CatchRobo-r08/install/local_setup.ps1'
[38.291s] INFO:colcon.colcon_core.shell:Creating prefix util module '/home/mowmow/workspace/CatchRobo-r08/install/_local_setup_util_ps1.py'
[38.300s] INFO:colcon.colcon_core.shell:Creating prefix chain script '/home/mowmow/workspace/CatchRobo-r08/install/setup.ps1'
[38.307s] INFO:colcon.colcon_core.shell:Creating prefix script '/home/mowmow/workspace/CatchRobo-r08/install/local_setup.sh'
[38.311s] INFO:colcon.colcon_core.shell:Creating prefix util module '/home/mowmow/workspace/CatchRobo-r08/install/_local_setup_util_sh.py'
[38.315s] INFO:colcon.colcon_core.shell:Creating prefix chain script '/home/mowmow/workspace/CatchRobo-r08/install/setup.sh'
[38.321s] INFO:colcon.colcon_core.shell:Creating prefix script '/home/mowmow/workspace/CatchRobo-r08/install/local_setup.bash'
[38.323s] INFO:colcon.colcon_core.shell:Creating prefix chain script '/home/mowmow/workspace/CatchRobo-r08/install/setup.bash'
[38.328s] INFO:colcon.colcon_core.shell:Creating prefix script '/home/mowmow/workspace/CatchRobo-r08/install/local_setup.zsh'
[38.330s] INFO:colcon.colcon_core.shell:Creating prefix chain script '/home/mowmow/workspace/CatchRobo-r08/install/setup.zsh'
