[0.052s] Invoking command in '/home/mowmow/workspace/CatchRobo-r08/build/motor_control': CMAKE_PREFIX_PATH=${CMAKE_PREFIX_PATH}:/opt/ros/humble /usr/bin/cmake --build /home/mowmow/workspace/CatchRobo-r08/build/motor_control -- -j4 -l4
[0.272s] [  1%] Built target motor_control__cpp
[0.286s] [ 11%] Built target motor_control__rosidl_generator_c
[0.341s] [ 11%] Built target ament_cmake_python_copy_motor_control
[0.425s] [ 20%] Built target motor_control__rosidl_typesupport_fastrtps_cpp
[0.445s] [ 30%] Built target motor_control__rosidl_typesupport_cpp
[0.461s] [ 39%] Built target motor_control__rosidl_typesupport_introspection_cpp
[0.503s] [ 49%] Built target motor_control__rosidl_typesupport_fastrtps_c
[0.565s] [35m[1mConsolidate compiler generated dependencies of target communication_node[0m
[0.580s] [ 58%] Built target motor_control__rosidl_typesupport_c
[0.599s] [ 68%] Built target motor_control__rosidl_typesupport_introspection_c
[0.773s] [ 71%] Built target communication_node
[0.816s] [ 74%] Built target observe_node
[0.931s] [ 77%] Built target control_node
[0.965s] [ 80%] Built target gpio_node
[0.985s] [ 80%] Built target motor_control
[1.087s] [ 82%] Built target motor_control__py
[1.224s] [ 90%] Built target motor_control__rosidl_generator_py
[1.400s] [ 96%] Built target motor_control__rosidl_typesupport_fastrtps_c__pyext
[1.402s] [ 96%] Built target motor_control__rosidl_typesupport_introspection_c__pyext
[1.425s] [100%] Built target motor_control__rosidl_typesupport_c__pyext
[2.084s] running egg_info
[2.088s] writing motor_control.egg-info/PKG-INFO
[2.090s] writing dependency_links to motor_control.egg-info/dependency_links.txt
[2.091s] writing top-level names to motor_control.egg-info/top_level.txt
[2.103s] reading manifest file 'motor_control.egg-info/SOURCES.txt'
[2.106s] writing manifest file 'motor_control.egg-info/SOURCES.txt'
[2.248s] [100%] Built target ament_cmake_python_build_motor_control_egg
[2.297s] Invoked command in '/home/mowmow/workspace/CatchRobo-r08/build/motor_control' returned '0': CMAKE_PREFIX_PATH=${CMAKE_PREFIX_PATH}:/opt/ros/humble /usr/bin/cmake --build /home/mowmow/workspace/CatchRobo-r08/build/motor_control -- -j4 -l4
[2.340s] Invoking command in '/home/mowmow/workspace/CatchRobo-r08/build/motor_control': CMAKE_PREFIX_PATH=${CMAKE_PREFIX_PATH}:/opt/ros/humble /usr/bin/cmake --install /home/mowmow/workspace/CatchRobo-r08/build/motor_control
[2.369s] -- Install configuration: ""
[2.369s] -- Up-to-date: /home/mowmow/workspace/CatchRobo-r08/install/motor_control/share/ament_index/resource_index/rosidl_interfaces/motor_control
[2.371s] -- Up-to-date: /home/mowmow/workspace/CatchRobo-r08/install/motor_control/include/motor_control/motor_control
[2.371s] -- Up-to-date: /home/mowmow/workspace/CatchRobo-r08/install/motor_control/include/motor_control/motor_control/msg
[2.372s] -- Up-to-date: /home/mowmow/workspace/CatchRobo-r08/install/motor_control/include/motor_control/motor_control/msg/gpio_cmd.h
[2.373s] -- Up-to-date: /home/mowmow/workspace/CatchRobo-r08/install/motor_control/include/motor_control/motor_control/msg/return_at.h
[2.374s] -- Up-to-date: /home/mowmow/workspace/CatchRobo-r08/install/motor_control/include/motor_control/motor_control/msg/send_array.h
[2.376s] -- Up-to-date: /home/mowmow/workspace/CatchRobo-r08/install/motor_control/include/motor_control/motor_control/msg/send_at.h
[2.377s] -- Up-to-date: /home/mowmow/workspace/CatchRobo-r08/install/motor_control/include/motor_control/motor_control/msg/rosidl_generator_c__visibility_control.h
[2.378s] -- Up-to-date: /home/mowmow/workspace/CatchRobo-r08/install/motor_control/include/motor_control/motor_control/msg/detail
[2.379s] -- Up-to-date: /home/mowmow/workspace/CatchRobo-r08/install/motor_control/include/motor_control/motor_control/msg/detail/return_at__functions.c
[2.380s] -- Up-to-date: /home/mowmow/workspace/CatchRobo-r08/install/motor_control/include/motor_control/motor_control/msg/detail/gpio_cmd__functions.c
[2.380s] -- Up-to-date: /home/mowmow/workspace/CatchRobo-r08/install/motor_control/include/motor_control/motor_control/msg/detail/return_at__struct.h
[2.381s] -- Up-to-date: /home/mowmow/workspace/CatchRobo-r08/install/motor_control/include/motor_control/motor_control/msg/detail/send_at__type_support.h
[2.382s] -- Up-to-date: /home/mowmow/workspace/CatchRobo-r08/install/motor_control/include/motor_control/motor_control/msg/detail/send_at__functions.c
[2.383s] -- Up-to-date: /home/mowmow/workspace/CatchRobo-r08/install/motor_control/include/motor_control/motor_control/msg/detail/send_array__functions.h
[2.384s] -- Up-to-date: /home/mowmow/workspace/CatchRobo-r08/install/motor_control/include/motor_control/motor_control/msg/detail/gpio_cmd__struct.h
[2.385s] -- Up-to-date: /home/mowmow/workspace/CatchRobo-r08/install/motor_control/include/motor_control/motor_control/msg/detail/gpio_cmd__functions.h
[2.386s] -- Up-to-date: /home/mowmow/workspace/CatchRobo-r08/install/motor_control/include/motor_control/motor_control/msg/detail/send_array__type_support.h
[2.386s] -- Up-to-date: /home/mowmow/workspace/CatchRobo-r08/install/motor_control/include/motor_control/motor_control/msg/detail/send_array__functions.c
[2.387s] -- Up-to-date: /home/mowmow/workspace/CatchRobo-r08/install/motor_control/include/motor_control/motor_control/msg/detail/send_at__struct.h
[2.389s] -- Up-to-date: /home/mowmow/workspace/CatchRobo-r08/install/motor_control/include/motor_control/motor_control/msg/detail/send_array__struct.h
[2.393s] -- Up-to-date: /home/mowmow/workspace/CatchRobo-r08/install/motor_control/include/motor_control/motor_control/msg/detail/gpio_cmd__type_support.h
[2.394s] -- Up-to-date: /home/mowmow/workspace/CatchRobo-r08/install/motor_control/include/motor_control/motor_control/msg/detail/return_at__type_support.h
[2.395s] -- Up-to-date: /home/mowmow/workspace/CatchRobo-r08/install/motor_control/include/motor_control/motor_control/msg/detail/return_at__functions.h
[2.395s] -- Up-to-date: /home/mowmow/workspace/CatchRobo-r08/install/motor_control/include/motor_control/motor_control/msg/detail/send_at__functions.h
[2.396s] -- Up-to-date: /home/mowmow/workspace/CatchRobo-r08/install/motor_control/share/motor_control/environment/library_path.sh
[2.397s] -- Up-to-date: /home/mowmow/workspace/CatchRobo-r08/install/motor_control/share/motor_control/environment/library_path.dsv
[2.397s] -- Up-to-date: /home/mowmow/workspace/CatchRobo-r08/install/motor_control/lib/libmotor_control__rosidl_generator_c.so
[2.398s] -- Up-to-date: /home/mowmow/workspace/CatchRobo-r08/install/motor_control/include/motor_control/motor_control
[2.400s] -- Up-to-date: /home/mowmow/workspace/CatchRobo-r08/install/motor_control/include/motor_control/motor_control/msg
[2.401s] -- Up-to-date: /home/mowmow/workspace/CatchRobo-r08/install/motor_control/include/motor_control/motor_control/msg/rosidl_typesupport_fastrtps_c__visibility_control.h
[2.402s] -- Up-to-date: /home/mowmow/workspace/CatchRobo-r08/install/motor_control/include/motor_control/motor_control/msg/detail
[2.403s] -- Up-to-date: /home/mowmow/workspace/CatchRobo-r08/install/motor_control/include/motor_control/motor_control/msg/detail/send_array__rosidl_typesupport_fastrtps_c.h
[2.404s] -- Up-to-date: /home/mowmow/workspace/CatchRobo-r08/install/motor_control/include/motor_control/motor_control/msg/detail/gpio_cmd__rosidl_typesupport_fastrtps_c.h
[2.405s] -- Up-to-date: /home/mowmow/workspace/CatchRobo-r08/install/motor_control/include/motor_control/motor_control/msg/detail/send_at__rosidl_typesupport_fastrtps_c.h
[2.407s] -- Up-to-date: /home/mowmow/workspace/CatchRobo-r08/install/motor_control/include/motor_control/motor_control/msg/detail/return_at__rosidl_typesupport_fastrtps_c.h
[2.408s] -- Up-to-date: /home/mowmow/workspace/CatchRobo-r08/install/motor_control/lib/libmotor_control__rosidl_typesupport_fastrtps_c.so
[2.408s] -- Up-to-date: /home/mowmow/workspace/CatchRobo-r08/install/motor_control/include/motor_control/motor_control
[2.409s] -- Up-to-date: /home/mowmow/workspace/CatchRobo-r08/install/motor_control/include/motor_control/motor_control/msg
[2.410s] -- Up-to-date: /home/mowmow/workspace/CatchRobo-r08/install/motor_control/include/motor_control/motor_control/msg/detail
[2.412s] -- Up-to-date: /home/mowmow/workspace/CatchRobo-r08/install/motor_control/include/motor_control/motor_control/msg/detail/gpio_cmd__type_support.c
[2.414s] -- Up-to-date: /home/mowmow/workspace/CatchRobo-r08/install/motor_control/include/motor_control/motor_control/msg/detail/send_at__type_support.c
[2.415s] -- Up-to-date: /home/mowmow/workspace/CatchRobo-r08/install/motor_control/include/motor_control/motor_control/msg/detail/send_at__rosidl_typesupport_introspection_c.h
[2.416s] -- Up-to-date: /home/mowmow/workspace/CatchRobo-r08/install/motor_control/include/motor_control/motor_control/msg/detail/send_array__type_support.c
[2.417s] -- Up-to-date: /home/mowmow/workspace/CatchRobo-r08/install/motor_control/include/motor_control/motor_control/msg/detail/return_at__rosidl_typesupport_introspection_c.h
[2.420s] -- Up-to-date: /home/mowmow/workspace/CatchRobo-r08/install/motor_control/include/motor_control/motor_control/msg/detail/gpio_cmd__rosidl_typesupport_introspection_c.h
[2.422s] -- Up-to-date: /home/mowmow/workspace/CatchRobo-r08/install/motor_control/include/motor_control/motor_control/msg/detail/return_at__type_support.c
[2.423s] -- Up-to-date: /home/mowmow/workspace/CatchRobo-r08/install/motor_control/include/motor_control/motor_control/msg/detail/send_array__rosidl_typesupport_introspection_c.h
[2.424s] -- Up-to-date: /home/mowmow/workspace/CatchRobo-r08/install/motor_control/include/motor_control/motor_control/msg/rosidl_typesupport_introspection_c__visibility_control.h
[2.425s] -- Up-to-date: /home/mowmow/workspace/CatchRobo-r08/install/motor_control/lib/libmotor_control__rosidl_typesupport_introspection_c.so
[2.426s] -- Up-to-date: /home/mowmow/workspace/CatchRobo-r08/install/motor_control/lib/libmotor_control__rosidl_typesupport_c.so
[2.426s] -- Up-to-date: /home/mowmow/workspace/CatchRobo-r08/install/motor_control/include/motor_control/motor_control
[2.427s] -- Up-to-date: /home/mowmow/workspace/CatchRobo-r08/install/motor_control/include/motor_control/motor_control/msg
[2.428s] -- Up-to-date: /home/mowmow/workspace/CatchRobo-r08/install/motor_control/include/motor_control/motor_control/msg/return_at.hpp
[2.429s] -- Up-to-date: /home/mowmow/workspace/CatchRobo-r08/install/motor_control/include/motor_control/motor_control/msg/send_at.hpp
[2.430s] -- Up-to-date: /home/mowmow/workspace/CatchRobo-r08/install/motor_control/include/motor_control/motor_control/msg/send_array.hpp
[2.430s] -- Up-to-date: /home/mowmow/workspace/CatchRobo-r08/install/motor_control/include/motor_control/motor_control/msg/detail
[2.431s] -- Up-to-date: /home/mowmow/workspace/CatchRobo-r08/install/motor_control/include/motor_control/motor_control/msg/detail/gpio_cmd__builder.hpp
[2.432s] -- Up-to-date: /home/mowmow/workspace/CatchRobo-r08/install/motor_control/include/motor_control/motor_control/msg/detail/gpio_cmd__traits.hpp
[2.432s] -- Up-to-date: /home/mowmow/workspace/CatchRobo-r08/install/motor_control/include/motor_control/motor_control/msg/detail/return_at__type_support.hpp
[2.435s] -- Up-to-date: /home/mowmow/workspace/CatchRobo-r08/install/motor_control/include/motor_control/motor_control/msg/detail/send_array__type_support.hpp
[2.444s] -- Up-to-date: /home/mowmow/workspace/CatchRobo-r08/install/motor_control/include/motor_control/motor_control/msg/detail/return_at__struct.hpp
[2.444s] -- Up-to-date: /home/mowmow/workspace/CatchRobo-r08/install/motor_control/include/motor_control/motor_control/msg/detail/send_at__traits.hpp
[2.445s] -- Up-to-date: /home/mowmow/workspace/CatchRobo-r08/install/motor_control/include/motor_control/motor_control/msg/detail/return_at__builder.hpp
[2.445s] -- Up-to-date: /home/mowmow/workspace/CatchRobo-r08/install/motor_control/include/motor_control/motor_control/msg/detail/send_array__traits.hpp
[2.446s] -- Up-to-date: /home/mowmow/workspace/CatchRobo-r08/install/motor_control/include/motor_control/motor_control/msg/detail/send_at__builder.hpp
[2.446s] -- Up-to-date: /home/mowmow/workspace/CatchRobo-r08/install/motor_control/include/motor_control/motor_control/msg/detail/return_at__traits.hpp
[2.447s] -- Up-to-date: /home/mowmow/workspace/CatchRobo-r08/install/motor_control/include/motor_control/motor_control/msg/detail/send_at__struct.hpp
[2.448s] -- Up-to-date: /home/mowmow/workspace/CatchRobo-r08/install/motor_control/include/motor_control/motor_control/msg/detail/send_at__type_support.hpp
[2.448s] -- Up-to-date: /home/mowmow/workspace/CatchRobo-r08/install/motor_control/include/motor_control/motor_control/msg/detail/send_array__builder.hpp
[2.449s] -- Up-to-date: /home/mowmow/workspace/CatchRobo-r08/install/motor_control/include/motor_control/motor_control/msg/detail/gpio_cmd__struct.hpp
[2.449s] -- Up-to-date: /home/mowmow/workspace/CatchRobo-r08/install/motor_control/include/motor_control/motor_control/msg/detail/send_array__struct.hpp
[2.450s] -- Up-to-date: /home/mowmow/workspace/CatchRobo-r08/install/motor_control/include/motor_control/motor_control/msg/detail/gpio_cmd__type_support.hpp
[2.451s] -- Up-to-date: /home/mowmow/workspace/CatchRobo-r08/install/motor_control/include/motor_control/motor_control/msg/rosidl_generator_cpp__visibility_control.hpp
[2.451s] -- Up-to-date: /home/mowmow/workspace/CatchRobo-r08/install/motor_control/include/motor_control/motor_control/msg/gpio_cmd.hpp
[2.452s] -- Up-to-date: /home/mowmow/workspace/CatchRobo-r08/install/motor_control/include/motor_control/motor_control
[2.452s] -- Up-to-date: /home/mowmow/workspace/CatchRobo-r08/install/motor_control/include/motor_control/motor_control/msg
[2.453s] -- Up-to-date: /home/mowmow/workspace/CatchRobo-r08/install/motor_control/include/motor_control/motor_control/msg/rosidl_typesupport_fastrtps_cpp__visibility_control.h
[2.454s] -- Up-to-date: /home/mowmow/workspace/CatchRobo-r08/install/motor_control/include/motor_control/motor_control/msg/detail
[2.454s] -- Up-to-date: /home/mowmow/workspace/CatchRobo-r08/install/motor_control/include/motor_control/motor_control/msg/detail/gpio_cmd__rosidl_typesupport_fastrtps_cpp.hpp
[2.455s] -- Up-to-date: /home/mowmow/workspace/CatchRobo-r08/install/motor_control/include/motor_control/motor_control/msg/detail/dds_fastrtps
[2.456s] -- Up-to-date: /home/mowmow/workspace/CatchRobo-r08/install/motor_control/include/motor_control/motor_control/msg/detail/return_at__rosidl_typesupport_fastrtps_cpp.hpp
[2.456s] -- Up-to-date: /home/mowmow/workspace/CatchRobo-r08/install/motor_control/include/motor_control/motor_control/msg/detail/send_array__rosidl_typesupport_fastrtps_cpp.hpp
[2.456s] -- Up-to-date: /home/mowmow/workspace/CatchRobo-r08/install/motor_control/include/motor_control/motor_control/msg/detail/send_at__rosidl_typesupport_fastrtps_cpp.hpp
[2.457s] -- Up-to-date: /home/mowmow/workspace/CatchRobo-r08/install/motor_control/lib/libmotor_control__rosidl_typesupport_fastrtps_cpp.so
[2.458s] -- Up-to-date: /home/mowmow/workspace/CatchRobo-r08/install/motor_control/include/motor_control/motor_control
[2.458s] -- Up-to-date: /home/mowmow/workspace/CatchRobo-r08/install/motor_control/include/motor_control/motor_control/msg
[2.459s] -- Up-to-date: /home/mowmow/workspace/CatchRobo-r08/install/motor_control/include/motor_control/motor_control/msg/detail
[2.459s] -- Up-to-date: /home/mowmow/workspace/CatchRobo-r08/install/motor_control/include/motor_control/motor_control/msg/detail/gpio_cmd__type_support.cpp
[2.460s] -- Up-to-date: /home/mowmow/workspace/CatchRobo-r08/install/motor_control/include/motor_control/motor_control/msg/detail/return_at__rosidl_typesupport_introspection_cpp.hpp
[2.461s] -- Up-to-date: /home/mowmow/workspace/CatchRobo-r08/install/motor_control/include/motor_control/motor_control/msg/detail/send_at__rosidl_typesupport_introspection_cpp.hpp
[2.461s] -- Up-to-date: /home/mowmow/workspace/CatchRobo-r08/install/motor_control/include/motor_control/motor_control/msg/detail/send_array__rosidl_typesupport_introspection_cpp.hpp
[2.462s] -- Up-to-date: /home/mowmow/workspace/CatchRobo-r08/install/motor_control/include/motor_control/motor_control/msg/detail/return_at__type_support.cpp
[2.462s] -- Up-to-date: /home/mowmow/workspace/CatchRobo-r08/install/motor_control/include/motor_control/motor_control/msg/detail/send_at__type_support.cpp
[2.463s] -- Up-to-date: /home/mowmow/workspace/CatchRobo-r08/install/motor_control/include/motor_control/motor_control/msg/detail/gpio_cmd__rosidl_typesupport_introspection_cpp.hpp
[2.464s] -- Up-to-date: /home/mowmow/workspace/CatchRobo-r08/install/motor_control/include/motor_control/motor_control/msg/detail/send_array__type_support.cpp
[2.464s] -- Up-to-date: /home/mowmow/workspace/CatchRobo-r08/install/motor_control/lib/libmotor_control__rosidl_typesupport_introspection_cpp.so
[2.465s] -- Up-to-date: /home/mowmow/workspace/CatchRobo-r08/install/motor_control/lib/libmotor_control__rosidl_typesupport_cpp.so
[2.465s] -- Up-to-date: /home/mowmow/workspace/CatchRobo-r08/install/motor_control/share/motor_control/environment/pythonpath.sh
[2.466s] -- Up-to-date: /home/mowmow/workspace/CatchRobo-r08/install/motor_control/share/motor_control/environment/pythonpath.dsv
[2.467s] -- Up-to-date: /home/mowmow/workspace/CatchRobo-r08/install/motor_control/local/lib/python3.10/dist-packages/motor_control-0.0.1-py3.10.egg-info
[2.467s] -- Installing: /home/mowmow/workspace/CatchRobo-r08/install/motor_control/local/lib/python3.10/dist-packages/motor_control-0.0.1-py3.10.egg-info/PKG-INFO
[2.468s] -- Installing: /home/mowmow/workspace/CatchRobo-r08/install/motor_control/local/lib/python3.10/dist-packages/motor_control-0.0.1-py3.10.egg-info/top_level.txt
[2.468s] -- Installing: /home/mowmow/workspace/CatchRobo-r08/install/motor_control/local/lib/python3.10/dist-packages/motor_control-0.0.1-py3.10.egg-info/SOURCES.txt
[2.469s] -- Installing: /home/mowmow/workspace/CatchRobo-r08/install/motor_control/local/lib/python3.10/dist-packages/motor_control-0.0.1-py3.10.egg-info/dependency_links.txt
[2.470s] -- Up-to-date: /home/mowmow/workspace/CatchRobo-r08/install/motor_control/local/lib/python3.10/dist-packages/motor_control
[2.471s] -- Up-to-date: /home/mowmow/workspace/CatchRobo-r08/install/motor_control/local/lib/python3.10/dist-packages/motor_control/_motor_control_s.ep.rosidl_typesupport_c.c
[2.471s] -- Up-to-date: /home/mowmow/workspace/CatchRobo-r08/install/motor_control/local/lib/python3.10/dist-packages/motor_control/_motor_control_s.ep.rosidl_typesupport_introspection_c.c
[2.473s] -- Up-to-date: /home/mowmow/workspace/CatchRobo-r08/install/motor_control/local/lib/python3.10/dist-packages/motor_control/libmotor_control__rosidl_generator_py.so
[2.473s] -- Up-to-date: /home/mowmow/workspace/CatchRobo-r08/install/motor_control/local/lib/python3.10/dist-packages/motor_control/__init__.py
[2.474s] -- Up-to-date: /home/mowmow/workspace/CatchRobo-r08/install/motor_control/local/lib/python3.10/dist-packages/motor_control/motor_control_s__rosidl_typesupport_c.cpython-310-aarch64-linux-gnu.so
[2.475s] -- Up-to-date: /home/mowmow/workspace/CatchRobo-r08/install/motor_control/local/lib/python3.10/dist-packages/motor_control/motor_control_s__rosidl_typesupport_introspection_c.cpython-310-aarch64-linux-gnu.so
[2.476s] -- Up-to-date: /home/mowmow/workspace/CatchRobo-r08/install/motor_control/local/lib/python3.10/dist-packages/motor_control/msg
[2.476s] -- Up-to-date: /home/mowmow/workspace/CatchRobo-r08/install/motor_control/local/lib/python3.10/dist-packages/motor_control/msg/_return_at_s.c
[2.477s] -- Up-to-date: /home/mowmow/workspace/CatchRobo-r08/install/motor_control/local/lib/python3.10/dist-packages/motor_control/msg/_send_array_s.c
[2.477s] -- Up-to-date: /home/mowmow/workspace/CatchRobo-r08/install/motor_control/local/lib/python3.10/dist-packages/motor_control/msg/__init__.py
[2.478s] -- Up-to-date: /home/mowmow/workspace/CatchRobo-r08/install/motor_control/local/lib/python3.10/dist-packages/motor_control/msg/_send_array.py
[2.479s] -- Up-to-date: /home/mowmow/workspace/CatchRobo-r08/install/motor_control/local/lib/python3.10/dist-packages/motor_control/msg/_send_at_s.c
[2.479s] -- Up-to-date: /home/mowmow/workspace/CatchRobo-r08/install/motor_control/local/lib/python3.10/dist-packages/motor_control/msg/_gpio_cmd.py
[2.480s] -- Up-to-date: /home/mowmow/workspace/CatchRobo-r08/install/motor_control/local/lib/python3.10/dist-packages/motor_control/msg/_gpio_cmd_s.c
[2.481s] -- Up-to-date: /home/mowmow/workspace/CatchRobo-r08/install/motor_control/local/lib/python3.10/dist-packages/motor_control/msg/_return_at.py
[2.481s] -- Up-to-date: /home/mowmow/workspace/CatchRobo-r08/install/motor_control/local/lib/python3.10/dist-packages/motor_control/msg/_send_at.py
[2.482s] -- Up-to-date: /home/mowmow/workspace/CatchRobo-r08/install/motor_control/local/lib/python3.10/dist-packages/motor_control/motor_control_s__rosidl_typesupport_fastrtps_c.cpython-310-aarch64-linux-gnu.so
[2.482s] -- Up-to-date: /home/mowmow/workspace/CatchRobo-r08/install/motor_control/local/lib/python3.10/dist-packages/motor_control/_motor_control_s.ep.rosidl_typesupport_fastrtps_c.c
[2.666s] Listing '/home/mowmow/workspace/CatchRobo-r08/install/motor_control/local/lib/python3.10/dist-packages/motor_control'...
[2.666s] Listing '/home/mowmow/workspace/CatchRobo-r08/install/motor_control/local/lib/python3.10/dist-packages/motor_control/msg'...
[2.702s] -- Up-to-date: /home/mowmow/workspace/CatchRobo-r08/install/motor_control/local/lib/python3.10/dist-packages/motor_control/motor_control_s__rosidl_typesupport_fastrtps_c.cpython-310-aarch64-linux-gnu.so
[2.707s] -- Up-to-date: /home/mowmow/workspace/CatchRobo-r08/install/motor_control/local/lib/python3.10/dist-packages/motor_control/motor_control_s__rosidl_typesupport_introspection_c.cpython-310-aarch64-linux-gnu.so
[2.709s] -- Up-to-date: /home/mowmow/workspace/CatchRobo-r08/install/motor_control/local/lib/python3.10/dist-packages/motor_control/motor_control_s__rosidl_typesupport_c.cpython-310-aarch64-linux-gnu.so
[2.712s] -- Up-to-date: /home/mowmow/workspace/CatchRobo-r08/install/motor_control/lib/libmotor_control__rosidl_generator_py.so
[2.716s] -- Up-to-date: /home/mowmow/workspace/CatchRobo-r08/install/motor_control/share/motor_control/msg/ReturnAt.idl
[2.721s] -- Up-to-date: /home/mowmow/workspace/CatchRobo-r08/install/motor_control/share/motor_control/msg/SendAt.idl
[2.725s] -- Up-to-date: /home/mowmow/workspace/CatchRobo-r08/install/motor_control/share/motor_control/msg/SendArray.idl
[2.726s] -- Up-to-date: /home/mowmow/workspace/CatchRobo-r08/install/motor_control/share/motor_control/msg/GpioCmd.idl
[2.726s] -- Up-to-date: /home/mowmow/workspace/CatchRobo-r08/install/motor_control/share/motor_control/msg/ReturnAt.msg
[2.730s] -- Up-to-date: /home/mowmow/workspace/CatchRobo-r08/install/motor_control/share/motor_control/msg/SendAt.msg
[2.733s] -- Up-to-date: /home/mowmow/workspace/CatchRobo-r08/install/motor_control/share/motor_control/msg/SendArray.msg
[2.734s] -- Up-to-date: /home/mowmow/workspace/CatchRobo-r08/install/motor_control/share/motor_control/msg/GpioCmd.msg
[2.742s] -- Up-to-date: /home/mowmow/workspace/CatchRobo-r08/install/motor_control/lib/motor_control/communication_node
[2.743s] -- Up-to-date: /home/mowmow/workspace/CatchRobo-r08/install/motor_control/lib/motor_control/control_node
[2.748s] -- Up-to-date: /home/mowmow/workspace/CatchRobo-r08/install/motor_control/lib/motor_control/observe_node
[2.749s] -- Up-to-date: /home/mowmow/workspace/CatchRobo-r08/install/motor_control/lib/motor_control/gpio_node
[2.752s] -- Up-to-date: /home/mowmow/workspace/CatchRobo-r08/install/motor_control/include
[2.755s] -- Up-to-date: /home/mowmow/workspace/CatchRobo-r08/install/motor_control/include/motor_control
[2.757s] -- Up-to-date: /home/mowmow/workspace/CatchRobo-r08/install/motor_control/include/motor_control/transform.hpp
[2.758s] -- Up-to-date: /home/mowmow/workspace/CatchRobo-r08/install/motor_control/include/motor_control/serial_utils.hpp
[2.764s] -- Up-to-date: /home/mowmow/workspace/CatchRobo-r08/install/motor_control/share/motor_control/launch
[2.765s] -- Up-to-date: /home/mowmow/workspace/CatchRobo-r08/install/motor_control/share/motor_control/launch/bringup.launch.py
[2.767s] -- Up-to-date: /home/mowmow/workspace/CatchRobo-r08/install/motor_control/share/motor_control/config
[2.768s] -- Up-to-date: /home/mowmow/workspace/CatchRobo-r08/install/motor_control/share/motor_control/config/gpio.yaml
[2.769s] -- Installing: /home/mowmow/workspace/CatchRobo-r08/install/motor_control/share/motor_control/config/program.csv
[2.770s] -- Up-to-date: /home/mowmow/workspace/CatchRobo-r08/install/motor_control/share/ament_index/resource_index/package_run_dependencies/motor_control
[2.773s] -- Up-to-date: /home/mowmow/workspace/CatchRobo-r08/install/motor_control/share/ament_index/resource_index/parent_prefix_path/motor_control
[2.775s] -- Up-to-date: /home/mowmow/workspace/CatchRobo-r08/install/motor_control/share/motor_control/environment/ament_prefix_path.sh
[2.778s] -- Up-to-date: /home/mowmow/workspace/CatchRobo-r08/install/motor_control/share/motor_control/environment/ament_prefix_path.dsv
[2.779s] -- Up-to-date: /home/mowmow/workspace/CatchRobo-r08/install/motor_control/share/motor_control/environment/path.sh
[2.781s] -- Up-to-date: /home/mowmow/workspace/CatchRobo-r08/install/motor_control/share/motor_control/environment/path.dsv
[2.783s] -- Up-to-date: /home/mowmow/workspace/CatchRobo-r08/install/motor_control/share/motor_control/local_setup.bash
[2.784s] -- Up-to-date: /home/mowmow/workspace/CatchRobo-r08/install/motor_control/share/motor_control/local_setup.sh
[2.800s] -- Up-to-date: /home/mowmow/workspace/CatchRobo-r08/install/motor_control/share/motor_control/local_setup.zsh
[2.800s] -- Up-to-date: /home/mowmow/workspace/CatchRobo-r08/install/motor_control/share/motor_control/local_setup.dsv
[2.801s] -- Installing: /home/mowmow/workspace/CatchRobo-r08/install/motor_control/share/motor_control/package.dsv
[2.801s] -- Up-to-date: /home/mowmow/workspace/CatchRobo-r08/install/motor_control/share/ament_index/resource_index/packages/motor_control
[2.801s] -- Up-to-date: /home/mowmow/workspace/CatchRobo-r08/install/motor_control/share/motor_control/cmake/export_motor_control__rosidl_generator_cExport.cmake
[2.805s] -- Up-to-date: /home/mowmow/workspace/CatchRobo-r08/install/motor_control/share/motor_control/cmake/export_motor_control__rosidl_generator_cExport-noconfig.cmake
[2.806s] -- Up-to-date: /home/mowmow/workspace/CatchRobo-r08/install/motor_control/share/motor_control/cmake/export_motor_control__rosidl_typesupport_fastrtps_cExport.cmake
[2.807s] -- Up-to-date: /home/mowmow/workspace/CatchRobo-r08/install/motor_control/share/motor_control/cmake/export_motor_control__rosidl_typesupport_fastrtps_cExport-noconfig.cmake
[2.808s] -- Up-to-date: /home/mowmow/workspace/CatchRobo-r08/install/motor_control/share/motor_control/cmake/motor_control__rosidl_typesupport_introspection_cExport.cmake
[2.808s] -- Up-to-date: /home/mowmow/workspace/CatchRobo-r08/install/motor_control/share/motor_control/cmake/motor_control__rosidl_typesupport_introspection_cExport-noconfig.cmake
[2.809s] -- Up-to-date: /home/mowmow/workspace/CatchRobo-r08/install/motor_control/share/motor_control/cmake/motor_control__rosidl_typesupport_cExport.cmake
[2.810s] -- Up-to-date: /home/mowmow/workspace/CatchRobo-r08/install/motor_control/share/motor_control/cmake/motor_control__rosidl_typesupport_cExport-noconfig.cmake
[2.810s] -- Up-to-date: /home/mowmow/workspace/CatchRobo-r08/install/motor_control/share/motor_control/cmake/export_motor_control__rosidl_generator_cppExport.cmake
[2.811s] -- Up-to-date: /home/mowmow/workspace/CatchRobo-r08/install/motor_control/share/motor_control/cmake/export_motor_control__rosidl_typesupport_fastrtps_cppExport.cmake
[2.816s] -- Up-to-date: /home/mowmow/workspace/CatchRobo-r08/install/motor_control/share/motor_control/cmake/export_motor_control__rosidl_typesupport_fastrtps_cppExport-noconfig.cmake
[2.820s] -- Up-to-date: /home/mowmow/workspace/CatchRobo-r08/install/motor_control/share/motor_control/cmake/motor_control__rosidl_typesupport_introspection_cppExport.cmake
[2.820s] -- Up-to-date: /home/mowmow/workspace/CatchRobo-r08/install/motor_control/share/motor_control/cmake/motor_control__rosidl_typesupport_introspection_cppExport-noconfig.cmake
[2.821s] -- Up-to-date: /home/mowmow/workspace/CatchRobo-r08/install/motor_control/share/motor_control/cmake/motor_control__rosidl_typesupport_cppExport.cmake
[2.822s] -- Up-to-date: /home/mowmow/workspace/CatchRobo-r08/install/motor_control/share/motor_control/cmake/motor_control__rosidl_typesupport_cppExport-noconfig.cmake
[2.822s] -- Up-to-date: /home/mowmow/workspace/CatchRobo-r08/install/motor_control/share/motor_control/cmake/export_motor_control__rosidl_generator_pyExport.cmake
[2.823s] -- Up-to-date: /home/mowmow/workspace/CatchRobo-r08/install/motor_control/share/motor_control/cmake/export_motor_control__rosidl_generator_pyExport-noconfig.cmake
[2.826s] -- Up-to-date: /home/mowmow/workspace/CatchRobo-r08/install/motor_control/share/motor_control/cmake/rosidl_cmake-extras.cmake
[2.826s] -- Up-to-date: /home/mowmow/workspace/CatchRobo-r08/install/motor_control/share/motor_control/cmake/ament_cmake_export_dependencies-extras.cmake
[2.827s] -- Up-to-date: /home/mowmow/workspace/CatchRobo-r08/install/motor_control/share/motor_control/cmake/ament_cmake_export_include_directories-extras.cmake
[2.828s] -- Up-to-date: /home/mowmow/workspace/CatchRobo-r08/install/motor_control/share/motor_control/cmake/ament_cmake_export_libraries-extras.cmake
[2.828s] -- Up-to-date: /home/mowmow/workspace/CatchRobo-r08/install/motor_control/share/motor_control/cmake/ament_cmake_export_targets-extras.cmake
[2.829s] -- Up-to-date: /home/mowmow/workspace/CatchRobo-r08/install/motor_control/share/motor_control/cmake/rosidl_cmake_export_typesupport_targets-extras.cmake
[2.830s] -- Up-to-date: /home/mowmow/workspace/CatchRobo-r08/install/motor_control/share/motor_control/cmake/rosidl_cmake_export_typesupport_libraries-extras.cmake
[2.830s] -- Up-to-date: /home/mowmow/workspace/CatchRobo-r08/install/motor_control/share/motor_control/cmake/motor_controlConfig.cmake
[2.831s] -- Up-to-date: /home/mowmow/workspace/CatchRobo-r08/install/motor_control/share/motor_control/cmake/motor_controlConfig-version.cmake
[2.832s] -- Up-to-date: /home/mowmow/workspace/CatchRobo-r08/install/motor_control/share/motor_control/package.xml
[2.833s] Invoked command in '/home/mowmow/workspace/CatchRobo-r08/build/motor_control' returned '0': CMAKE_PREFIX_PATH=${CMAKE_PREFIX_PATH}:/opt/ros/humble /usr/bin/cmake --install /home/mowmow/workspace/CatchRobo-r08/build/motor_control
