[  1%] Built target motor_control__cpp
[ 11%] Built target motor_control__rosidl_generator_c
[ 11%] Built target ament_cmake_python_copy_motor_control
[ 20%] Built target motor_control__rosidl_typesupport_cpp
[ 30%] Built target motor_control__rosidl_typesupport_introspection_cpp
[ 39%] Built target motor_control__rosidl_typesupport_fastrtps_cpp
[ 49%] Built target motor_control__rosidl_typesupport_fastrtps_c
[ 58%] Built target motor_control__rosidl_typesupport_c
[ 68%] Built target motor_control__rosidl_typesupport_introspection_c
[ 71%] Built target communication_node
[35m[1mConsolidate compiler generated dependencies of target gpio_node[0m
[ 74%] Built target control_node
[ 77%] Built target observe_node
[ 77%] Built target motor_control
[ 79%] [32mBuilding CXX object CMakeFiles/gpio_node.dir/src/gpio_node.cpp.o[0m
[ 80%] Built target motor_control__py
[ 88%] Built target motor_control__rosidl_generator_py
[ 92%] Built target motor_control__rosidl_typesupport_introspection_c__pyext
[ 95%] Built target motor_control__rosidl_typesupport_fastrtps_c__pyext
[ 98%] Built target motor_control__rosidl_typesupport_c__pyext
running egg_info
writing motor_control.egg-info/PKG-INFO
writing dependency_links to motor_control.egg-info/dependency_links.txt
writing top-level names to motor_control.egg-info/top_level.txt
reading manifest file 'motor_control.egg-info/SOURCES.txt'
writing manifest file 'motor_control.egg-info/SOURCES.txt'
[ 98%] Built target ament_cmake_python_build_motor_control_egg
[01m[K/home/mowmow/workspace/CatchRobo-r08/src/motor_control/src/gpio_node.cpp:[m[K In constructor ‘[01m[KGpioNode::GpioNode()[m[K’:
[01m[K/home/mowmow/workspace/CatchRobo-r08/src/motor_control/src/gpio_node.cpp:13:9:[m[K [01;31m[Kerror: [m[K‘[01m[Kchip_name_[m[K’ was not declared in this scope
   13 |         [01;31m[Kchip_name_[m[K = this->declare_parameter<std::string>("chip_name", "gpiochip0");
      |         [01;31m[K^~~~~~~~~~[m[K
[01m[K/home/mowmow/workspace/CatchRobo-r08/src/motor_control/src/gpio_node.cpp:31:13:[m[K [01;31m[Kerror: [m[Kexpected ‘[01m[K;[m[K’ before ‘[01m[Kline_outs[m[K’
   31 |             [01;31m[Kline_outs[m[K.push_back(line_out);
      |             [01;31m[K^~~~~~~~~[m[K
[01m[K/home/mowmow/workspace/CatchRobo-r08/src/motor_control/src/gpio_node.cpp:38:13:[m[K [01;31m[Kerror: [m[Kexpected ‘[01m[K;[m[K’ before ‘[01m[Kline_ins[m[K’
   38 |             [01;31m[Kline_ins[m[K.push_back(line_in);
      |             [01;31m[K^~~~~~~~[m[K
[01m[K/home/mowmow/workspace/CatchRobo-r08/src/motor_control/src/gpio_node.cpp:43:75:[m[K [01;31m[Kerror: [m[Kno match for ‘[01m[Koperator=[m[K’ (operand types are ‘[01m[Krclcpp::Subscription<motor_control::msg::GpioCmd_<std::allocator<void> > >::SharedPtr[m[K’ {aka ‘[01m[Kstd::shared_ptr<rclcpp::Subscription<motor_control::msg::GpioCmd_<std::allocator<void> > > >[m[K’} and ‘[01m[Kstd::shared_ptr<rclcpp::Subscription<std_msgs::msg::Bool_<std::allocator<void> > > >[m[K’)
   43 |             std::bind(&GpioNode::full_toggle, this, std::placeholders::_1)[01;31m[K)[m[K;
      |                                                                           [01;31m[K^[m[K
In file included from [01m[K/usr/include/c++/11/memory:77[m[K,
                 from [01m[K/opt/ros/humble/include/rclcpp/rclcpp/rclcpp.hpp:153[m[K,
                 from [01m[K/home/mowmow/workspace/CatchRobo-r08/src/motor_control/src/gpio_node.cpp:1[m[K:
[01m[K/usr/include/c++/11/bits/shared_ptr.h:363:9:[m[K [01;36m[Knote: [m[Kcandidate: ‘[01m[Ktemplate<class _Yp> std::shared_ptr<_Tp>::_Assignable<const std::shared_ptr<_Yp>&> std::shared_ptr<_Tp>::operator=(const std::shared_ptr<_Yp>&) [with _Yp = _Yp; _Tp = rclcpp::Subscription<motor_control::msg::GpioCmd_<std::allocator<void> > >][m[K’
  363 |         [01;36m[Koperator[m[K=(const shared_ptr<_Yp>& __r) noexcept
      |         [01;36m[K^~~~~~~~[m[K
[01m[K/usr/include/c++/11/bits/shared_ptr.h:363:9:[m[K [01;36m[Knote: [m[K  template argument deduction/substitution failed:
/usr/include/c++/11/bits/shared_ptr.h: In substitution of ‘[01m[Ktemplate<class _Tp> template<class _Arg> using _Assignable = typename std::enable_if<std::is_assignable<std::__shared_ptr<_Tp>&, _Arg>::value, std::shared_ptr<_Tp>&>::type [with _Arg = const std::shared_ptr<rclcpp::Subscription<std_msgs::msg::Bool_<std::allocator<void> > > >&; _Tp = rclcpp::Subscription<motor_control::msg::GpioCmd_<std::allocator<void> > >][m[K’:
[01m[K/usr/include/c++/11/bits/shared_ptr.h:363:2:[m[K   required by substitution of ‘[01m[Ktemplate<class _Yp> std::shared_ptr<rclcpp::Subscription<motor_control::msg::GpioCmd_<std::allocator<void> > > >::_Assignable<const std::shared_ptr<_Tp>&> std::shared_ptr<rclcpp::Subscription<motor_control::msg::GpioCmd_<std::allocator<void> > > >::operator=<_Yp>(const std::shared_ptr<_Tp>&) [with _Yp = rclcpp::Subscription<std_msgs::msg::Bool_<std::allocator<void> > >][m[K’
[01m[K/home/mowmow/workspace/CatchRobo-r08/src/motor_control/src/gpio_node.cpp:43:75:[m[K   required from here
[01m[K/usr/include/c++/11/bits/shared_ptr.h:130:15:[m[K [01;31m[Kerror: [m[Kno type named ‘[01m[Ktype[m[K’ in ‘[01m[Kstruct std::enable_if<false, std::shared_ptr<rclcpp::Subscription<motor_control::msg::GpioCmd_<std::allocator<void> > > >&>[m[K’
  130 |         using [01;31m[K_Assignable[m[K = typename enable_if<
      |               [01;31m[K^~~~~~~~~~~[m[K
[01m[K/usr/include/c++/11/bits/shared_ptr.h:374:9:[m[K [01;36m[Knote: [m[Kcandidate: ‘[01m[Ktemplate<class _Yp> std::shared_ptr<_Tp>::_Assignable<std::auto_ptr<_Up> > std::shared_ptr<_Tp>::operator=(std::auto_ptr<_Up>&&) [with _Yp = _Yp; _Tp = rclcpp::Subscription<motor_control::msg::GpioCmd_<std::allocator<void> > >][m[K’
  374 |         [01;36m[Koperator[m[K=(auto_ptr<_Yp>&& __r)
      |         [01;36m[K^~~~~~~~[m[K
[01m[K/usr/include/c++/11/bits/shared_ptr.h:374:9:[m[K [01;36m[Knote: [m[K  template argument deduction/substitution failed:
[01m[K/home/mowmow/workspace/CatchRobo-r08/src/motor_control/src/gpio_node.cpp:43:75:[m[K [01;36m[Knote: [m[K  ‘[01m[Kstd::shared_ptr<rclcpp::Subscription<std_msgs::msg::Bool_<std::allocator<void> > > >[m[K’ is not derived from ‘[01m[Kstd::auto_ptr<_Up>[m[K’
   43 |             std::bind(&GpioNode::full_toggle, this, std::placeholders::_1)[01;36m[K)[m[K;
      |                                                                           [01;36m[K^[m[K
In file included from [01m[K/usr/include/c++/11/memory:77[m[K,
                 from [01m[K/opt/ros/humble/include/rclcpp/rclcpp/rclcpp.hpp:153[m[K,
                 from [01m[K/home/mowmow/workspace/CatchRobo-r08/src/motor_control/src/gpio_node.cpp:1[m[K:
[01m[K/usr/include/c++/11/bits/shared_ptr.h:391:9:[m[K [01;36m[Knote: [m[Kcandidate: ‘[01m[Ktemplate<class _Yp> std::shared_ptr<_Tp>::_Assignable<std::shared_ptr<_Yp> > std::shared_ptr<_Tp>::operator=(std::shared_ptr<_Yp>&&) [with _Yp = _Yp; _Tp = rclcpp::Subscription<motor_control::msg::GpioCmd_<std::allocator<void> > >][m[K’
  391 |         [01;36m[Koperator[m[K=(shared_ptr<_Yp>&& __r) noexcept
      |         [01;36m[K^~~~~~~~[m[K
[01m[K/usr/include/c++/11/bits/shared_ptr.h:391:9:[m[K [01;36m[Knote: [m[K  template argument deduction/substitution failed:
/usr/include/c++/11/bits/shared_ptr.h: In substitution of ‘[01m[Ktemplate<class _Tp> template<class _Arg> using _Assignable = typename std::enable_if<std::is_assignable<std::__shared_ptr<_Tp>&, _Arg>::value, std::shared_ptr<_Tp>&>::type [with _Arg = std::shared_ptr<rclcpp::Subscription<std_msgs::msg::Bool_<std::allocator<void> > > >; _Tp = rclcpp::Subscription<motor_control::msg::GpioCmd_<std::allocator<void> > >][m[K’:
[01m[K/usr/include/c++/11/bits/shared_ptr.h:391:2:[m[K   required by substitution of ‘[01m[Ktemplate<class _Yp> std::shared_ptr<rclcpp::Subscription<motor_control::msg::GpioCmd_<std::allocator<void> > > >::_Assignable<std::shared_ptr<_Tp> > std::shared_ptr<rclcpp::Subscription<motor_control::msg::GpioCmd_<std::allocator<void> > > >::operator=<_Yp>(std::shared_ptr<_Tp>&&) [with _Yp = rclcpp::Subscription<std_msgs::msg::Bool_<std::allocator<void> > >][m[K’
[01m[K/home/mowmow/workspace/CatchRobo-r08/src/motor_control/src/gpio_node.cpp:43:75:[m[K   required from here
[01m[K/usr/include/c++/11/bits/shared_ptr.h:130:15:[m[K [01;31m[Kerror: [m[Kno type named ‘[01m[Ktype[m[K’ in ‘[01m[Kstruct std::enable_if<false, std::shared_ptr<rclcpp::Subscription<motor_control::msg::GpioCmd_<std::allocator<void> > > >&>[m[K’
  130 |         using [01;31m[K_Assignable[m[K = typename enable_if<
      |               [01;31m[K^~~~~~~~~~~[m[K
[01m[K/usr/include/c++/11/bits/shared_ptr.h:399:9:[m[K [01;36m[Knote: [m[Kcandidate: ‘[01m[Ktemplate<class _Yp, class _Del> std::shared_ptr<_Tp>::_Assignable<std::unique_ptr<_Up, _Ep> > std::shared_ptr<_Tp>::operator=(std::unique_ptr<_Up, _Ep>&&) [with _Yp = _Yp; _Del = _Del; _Tp = rclcpp::Subscription<motor_control::msg::GpioCmd_<std::allocator<void> > >][m[K’
  399 |         [01;36m[Koperator[m[K=(unique_ptr<_Yp, _Del>&& __r)
      |         [01;36m[K^~~~~~~~[m[K
[01m[K/usr/include/c++/11/bits/shared_ptr.h:399:9:[m[K [01;36m[Knote: [m[K  template argument deduction/substitution failed:
[01m[K/home/mowmow/workspace/CatchRobo-r08/src/motor_control/src/gpio_node.cpp:43:75:[m[K [01;36m[Knote: [m[K  ‘[01m[Kstd::shared_ptr<rclcpp::Subscription<std_msgs::msg::Bool_<std::allocator<void> > > >[m[K’ is not derived from ‘[01m[Kstd::unique_ptr<_Tp, _Dp>[m[K’
   43 |             std::bind(&GpioNode::full_toggle, this, std::placeholders::_1)[01;36m[K)[m[K;
      |                                                                           [01;36m[K^[m[K
In file included from [01m[K/usr/include/c++/11/memory:77[m[K,
                 from [01m[K/opt/ros/humble/include/rclcpp/rclcpp/rclcpp.hpp:153[m[K,
                 from [01m[K/home/mowmow/workspace/CatchRobo-r08/src/motor_control/src/gpio_node.cpp:1[m[K:
[01m[K/usr/include/c++/11/bits/shared_ptr.h:359:19:[m[K [01;36m[Knote: [m[Kcandidate: ‘[01m[Kstd::shared_ptr<_Tp>& std::shared_ptr<_Tp>::operator=(const std::shared_ptr<_Tp>&) [with _Tp = rclcpp::Subscription<motor_control::msg::GpioCmd_<std::allocator<void> > >][m[K’
  359 |       shared_ptr& [01;36m[Koperator[m[K=(const shared_ptr&) noexcept = default;
      |                   [01;36m[K^~~~~~~~[m[K
[01m[K/usr/include/c++/11/bits/shared_ptr.h:359:29:[m[K [01;36m[Knote: [m[K  no known conversion for argument 1 from ‘[01m[Kstd::shared_ptr<rclcpp::Subscription<std_msgs::msg::Bool_<std::allocator<void> > > >[m[K’ to ‘[01m[Kconst std::shared_ptr<rclcpp::Subscription<motor_control::msg::GpioCmd_<std::allocator<void> > > >&[m[K’
  359 |       shared_ptr& operator=([01;36m[Kconst shared_ptr&[m[K) noexcept = default;
      |                             [01;36m[K^~~~~~~~~~~~~~~~~[m[K
[01m[K/usr/include/c++/11/bits/shared_ptr.h:383:7:[m[K [01;36m[Knote: [m[Kcandidate: ‘[01m[Kstd::shared_ptr<_Tp>& std::shared_ptr<_Tp>::operator=(std::shared_ptr<_Tp>&&) [with _Tp = rclcpp::Subscription<motor_control::msg::GpioCmd_<std::allocator<void> > >][m[K’
  383 |       [01;36m[Koperator[m[K=(shared_ptr&& __r) noexcept
      |       [01;36m[K^~~~~~~~[m[K
[01m[K/usr/include/c++/11/bits/shared_ptr.h:383:30:[m[K [01;36m[Knote: [m[K  no known conversion for argument 1 from ‘[01m[Kstd::shared_ptr<rclcpp::Subscription<std_msgs::msg::Bool_<std::allocator<void> > > >[m[K’ to ‘[01m[Kstd::shared_ptr<rclcpp::Subscription<motor_control::msg::GpioCmd_<std::allocator<void> > > >&&[m[K’
  383 |       operator=([01;36m[Kshared_ptr&& __r[m[K) noexcept
      |                 [01;36m[K~~~~~~~~~~~~~^~~[m[K
[01m[K/home/mowmow/workspace/CatchRobo-r08/src/motor_control/src/gpio_node.cpp:44:9:[m[K [01;31m[Kerror: [m[K‘[01m[Kworker_[m[K’ was not declared in this scope
   44 |         [01;31m[Kworker_[m[K = std::thread(&GpioNode::reader_loop, this);
      |         [01;31m[K^~~~~~~[m[K
[01m[K/home/mowmow/workspace/CatchRobo-r08/src/motor_control/src/gpio_node.cpp:[m[K In member function ‘[01m[Kvoid GpioNode::full_toggle(std_msgs::msg::Bool_<std::allocator<void> >::SharedPtr)[m[K’:
[01m[K/home/mowmow/workspace/CatchRobo-r08/src/motor_control/src/gpio_node.cpp:67:16:[m[K [01;31m[Kerror: [m[Kbase operand of ‘[01m[K->[m[K’ has non-pointer type ‘[01m[Kmotor_control::msg::GpioCmd[m[K’ {aka ‘[01m[Kmotor_control::msg::GpioCmd_<std::allocator<void> >[m[K’}
   67 |             cmd[01;31m[K->[m[Kpin_index = i+1;
      |                [01;31m[K^~[m[K
[01m[K/home/mowmow/workspace/CatchRobo-r08/src/motor_control/src/gpio_node.cpp:68:16:[m[K [01;31m[Kerror: [m[Kbase operand of ‘[01m[K->[m[K’ has non-pointer type ‘[01m[Kmotor_control::msg::GpioCmd[m[K’ {aka ‘[01m[Kmotor_control::msg::GpioCmd_<std::allocator<void> >[m[K’}
   68 |             cmd[01;31m[K->[m[Ktoggle = msg->data;
      |                [01;31m[K^~[m[K
gmake[2]: *** [CMakeFiles/gpio_node.dir/build.make:76: CMakeFiles/gpio_node.dir/src/gpio_node.cpp.o] Error 1
gmake[1]: *** [CMakeFiles/Makefile2:680: CMakeFiles/gpio_node.dir/all] Error 2
gmake: *** [Makefile:146: all] Error 2
